../Core/Src/main.c:129:6:delay	16	static
../Core/Src/main.c:144:5:main	160	static
../Core/Src/main.c:262:6:SystemClock_Config	88	static
../Core/Src/main.c:308:13:MX_ETH_Init	8	static
../Core/Src/main.c:357:13:MX_I2C2_Init	8	static
../Core/Src/main.c:405:13:MX_SPI1_Init	8	static
../Core/Src/main.c:443:13:MX_TIM1_Init	96	static
../Core/Src/main.c:518:13:MX_USART3_UART_Init	8	static
../Core/Src/main.c:551:13:MX_USB_OTG_FS_PCD_Init	8	static
../Core/Src/main.c:584:13:MX_DMA_Init	16	static
../Core/Src/main.c:621:13:MX_GPIO_Init	64	static
../Core/Src/main.c:686:10:decToBcd	16	static
../Core/Src/main.c:692:6:bcdToDec	16	static
../Core/Src/main.c:710:7:Set_Time	48	static
../Core/Src/main.c:725:7:Get_Time	24	static
../Core/Src/main.c:741:6:Start_RTC	24	static
../Core/Src/main.c:767:6:send_uart_dma	16	static
../Core/Src/main.c:775:6:HAL_UART_RxCpltCallback	16	static
../Core/Src/main.c:788:6:HAL_UART_TxCpltCallback	16	static
../Core/Src/main.c:792:6:Start_UART_LED	16	static
../Core/Src/main.c:846:6:send_uart	24	static
../Core/Src/main.c:851:5:bufsize	24	static
../Core/Src/main.c:857:6:bufclear	16	static
../Core/Src/main.c:863:6:Start_DataLogging	16	static
../Core/Src/main.c:887:6:Start_FanControl	24	static
../Core/Src/main.c:911:6:Start_Temp	16	static
../Core/Src/main.c:930:6:HAL_TIM_PeriodElapsedCallback	16	static
../Core/Src/main.c:947:6:Error_Handler	4	static,ignoring_inline_asm
