../Core/Src/main.c:124:6:delay	16	static
../Core/Src/main.c:138:5:main	176	static
../Core/Src/main.c:245:6:SystemClock_Config	88	static
../Core/Src/main.c:292:13:MX_ETH_Init	8	static
../Core/Src/main.c:341:13:MX_I2C2_Init	8	static
../Core/Src/main.c:389:13:MX_SPI1_Init	8	static
../Core/Src/main.c:427:13:MX_TIM1_Init	96	static
../Core/Src/main.c:502:13:MX_TIM3_Init	32	static
../Core/Src/main.c:547:13:MX_USART3_UART_Init	8	static
../Core/Src/main.c:580:13:MX_USB_OTG_FS_PCD_Init	8	static
../Core/Src/main.c:613:13:MX_DMA_Init	16	static
../Core/Src/main.c:650:13:MX_GPIO_Init	64	static
../Core/Src/main.c:733:10:decToBcd	16	static
../Core/Src/main.c:739:6:bcdToDec	16	static
../Core/Src/main.c:757:7:Set_Time	48	static
../Core/Src/main.c:772:7:Get_Time	24	static
../Core/Src/main.c:786:6:Start_RTC	24	static
../Core/Src/main.c:826:6:send_uart_dma	16	static
../Core/Src/main.c:834:6:HAL_UART_RxCpltCallback	16	static
../Core/Src/main.c:847:6:HAL_UART_TxCpltCallback	16	static
../Core/Src/main.c:852:6:Start_UART_LED	16	static
../Core/Src/main.c:903:5:bufsize	24	static
../Core/Src/main.c:909:6:bufclear	16	static
../Core/Src/main.c:915:6:Start_DataLogging	24	static
../Core/Src/main.c:955:6:Start_FanControl	24	static
../Core/Src/main.c:992:6:Start_Temp	32	static
../Core/Src/main.c:1025:6:HAL_TIM_PeriodElapsedCallback	16	static
../Core/Src/main.c:1042:6:Error_Handler	4	static,ignoring_inline_asm
