../Core/Src/stm32f4xx_it.c:57:6:SDTimer_Handler	4	static
../Core/Src/stm32f4xx_it.c:89:6:NMI_Handler	4	static
../Core/Src/stm32f4xx_it.c:104:6:HardFault_Handler	4	static
../Core/Src/stm32f4xx_it.c:119:6:MemManage_Handler	4	static
../Core/Src/stm32f4xx_it.c:134:6:BusFault_Handler	4	static
../Core/Src/stm32f4xx_it.c:149:6:UsageFault_Handler	4	static
../Core/Src/stm32f4xx_it.c:164:6:DebugMon_Handler	4	static
../Core/Src/stm32f4xx_it.c:184:6:DMA1_Stream1_IRQHandler	8	static
../Core/Src/stm32f4xx_it.c:198:6:DMA1_Stream3_IRQHandler	8	static
../Core/Src/stm32f4xx_it.c:212:6:DMA1_Stream4_IRQHandler	8	static
../Core/Src/stm32f4xx_it.c:226:6:TIM2_IRQHandler	8	static
../Core/Src/stm32f4xx_it.c:240:6:USART3_IRQHandler	8	static
../Core/Src/stm32f4xx_it.c:254:6:DMA1_Stream7_IRQHandler	8	static
../Core/Src/stm32f4xx_it.c:268:6:DMA2_Stream0_IRQHandler	8	static
../Core/Src/stm32f4xx_it.c:282:6:DMA2_Stream1_IRQHandler	8	static
../Core/Src/stm32f4xx_it.c:296:6:DMA2_Stream3_IRQHandler	8	static
