../Core/Src/fatfs_sd.c:41:13:SPI_TxByte	16	static
../Core/Src/fatfs_sd.c:29:13:SELECT	0	static
../Core/Src/fatfs_sd.c:35:13:DESELECT	0	static
../Core/Src/fatfs_sd.c:49:16:SPI_RxByte	24	static
../Core/Src/fatfs_sd.c:86:13:SD_PowerOn	24	static
../Core/Src/fatfs_sd.c:68:16:SD_ReadyWait	8	static
../Core/Src/fatfs_sd.c:174:13:SD_TxDataBlock	16	static
../Core/Src/fatfs_sd.c:225:13:SD_SendCmd	16	static
../Core/Src/fatfs_sd.c:142:13:SD_RxDataBlock	16	static
../Core/Src/fatfs_sd.c:271:9:SD_disk_initialize	32	static
../Core/Src/fatfs_sd.c:374:9:SD_disk_status	0	static
../Core/Src/fatfs_sd.c:383:9:SD_disk_read	16	static
../Core/Src/fatfs_sd.c:427:9:SD_disk_write	24	static
../Core/Src/fatfs_sd.c:482:9:SD_disk_ioctl	32	static
