../Core/Src/main.c:955:6:Start_FanControl	24	static
../Core/Src/main.c:992:6:Start_Temp	24	static
../Core/Src/main.c:124:6:delay	0	static
../Core/Src/main.c:245:6:SystemClock_Config	96	static,ignoring_inline_asm
../Core/Src/main.c:138:5:main	208	static,ignoring_inline_asm
../Core/Src/main.c:733:10:decToBcd	0	static
../Core/Src/main.c:739:6:bcdToDec	0	static
../Core/Src/main.c:757:7:Set_Time	40	static
../Core/Src/main.c:772:7:Get_Time	24	static
../Core/Src/main.c:786:6:Start_RTC	16	static
../Core/Src/main.c:826:6:send_uart_dma	0	static
../Core/Src/main.c:852:6:Start_UART_LED	8	static
../Core/Src/main.c:834:6:HAL_UART_RxCpltCallback	0	static
../Core/Src/main.c:847:6:HAL_UART_TxCpltCallback	0	static
../Core/Src/main.c:903:5:bufsize	0	static
../Core/Src/main.c:909:6:bufclear	0	static
../Core/Src/main.c:915:6:Start_DataLogging	32	static
../Core/Src/main.c:1025:6:HAL_TIM_PeriodElapsedCallback	0	static
../Core/Src/main.c:1042:6:Error_Handler	0	static,ignoring_inline_asm
