../Core/Src/onewire.c:18:6:OneWire_Delay	0	static
../Core/Src/onewire.c:27:6:OneWire_BusInputDirection	32	static
../Core/Src/onewire.c:37:6:OneWire_BusOutputDirection	32	static
../Core/Src/onewire.c:50:6:OneWire_OutputLow	0	static
../Core/Src/onewire.c:55:6:OneWire_OutputHigh	0	static
../Core/Src/onewire.c:67:9:OneWire_Reset	8	static
../Core/Src/onewire.c:88:6:OneWire_WriteBit	8	static
../Core/Src/onewire.c:110:9:OneWire_ReadBit	8	static
../Core/Src/onewire.c:129:6:OneWire_WriteByte	16	static
../Core/Src/onewire.c:140:9:OneWire_ReadByte	16	static
../Core/Src/onewire.c:155:6:OneWire_ResetSearch	0	static
../Core/Src/onewire.c:163:9:OneWire_Search	40	static
../Core/Src/onewire.c:280:9:OneWire_First	0	static
../Core/Src/onewire.c:290:9:OneWire_Next	0	static
../Core/Src/onewire.c:299:6:OneWire_Select	16	static
../Core/Src/onewire.c:313:6:OneWire_SelectWithPointer	0	static
../Core/Src/onewire.c:327:6:OneWire_GetFullROM	0	static
../Core/Src/onewire.c:338:9:OneWire_CRC8	12	static
../Core/Src/onewire.c:362:6:OneWire_Init	16	static
