Archive member included to satisfy reference by file (symbol)

c:/st/stm32cubeide_1.10.1/stm32cubeide/plugins/com.st.stm32cube.ide.mcu.externaltools.gnu-tools-for-stm32.10.3-2021.10.win32_1.0.0.202111181127/tools/bin/../lib/gcc/arm-none-eabi/10.3.1/../../../../arm-none-eabi/lib/thumb/v7e-m+fp/hard\libc_nano.a(lib_a-errno.o)
                              ./Core/Src/syscalls.o (__errno)
c:/st/stm32cubeide_1.10.1/stm32cubeide/plugins/com.st.stm32cube.ide.mcu.externaltools.gnu-tools-for-stm32.10.3-2021.10.win32_1.0.0.202111181127/tools/bin/../lib/gcc/arm-none-eabi/10.3.1/../../../../arm-none-eabi/lib/thumb/v7e-m+fp/hard\libc_nano.a(lib_a-exit.o)
                              c:/st/stm32cubeide_1.10.1/stm32cubeide/plugins/com.st.stm32cube.ide.mcu.externaltools.gnu-tools-for-stm32.10.3-2021.10.win32_1.0.0.202111181127/tools/bin/../lib/gcc/arm-none-eabi/10.3.1/../../../../arm-none-eabi/lib/thumb/v7e-m+fp/hard/crt0.o (exit)
c:/st/stm32cubeide_1.10.1/stm32cubeide/plugins/com.st.stm32cube.ide.mcu.externaltools.gnu-tools-for-stm32.10.3-2021.10.win32_1.0.0.202111181127/tools/bin/../lib/gcc/arm-none-eabi/10.3.1/../../../../arm-none-eabi/lib/thumb/v7e-m+fp/hard\libc_nano.a(lib_a-findfp.o)
                              ./Middlewares/Third_Party/FreeRTOS/Source/tasks.o (__sf_fake_stderr)
c:/st/stm32cubeide_1.10.1/stm32cubeide/plugins/com.st.stm32cube.ide.mcu.externaltools.gnu-tools-for-stm32.10.3-2021.10.win32_1.0.0.202111181127/tools/bin/../lib/gcc/arm-none-eabi/10.3.1/../../../../arm-none-eabi/lib/thumb/v7e-m+fp/hard\libc_nano.a(lib_a-fwalk.o)
                              c:/st/stm32cubeide_1.10.1/stm32cubeide/plugins/com.st.stm32cube.ide.mcu.externaltools.gnu-tools-for-stm32.10.3-2021.10.win32_1.0.0.202111181127/tools/bin/../lib/gcc/arm-none-eabi/10.3.1/../../../../arm-none-eabi/lib/thumb/v7e-m+fp/hard\libc_nano.a(lib_a-findfp.o) (_fwalk)
c:/st/stm32cubeide_1.10.1/stm32cubeide/plugins/com.st.stm32cube.ide.mcu.externaltools.gnu-tools-for-stm32.10.3-2021.10.win32_1.0.0.202111181127/tools/bin/../lib/gcc/arm-none-eabi/10.3.1/../../../../arm-none-eabi/lib/thumb/v7e-m+fp/hard\libc_nano.a(lib_a-impure.o)
                              c:/st/stm32cubeide_1.10.1/stm32cubeide/plugins/com.st.stm32cube.ide.mcu.externaltools.gnu-tools-for-stm32.10.3-2021.10.win32_1.0.0.202111181127/tools/bin/../lib/gcc/arm-none-eabi/10.3.1/../../../../arm-none-eabi/lib/thumb/v7e-m+fp/hard\libc_nano.a(lib_a-exit.o) (_global_impure_ptr)
c:/st/stm32cubeide_1.10.1/stm32cubeide/plugins/com.st.stm32cube.ide.mcu.externaltools.gnu-tools-for-stm32.10.3-2021.10.win32_1.0.0.202111181127/tools/bin/../lib/gcc/arm-none-eabi/10.3.1/../../../../arm-none-eabi/lib/thumb/v7e-m+fp/hard\libc_nano.a(lib_a-init.o)
                              c:/st/stm32cubeide_1.10.1/stm32cubeide/plugins/com.st.stm32cube.ide.mcu.externaltools.gnu-tools-for-stm32.10.3-2021.10.win32_1.0.0.202111181127/tools/bin/../lib/gcc/arm-none-eabi/10.3.1/../../../../arm-none-eabi/lib/thumb/v7e-m+fp/hard/crt0.o (__libc_init_array)
c:/st/stm32cubeide_1.10.1/stm32cubeide/plugins/com.st.stm32cube.ide.mcu.externaltools.gnu-tools-for-stm32.10.3-2021.10.win32_1.0.0.202111181127/tools/bin/../lib/gcc/arm-none-eabi/10.3.1/../../../../arm-none-eabi/lib/thumb/v7e-m+fp/hard\libc_nano.a(lib_a-lock.o)
                              c:/st/stm32cubeide_1.10.1/stm32cubeide/plugins/com.st.stm32cube.ide.mcu.externaltools.gnu-tools-for-stm32.10.3-2021.10.win32_1.0.0.202111181127/tools/bin/../lib/gcc/arm-none-eabi/10.3.1/../../../../arm-none-eabi/lib/thumb/v7e-m+fp/hard\libc_nano.a(lib_a-findfp.o) (__retarget_lock_init_recursive)
c:/st/stm32cubeide_1.10.1/stm32cubeide/plugins/com.st.stm32cube.ide.mcu.externaltools.gnu-tools-for-stm32.10.3-2021.10.win32_1.0.0.202111181127/tools/bin/../lib/gcc/arm-none-eabi/10.3.1/../../../../arm-none-eabi/lib/thumb/v7e-m+fp/hard\libc_nano.a(lib_a-memcpy-stub.o)
                              ./Middlewares/Third_Party/FreeRTOS/Source/queue.o (memcpy)
c:/st/stm32cubeide_1.10.1/stm32cubeide/plugins/com.st.stm32cube.ide.mcu.externaltools.gnu-tools-for-stm32.10.3-2021.10.win32_1.0.0.202111181127/tools/bin/../lib/gcc/arm-none-eabi/10.3.1/../../../../arm-none-eabi/lib/thumb/v7e-m+fp/hard\libc_nano.a(lib_a-memset.o)
                              c:/st/stm32cubeide_1.10.1/stm32cubeide/plugins/com.st.stm32cube.ide.mcu.externaltools.gnu-tools-for-stm32.10.3-2021.10.win32_1.0.0.202111181127/tools/bin/../lib/gcc/arm-none-eabi/10.3.1/../../../../arm-none-eabi/lib/thumb/v7e-m+fp/hard/crt0.o (memset)
c:/st/stm32cubeide_1.10.1/stm32cubeide/plugins/com.st.stm32cube.ide.mcu.externaltools.gnu-tools-for-stm32.10.3-2021.10.win32_1.0.0.202111181127/tools/bin/../lib/gcc/arm-none-eabi/10.3.1/../../../../arm-none-eabi/lib/thumb/v7e-m+fp/hard\libc_nano.a(lib_a-nano-mallocr.o)
[...]
Memory Configuration

Name             Origin             Length             Attributes
CCMRAM           0x0000000010000000 0x0000000000010000 xrw
RAM              0x0000000020000000 0x0000000000030000 xrw
FLASH            0x0000000008000000 0x0000000000200000 xr
*default*        0x0000000000000000 0xffffffffffffffff

Linker script and memory map

LOAD c:/st/stm32cubeide_1.10.1/stm32cubeide/plugins/com.st.stm32cube.ide.mcu.externaltools.gnu-tools-for-stm32.10.3-2021.10.win32_1.0.0.202111181127/tools/bin/../lib/gcc/arm-none-eabi/10.3.1/thumb/v7e-m+fp/hard/crti.o
LOAD c:/st/stm32cubeide_1.10.1/stm32cubeide/plugins/com.st.stm32cube.ide.mcu.externaltools.gnu-tools-for-stm32.10.3-2021.10.win32_1.0.0.202111181127/tools/bin/../lib/gcc/arm-none-eabi/10.3.1/thumb/v7e-m+fp/hard/crtbegin.o
LOAD c:/st/stm32cubeide_1.10.1/stm32cubeide/plugins/com.st.stm32cube.ide.mcu.externaltools.gnu-tools-for-stm32.10.3-2021.10.win32_1.0.0.202111181127/tools/bin/../lib/gcc/arm-none-eabi/10.3.1/../../../../arm-none-eabi/lib/thumb/v7e-m+fp/hard/crt0.o
LOAD ./Core/Src/ds18b20.o
LOAD ./Core/Src/fatfs_sd.o
LOAD ./Core/Src/freertos.o
LOAD ./Core/Src/main.o
LOAD ./Core/Src/onewire.o
LOAD ./Core/Src/stm32f4xx_hal_msp.o
LOAD ./Core/Src/stm32f4xx_hal_timebase_tim.o
LOAD ./Core/Src/stm32f4xx_it.o
LOAD ./Core/Src/syscalls.o
LOAD ./Core/Src/sysmem.o
LOAD ./Core/Src/system_stm32f4xx.o
LOAD ./Core/Startup/startup_stm32f429zitx.o
LOAD ./Drivers/STM32F4xx_HAL_Driver/Src/stm32f4xx_hal.o
LOAD ./Drivers/STM32F4xx_HAL_Driver/Src/stm32f4xx_hal_cortex.o
LOAD ./Drivers/STM32F4xx_HAL_Driver/Src/stm32f4xx_hal_dma.o
LOAD ./Drivers/STM32F4xx_HAL_Driver/Src/stm32f4xx_hal_dma_ex.o
LOAD ./Drivers/STM32F4xx_HAL_Driver/Src/stm32f4xx_hal_eth.o
LOAD ./Drivers/STM32F4xx_HAL_Driver/Src/stm32f4xx_hal_exti.o
LOAD ./Drivers/STM32F4xx_HAL_Driver/Src/stm32f4xx_hal_flash.o
LOAD ./Drivers/STM32F4xx_HAL_Driver/Src/stm32f4xx_hal_flash_ex.o
LOAD ./Drivers/STM32F4xx_HAL_Driver/Src/stm32f4xx_hal_flash_ramfunc.o
LOAD ./Drivers/STM32F4xx_HAL_Driver/Src/stm32f4xx_hal_gpio.o
LOAD ./Drivers/STM32F4xx_HAL_Driver/Src/stm32f4xx_hal_i2c.o
LOAD ./Drivers/STM32F4xx_HAL_Driver/Src/stm32f4xx_hal_i2c_ex.o
LOAD ./Drivers/STM32F4xx_HAL_Driver/Src/stm32f4xx_hal_pcd.o
LOAD ./Drivers/STM32F4xx_HAL_Driver/Src/stm32f4xx_hal_pcd_ex.o
LOAD ./Drivers/STM32F4xx_HAL_Driver/Src/stm32f4xx_hal_pwr.o
LOAD ./Drivers/STM32F4xx_HAL_Driver/Src/stm32f4xx_hal_pwr_ex.o
LOAD ./Drivers/STM32F4xx_HAL_Driver/Src/stm32f4xx_hal_rcc.o
LOAD ./Drivers/STM32F4xx_HAL_Driver/Src/stm32f4xx_hal_rcc_ex.o
LOAD ./Drivers/STM32F4xx_HAL_Driver/Src/stm32f4xx_hal_spi.o
LOAD ./Drivers/STM32F4xx_HAL_Driver/Src/stm32f4xx_hal_tim.o
LOAD ./Drivers/STM32F4xx_HAL_Driver/Src/stm32f4xx_hal_tim_ex.o
LOAD ./Drivers/STM32F4xx_HAL_Driver/Src/stm32f4xx_hal_uart.o
LOAD ./Drivers/STM32F4xx_HAL_Driver/Src/stm32f4xx_ll_usb.o
LOAD ./FATFS/App/fatfs.o
LOAD ./FATFS/Target/user_diskio.o
LOAD ./Middlewares/Third_Party/FatFs/src/diskio.o
LOAD ./Middlewares/Third_Party/FatFs/src/ff.o
LOAD ./Middlewares/Third_Party/FatFs/src/ff_gen_drv.o
LOAD ./Middlewares/Third_Party/FatFs/src/option/syscall.o
LOAD ./Middlewares/Third_Party/FreeRTOS/Source/CMSIS_RTOS/cmsis_os.o
LOAD ./Middlewares/Third_Party/FreeRTOS/Source/croutine.o
LOAD ./Middlewares/Third_Party/FreeRTOS/Source/event_groups.o
LOAD ./Middlewares/Third_Party/FreeRTOS/Source/list.o
LOAD ./Middlewares/Third_Party/FreeRTOS/Source/queue.o
LOAD ./Middlewares/Third_Party/FreeRTOS/Source/stream_buffer.o
LOAD ./Middlewares/Third_Party/FreeRTOS/Source/tasks.o
LOAD ./Middlewares/Third_Party/FreeRTOS/Source/timers.o
LOAD ./Middlewares/Third_Party/FreeRTOS/Source/portable/GCC/ARM_CM4F/port.o
LOAD ./Middlewares/Third_Party/FreeRTOS/Source/portable/MemMang/heap_4.o
START GROUP
LOAD c:/st/stm32cubeide_1.10.1/stm32cubeide/plugins/com.st.stm32cube.ide.mcu.externaltools.gnu-tools-for-stm32.10.3-2021.10.win32_1.0.0.202111181127/tools/bin/../lib/gcc/arm-none-eabi/10.3.1/../../../../arm-none-eabi/lib/thumb/v7e-m+fp/hard\libc_nano.a
LOAD c:/st/stm32cubeide_1.10.1/stm32cubeide/plugins/com.st.stm32cube.ide.mcu.externaltools.gnu-tools-for-stm32.10.3-2021.10.win32_1.0.0.202111181127/tools/bin/../lib/gcc/arm-none-eabi/10.3.1/../../../../arm-none-eabi/lib/thumb/v7e-m+fp/hard\libm.a
END GROUP
START GROUP
LOAD c:/st/stm32cubeide_1.10.1/stm32cubeide/plugins/com.st.stm32cube.ide.mcu.externaltools.gnu-tools-for-stm32.10.3-2021.10.win32_1.0.0.202111181127/tools/bin/../lib/gcc/arm-none-eabi/10.3.1/thumb/v7e-m+fp/hard\libgcc.a
LOAD c:/st/stm32cubeide_1.10.1/stm32cubeide/plugins/com.st.stm32cube.ide.mcu.externaltools.gnu-tools-for-stm32.10.3-2021.10.win32_1.0.0.202111181127/tools/bin/../lib/gcc/arm-none-eabi/10.3.1/../../../../arm-none-eabi/lib/thumb/v7e-m+fp/hard\libc_nano.a
END GROUP
START GROUP
LOAD c:/st/stm32cubeide_1.10.1/stm32cubeide/plugins/com.st.stm32cube.ide.mcu.externaltools.gnu-tools-for-stm32.10.3-2021.10.win32_1.0.0.202111181127/tools/bin/../lib/gcc/arm-none-eabi/10.3.1/thumb/v7e-m+fp/hard\libgcc.a
LOAD c:/st/stm32cubeide_1.10.1/stm32cubeide/plugins/com.st.stm32cube.ide.mcu.externaltools.gnu-tools-for-stm32.10.3-2021.10.win32_1.0.0.202111181127/tools/bin/../lib/gcc/arm-none-eabi/10.3.1/../../../../arm-none-eabi/lib/thumb/v7e-m+fp/hard\libc_nano.a
LOAD c:/st/stm32cubeide_1.10.1/stm32cubeide/plugins/com.st.stm32cube.ide.mcu.externaltools.gnu-tools-for-stm32.10.3-2021.10.win32_1.0.0.202111181127/tools/bin/../lib/gcc/arm-none-eabi/10.3.1/../../../../arm-none-eabi/lib/thumb/v7e-m+fp/hard\libnosys.a
END GROUP
START GROUP
LOAD c:/st/stm32cubeide_1.10.1/stm32cubeide/plugins/com.st.stm32cube.ide.mcu.externaltools.gnu-tools-for-stm32.10.3-2021.10.win32_1.0.0.202111181127/tools/bin/../lib/gcc/arm-none-eabi/10.3.1/thumb/v7e-m+fp/hard\libgcc.a
LOAD c:/st/stm32cubeide_1.10.1/stm32cubeide/plugins/com.st.stm32cube.ide.mcu.externaltools.gnu-tools-for-stm32.10.3-2021.10.win32_1.0.0.202111181127/tools/bin/../lib/gcc/arm-none-eabi/10.3.1/../../../../arm-none-eabi/lib/thumb/v7e-m+fp/hard\libc_nano.a
LOAD c:/st/stm32cubeide_1.10.1/stm32cubeide/plugins/com.st.stm32cube.ide.mcu.externaltools.gnu-tools-for-stm32.10.3-2021.10.win32_1.0.0.202111181127/tools/bin/../lib/gcc/arm-none-eabi/10.3.1/../../../../arm-none-eabi/lib/thumb/v7e-m+fp/hard\libnosys.a
END GROUP
LOAD c:/st/stm32cubeide_1.10.1/stm32cubeide/plugins/com.st.stm32cube.ide.mcu.externaltools.gnu-tools-for-stm32.10.3-2021.10.win32_1.0.0.202111181127/tools/bin/../lib/gcc/arm-none-eabi/10.3.1/thumb/v7e-m+fp/hard/crtend.o
LOAD c:/st/stm32cubeide_1.10.1/stm32cubeide/plugins/com.st.stm32cube.ide.mcu.externaltools.gnu-tools-for-stm32.10.3-2021.10.win32_1.0.0.202111181127/tools/bin/../lib/gcc/arm-none-eabi/10.3.1/thumb/v7e-m+fp/hard/crtn.o
                0x0000000020030000                _estack = (ORIGIN (RAM) + LENGTH (RAM))
                0x0000000000000200                _Min_Heap_Size = 0x200
                0x0000000000000400                _Min_Stack_Size = 0x400

.isr_vector     0x0000000008000000      0x1ac
                0x0000000008000000                . = ALIGN (0x4)
 *(.isr_vector)
 .isr_vector    0x0000000008000000      0x1ac ./Core/Startup/startup_stm32f429zitx.o
                0x0000000008000000                g_pfnVectors
                0x00000000080001ac                . = ALIGN (0x4)

.text           0x00000000080001b0     0xf4b8
                0x00000000080001b0                . = ALIGN (0x4)
 *(.text)
 .text          0x00000000080001b0       0x40 c:/st/stm32cubeide_1.10.1/stm32cubeide/plugins/com.st.stm32cube.ide.mcu.externaltools.gnu-tools-for-stm32.10.3-2021.10.win32_1.0.0.202111181127/tools/bin/../lib/gcc/arm-none-eabi/10.3.1/thumb/v7e-m+fp/hard/crtbegin.o
 .text          0x00000000080001f0       0x10 c:/st/stm32cubeide_1.10.1/stm32cubeide/plugins/com.st.stm32cube.ide.mcu.externaltools.gnu-tools-for-stm32.10.3-2021.10.win32_1.0.0.202111181127/tools/bin/../lib/gcc/arm-none-eabi/10.3.1/../../../../arm-none-eabi/lib/thumb/v7e-m+fp/hard\libc_nano.a(lib_a-strlen.o)
                0x00000000080001f0                strlen
 .text          0x0000000008000200       0xa0 c:/st/stm32cubeide_1.10.1/stm32cubeide/plugins/com.st.stm32cube.ide.mcu.externaltools.gnu-tools-for-stm32.10.3-2021.10.win32_1.0.0.202111181127/tools/bin/../lib/gcc/arm-none-eabi/10.3.1/../../../../arm-none-eabi/lib/thumb/v7e-m+fp/hard\libc_nano.a(lib_a-memchr.o)
                0x0000000008000200                memchr
 .text          0x00000000080002a0       0x30 c:/st/stm32cubeide_1.10.1/stm32cubeide/plugins/com.st.stm32cube.ide.mcu.externaltools.gnu-tools-for-stm32.10.3-2021.10.win32_1.0.0.202111181127/tools/bin/../lib/gcc/arm-none-eabi/10.3.1/thumb/v7e-m+fp/hard\libgcc.a(_aeabi_uldivmod.o)
                0x00000000080002a0                __aeabi_uldivmod
 .text          0x00000000080002d0      0x2d0 c:/st/stm32cubeide_1.10.1/stm32cubeide/plugins/com.st.stm32cube.ide.mcu.externaltools.gnu-tools-for-stm32.10.3-2021.10.win32_1.0.0.202111181127/tools/bin/../lib/gcc/arm-none-eabi/10.3.1/thumb/v7e-m+fp/hard\libgcc.a(_udivmoddi4.o)
                0x00000000080002d0                __udivmoddi4
 .text          0x00000000080005a0        0x4 c:/st/stm32cubeide_1.10.1/stm32cubeide/plugins/com.st.stm32cube.ide.mcu.externaltools.gnu-tools-for-stm32.10.3-2021.10.win32_1.0.0.202111181127/tools/bin/../lib/gcc/arm-none-eabi/10.3.1/thumb/v7e-m+fp/hard\libgcc.a(_dvmd_tls.o)
                0x00000000080005a0                __aeabi_idiv0
                0x00000000080005a0                __aeabi_ldiv0
 *(.text*)
 .text.DS18B20_StartAll
                0x00000000080005a4       0x24 ./Core/Src/ds18b20.o
                0x00000000080005a4                DS18B20_StartAll
 .text.DS18B20_Read
                0x00000000080005c8      0x158 ./Core/Src/ds18b20.o
                0x00000000080005c8                DS18B20_Read
 .text.DS18B20_SetResolution
                0x0000000008000720      0x14c ./Core/Src/ds18b20.o
                0x0000000008000720                DS18B20_SetResolution
 .text.DS18B20_Is
                0x000000000800086c       0x22 ./Core/Src/ds18b20.o
                0x000000000800086c                DS18B20_Is
 *fill*         0x000000000800088e        0x2 
 .text.DS18B20_AllDone
                0x0000000008000890       0x14 ./Core/Src/ds18b20.o
                0x0000000008000890                DS18B20_AllDone
 .text.DS18B20_ReadAll
                0x00000000080008a4       0x80 ./Core/Src/ds18b20.o
                0x00000000080008a4                DS18B20_ReadAll
 .text.DS18B20_GetROM
                0x0000000008000924       0x5c ./Core/Src/ds18b20.o
                0x0000000008000924                DS18B20_GetROM
 .text.DS18B20_Quantity
                0x0000000008000980       0x18 ./Core/Src/ds18b20.o
                0x0000000008000980                DS18B20_Quantity
 .text.DS18B20_GetTemperature
                0x0000000008000998       0x44 ./Core/Src/ds18b20.o
                0x0000000008000998                DS18B20_GetTemperature
 .text.DS18B20_Init
                0x00000000080009dc       0xa4 ./Core/Src/ds18b20.o
                0x00000000080009dc                DS18B20_Init
 .text.SELECT   0x0000000008000a80       0x18 ./Core/Src/fatfs_sd.o
 .text.DESELECT
                0x0000000008000a98       0x18 ./Core/Src/fatfs_sd.o
 .text.SPI_TxByte
                0x0000000008000ab0       0x34 ./Core/Src/fatfs_sd.o
 .text.SPI_RxByte
                0x0000000008000ae4       0x3c ./Core/Src/fatfs_sd.o
 .text.SPI_RxBytePtr
                0x0000000008000b20       0x1c ./Core/Src/fatfs_sd.o
 .text.SD_ReadyWait
                0x0000000008000b3c       0x38 ./Core/Src/fatfs_sd.o
 .text.SD_PowerOn
                0x0000000008000b74       0x98 ./Core/Src/fatfs_sd.o
 .text.SD_PowerOff
                0x0000000008000c0c       0x18 ./Core/Src/fatfs_sd.o
 .text.SD_CheckPower
                0x0000000008000c24       0x18 ./Core/Src/fatfs_sd.o
 .text.SD_RxDataBlock
                0x0000000008000c3c       0x6c ./Core/Src/fatfs_sd.o
 .text.SD_TxDataBlock
                0x0000000008000ca8       0xa8 ./Core/Src/fatfs_sd.o
 .text.SD_SendCmd
                0x0000000008000d50       0xa4 ./Core/Src/fatfs_sd.o
 .text.SD_disk_initialize
                0x0000000008000df4      0x1d4 ./Core/Src/fatfs_sd.o
                0x0000000008000df4                SD_disk_initialize
 .text.SD_disk_status
                0x0000000008000fc8       0x2c ./Core/Src/fatfs_sd.o
                0x0000000008000fc8                SD_disk_status
 .text.SD_disk_read
                0x0000000008000ff4       0xd4 ./Core/Src/fatfs_sd.o
                0x0000000008000ff4                SD_disk_read
 .text.SD_disk_write
                0x00000000080010c8      0x108 ./Core/Src/fatfs_sd.o
                0x00000000080010c8                SD_disk_write
 .text.SD_disk_ioctl
                0x00000000080011d0      0x264 ./Core/Src/fatfs_sd.o
                0x00000000080011d0                SD_disk_ioctl
 .text.vApplicationGetIdleTaskMemory
                0x0000000008001434       0x34 ./Core/Src/freertos.o
                0x0000000008001434                vApplicationGetIdleTaskMemory
 .text.main     0x0000000008001468      0x150 ./Core/Src/main.o
                0x0000000008001468                main
 .text.SystemClock_Config
                0x00000000080015b8       0xe0 ./Core/Src/main.o
                0x00000000080015b8                SystemClock_Config
 .text.MX_ETH_Init
                0x0000000008001698       0x9c ./Core/Src/main.o
 .text.MX_I2C2_Init
                0x0000000008001734       0x80 ./Core/Src/main.o
 .text.MX_SPI1_Init
                0x00000000080017b4       0x6c ./Core/Src/main.o
 .text.MX_TIM1_Init
                0x0000000008001820      0x140 ./Core/Src/main.o
 .text.MX_TIM3_Init
                0x0000000008001960       0x9c ./Core/Src/main.o
 .text.MX_USART3_UART_Init
                0x00000000080019fc       0x54 ./Core/Src/main.o
 .text.MX_USB_OTG_FS_PCD_Init
                0x0000000008001a50       0x5c ./Core/Src/main.o
 .text.MX_DMA_Init
                0x0000000008001aac       0xbc ./Core/Src/main.o
 .text.MX_GPIO_Init
                0x0000000008001b68      0x1ec ./Core/Src/main.o
 .text.bcdToDec
                0x0000000008001d54       0x30 ./Core/Src/main.o
                0x0000000008001d54                bcdToDec
 .text.Get_Time
                0x0000000008001d84       0x9c ./Core/Src/main.o
                0x0000000008001d84                Get_Time
 .text.Start_RTC
                0x0000000008001e20       0x40 ./Core/Src/main.o
                0x0000000008001e20                Start_RTC
 .text.send_uart_dma
                0x0000000008001e60       0x38 ./Core/Src/main.o
                0x0000000008001e60                send_uart_dma
 .text.HAL_UART_RxCpltCallback
                0x0000000008001e98       0x50 ./Core/Src/main.o
                0x0000000008001e98                HAL_UART_RxCpltCallback
 .text.HAL_UART_TxCpltCallback
                0x0000000008001ee8       0x20 ./Core/Src/main.o
                0x0000000008001ee8                HAL_UART_TxCpltCallback
 .text.Start_UART_LED
                0x0000000008001f08       0x9c ./Core/Src/main.o
                0x0000000008001f08                Start_UART_LED
 .text.bufsize  0x0000000008001fa4       0x2e ./Core/Src/main.o
                0x0000000008001fa4                bufsize
 *fill*         0x0000000008001fd2        0x2 
 .text.bufclear
                0x0000000008001fd4       0x38 ./Core/Src/main.o
                0x0000000008001fd4                bufclear
 .text.Start_DataLogging
                0x000000000800200c       0xec ./Core/Src/main.o
                0x000000000800200c                Start_DataLogging
 .text.Start_FanControl
                0x00000000080020f8       0xb0 ./Core/Src/main.o
                0x00000000080020f8                Start_FanControl
 .text.Start_Temp
                0x00000000080021a8       0x5c ./Core/Src/main.o
                0x00000000080021a8                Start_Temp
 .text.HAL_TIM_PeriodElapsedCallback
                0x0000000008002204       0x1e ./Core/Src/main.o
                0x0000000008002204                HAL_TIM_PeriodElapsedCallback
 .text.Error_Handler
                0x0000000008002222        0xa ./Core/Src/main.o
                0x0000000008002222                Error_Handler
 .text.OneWire_Delay
                0x000000000800222c       0x34 ./Core/Src/onewire.o
                0x000000000800222c                OneWire_Delay
 .text.OneWire_BusInputDirection
                0x0000000008002260       0x32 ./Core/Src/onewire.o
                0x0000000008002260                OneWire_BusInputDirection
 .text.OneWire_BusOutputDirection
                0x0000000008002292       0x32 ./Core/Src/onewire.o
                0x0000000008002292                OneWire_BusOutputDirection
 .text.OneWire_OutputLow
                0x00000000080022c4       0x20 ./Core/Src/onewire.o
                0x00000000080022c4                OneWire_OutputLow
 .text.OneWire_OutputHigh
                0x00000000080022e4       0x1e ./Core/Src/onewire.o
                0x00000000080022e4                OneWire_OutputHigh
 .text.OneWire_Reset
                0x0000000008002302       0x4e ./Core/Src/onewire.o
                0x0000000008002302                OneWire_Reset
 .text.OneWire_WriteBit
                0x0000000008002350       0x58 ./Core/Src/onewire.o
                0x0000000008002350                OneWire_WriteBit
 .text.OneWire_ReadBit
                0x00000000080023a8       0x54 ./Core/Src/onewire.o
                0x00000000080023a8                OneWire_ReadBit
 .text.OneWire_WriteByte
                0x00000000080023fc       0x3c ./Core/Src/onewire.o
                0x00000000080023fc                OneWire_WriteByte
 .text.OneWire_ReadByte
                0x0000000008002438       0x42 ./Core/Src/onewire.o
                0x0000000008002438                OneWire_ReadByte
 .text.OneWire_ResetSearch
                0x000000000800247a       0x26 ./Core/Src/onewire.o
                0x000000000800247a                OneWire_ResetSearch
 .text.OneWire_Search
                0x00000000080024a0      0x18c ./Core/Src/onewire.o
                0x00000000080024a0                OneWire_Search
 .text.OneWire_First
                0x000000000800262c       0x20 ./Core/Src/onewire.o
                0x000000000800262c                OneWire_First
 .text.OneWire_Next
                0x000000000800264c       0x1a ./Core/Src/onewire.o
                0x000000000800264c                OneWire_Next
 .text.OneWire_SelectWithPointer
                0x0000000008002666       0x3e ./Core/Src/onewire.o
                0x0000000008002666                OneWire_SelectWithPointer
 .text.OneWire_GetFullROM
                0x00000000080026a4       0x3a ./Core/Src/onewire.o
                0x00000000080026a4                OneWire_GetFullROM
 *fill*         0x00000000080026de        0x2 
 .text.OneWire_Init
                0x00000000080026e0       0x58 ./Core/Src/onewire.o
                0x00000000080026e0                OneWire_Init
 .text.HAL_MspInit
                0x0000000008002738       0x58 ./Core/Src/stm32f4xx_hal_msp.o
                0x0000000008002738                HAL_MspInit
 .text.HAL_ETH_MspInit
                0x0000000008002790      0x18c ./Core/Src/stm32f4xx_hal_msp.o
                0x0000000008002790                HAL_ETH_MspInit
 .text.HAL_I2C_MspInit
                0x000000000800291c      0x158 ./Core/Src/stm32f4xx_hal_msp.o
                0x000000000800291c                HAL_I2C_MspInit
 .text.HAL_SPI_MspInit
                0x0000000008002a74      0x19c ./Core/Src/stm32f4xx_hal_msp.o
                0x0000000008002a74                HAL_SPI_MspInit
 .text.HAL_TIM_Base_MspInit
                0x0000000008002c10       0xd4 ./Core/Src/stm32f4xx_hal_msp.o
                0x0000000008002c10                HAL_TIM_Base_MspInit
 .text.HAL_TIM_MspPostInit
                0x0000000008002ce4       0x74 ./Core/Src/stm32f4xx_hal_msp.o
                0x0000000008002ce4                HAL_TIM_MspPostInit
 .text.HAL_UART_MspInit
                0x0000000008002d58      0x170 ./Core/Src/stm32f4xx_hal_msp.o
                0x0000000008002d58                HAL_UART_MspInit
 .text.HAL_PCD_MspInit
                0x0000000008002ec8       0xb4 ./Core/Src/stm32f4xx_hal_msp.o
                0x0000000008002ec8                HAL_PCD_MspInit
 .text.HAL_InitTick
                0x0000000008002f7c       0xf8 ./Core/Src/stm32f4xx_hal_timebase_tim.o
                0x0000000008002f7c                HAL_InitTick
 .text.NMI_Handler
                0x0000000008003074        0x6 ./Core/Src/stm32f4xx_it.o
                0x0000000008003074                NMI_Handler
 .text.HardFault_Handler
                0x000000000800307a        0x6 ./Core/Src/stm32f4xx_it.o
                0x000000000800307a                HardFault_Handler
 .text.MemManage_Handler
                0x0000000008003080        0x6 ./Core/Src/stm32f4xx_it.o
                0x0000000008003080                MemManage_Handler
 .text.BusFault_Handler
                0x0000000008003086        0x6 ./Core/Src/stm32f4xx_it.o
                0x0000000008003086                BusFault_Handler
 .text.UsageFault_Handler
                0x000000000800308c        0x6 ./Core/Src/stm32f4xx_it.o
                0x000000000800308c                UsageFault_Handler
 .text.DebugMon_Handler
                0x0000000008003092        0xe ./Core/Src/stm32f4xx_it.o
                0x0000000008003092                DebugMon_Handler
 .text.DMA1_Stream1_IRQHandler
                0x00000000080030a0       0x14 ./Core/Src/stm32f4xx_it.o
                0x00000000080030a0                DMA1_Stream1_IRQHandler
 .text.DMA1_Stream3_IRQHandler
                0x00000000080030b4       0x14 ./Core/Src/stm32f4xx_it.o
                0x00000000080030b4                DMA1_Stream3_IRQHandler
 .text.DMA1_Stream4_IRQHandler
                0x00000000080030c8       0x14 ./Core/Src/stm32f4xx_it.o
                0x00000000080030c8                DMA1_Stream4_IRQHandler
 .text.TIM2_IRQHandler
                0x00000000080030dc       0x14 ./Core/Src/stm32f4xx_it.o
                0x00000000080030dc                TIM2_IRQHandler
 .text.USART3_IRQHandler
                0x00000000080030f0       0x14 ./Core/Src/stm32f4xx_it.o
                0x00000000080030f0                USART3_IRQHandler
 .text.DMA1_Stream7_IRQHandler
                0x0000000008003104       0x14 ./Core/Src/stm32f4xx_it.o
                0x0000000008003104                DMA1_Stream7_IRQHandler
 .text.DMA2_Stream1_IRQHandler
                0x0000000008003118       0x14 ./Core/Src/stm32f4xx_it.o
                0x0000000008003118                DMA2_Stream1_IRQHandler
 .text.DMA2_Stream2_IRQHandler
                0x000000000800312c       0x14 ./Core/Src/stm32f4xx_it.o
                0x000000000800312c                DMA2_Stream2_IRQHandler
 .text.DMA2_Stream5_IRQHandler
                0x0000000008003140       0x14 ./Core/Src/stm32f4xx_it.o
                0x0000000008003140                DMA2_Stream5_IRQHandler
 .text._sbrk    0x0000000008003154       0x6c ./Core/Src/sysmem.o
                0x0000000008003154                _sbrk
 .text.SystemInit
                0x00000000080031c0       0x24 ./Core/Src/system_stm32f4xx.o
                0x00000000080031c0                SystemInit
 .text.Reset_Handler
                0x00000000080031e4       0x50 ./Core/Startup/startup_stm32f429zitx.o
                0x00000000080031e4                Reset_Handler
 .text.Default_Handler
                0x0000000008003234        0x2 ./Core/Startup/startup_stm32f429zitx.o
                0x0000000008003234                RTC_Alarm_IRQHandler
                0x0000000008003234                HASH_RNG_IRQHandler
                0x0000000008003234                EXTI2_IRQHandler
                0x0000000008003234                TIM8_CC_IRQHandler
                0x0000000008003234                UART8_IRQHandler
                0x0000000008003234                SPI4_IRQHandler
                0x0000000008003234                TIM1_CC_IRQHandler
                0x0000000008003234                DMA1_Stream5_IRQHandler
                0x0000000008003234                PVD_IRQHandler
                0x0000000008003234                SDIO_IRQHandler
                0x0000000008003234                TAMP_STAMP_IRQHandler
                0x0000000008003234                CAN2_RX1_IRQHandler
                0x0000000008003234                EXTI3_IRQHandler
                0x0000000008003234                TIM8_TRG_COM_TIM14_IRQHandler
                0x0000000008003234                TIM1_UP_TIM10_IRQHandler
                0x0000000008003234                TIM8_UP_TIM13_IRQHandler
                0x0000000008003234                I2C3_ER_IRQHandler
                0x0000000008003234                EXTI0_IRQHandler
                0x0000000008003234                I2C2_EV_IRQHandler
                0x0000000008003234                DMA1_Stream2_IRQHandler
                0x0000000008003234                CAN1_RX0_IRQHandler
                0x0000000008003234                FPU_IRQHandler
                0x0000000008003234                OTG_HS_WKUP_IRQHandler
                0x0000000008003234                LTDC_ER_IRQHandler
                0x0000000008003234                CAN2_SCE_IRQHandler
                0x0000000008003234                SPI1_IRQHandler
                0x0000000008003234                TIM6_DAC_IRQHandler
                0x0000000008003234                TIM1_BRK_TIM9_IRQHandler
                0x0000000008003234                DCMI_IRQHandler
                0x0000000008003234                CAN2_RX0_IRQHandler
                0x0000000008003234                DMA2_Stream3_IRQHandler
                0x0000000008003234                USART6_IRQHandler
                0x0000000008003234                CAN1_RX1_IRQHandler
                0x0000000008003234                UART5_IRQHandler
                0x0000000008003234                DMA2_Stream0_IRQHandler
                0x0000000008003234                TIM4_IRQHandler
                0x0000000008003234                I2C1_EV_IRQHandler
                0x0000000008003234                DMA1_Stream6_IRQHandler
                0x0000000008003234                UART4_IRQHandler
                0x0000000008003234                TIM3_IRQHandler
                0x0000000008003234                RCC_IRQHandler
                0x0000000008003234                TIM8_BRK_TIM12_IRQHandler
                0x0000000008003234                Default_Handler
                0x0000000008003234                EXTI15_10_IRQHandler
                0x0000000008003234                ADC_IRQHandler
                0x0000000008003234                SPI5_IRQHandler
                0x0000000008003234                TIM7_IRQHandler
                0x0000000008003234                CAN2_TX_IRQHandler
                0x0000000008003234                TIM5_IRQHandler
                0x0000000008003234                DMA2_Stream7_IRQHandler
                0x0000000008003234                I2C3_EV_IRQHandler
                0x0000000008003234                EXTI9_5_IRQHandler
                0x0000000008003234                RTC_WKUP_IRQHandler
                0x0000000008003234                LTDC_IRQHandler
                0x0000000008003234                ETH_WKUP_IRQHandler
                0x0000000008003234                SPI2_IRQHandler
                0x0000000008003234                OTG_HS_EP1_IN_IRQHandler
                0x0000000008003234                DMA1_Stream0_IRQHandler
                0x0000000008003234                CAN1_TX_IRQHandler
                0x0000000008003234                EXTI4_IRQHandler
                0x0000000008003234                ETH_IRQHandler
                0x0000000008003234                OTG_HS_EP1_OUT_IRQHandler
                0x0000000008003234                WWDG_IRQHandler
                0x0000000008003234                SPI6_IRQHandler
                0x0000000008003234                OTG_FS_WKUP_IRQHandler
                0x0000000008003234                TIM1_TRG_COM_TIM11_IRQHandler
                0x0000000008003234                OTG_HS_IRQHandler
                0x0000000008003234                DMA2D_IRQHandler
                0x0000000008003234                EXTI1_IRQHandler
                0x0000000008003234                UART7_IRQHandler
                0x0000000008003234                USART2_IRQHandler
                0x0000000008003234                I2C2_ER_IRQHandler
                0x0000000008003234                CAN1_SCE_IRQHandler
                0x0000000008003234                FLASH_IRQHandler
                0x0000000008003234                DMA2_Stream4_IRQHandler
                0x0000000008003234                USART1_IRQHandler
                0x0000000008003234                OTG_FS_IRQHandler
                0x0000000008003234                SPI3_IRQHandler
                0x0000000008003234                I2C1_ER_IRQHandler
                0x0000000008003234                FMC_IRQHandler
                0x0000000008003234                DMA2_Stream6_IRQHandler
                0x0000000008003234                SAI1_IRQHandler
 *fill*         0x0000000008003236        0x2 
 .text.HAL_Init
                0x0000000008003238       0x44 ./Drivers/STM32F4xx_HAL_Driver/Src/stm32f4xx_hal.o
                0x0000000008003238                HAL_Init
 .text.HAL_IncTick
                0x000000000800327c       0x28 ./Drivers/STM32F4xx_HAL_Driver/Src/stm32f4xx_hal.o
                0x000000000800327c                HAL_IncTick
 .text.HAL_GetTick
                0x00000000080032a4       0x18 ./Drivers/STM32F4xx_HAL_Driver/Src/stm32f4xx_hal.o
                0x00000000080032a4                HAL_GetTick
 .text.HAL_Delay
                0x00000000080032bc       0x48 ./Drivers/STM32F4xx_HAL_Driver/Src/stm32f4xx_hal.o
                0x00000000080032bc                HAL_Delay
 .text.__NVIC_SetPriorityGrouping
                0x0000000008003304       0x48 ./Drivers/STM32F4xx_HAL_Driver/Src/stm32f4xx_hal_cortex.o
 .text.__NVIC_GetPriorityGrouping
                0x000000000800334c       0x1c ./Drivers/STM32F4xx_HAL_Driver/Src/stm32f4xx_hal_cortex.o
 .text.__NVIC_EnableIRQ
                0x0000000008003368       0x3c ./Drivers/STM32F4xx_HAL_Driver/Src/stm32f4xx_hal_cortex.o
 .text.__NVIC_SetPriority
                0x00000000080033a4       0x54 ./Drivers/STM32F4xx_HAL_Driver/Src/stm32f4xx_hal_cortex.o
 .text.NVIC_EncodePriority
                0x00000000080033f8       0x66 ./Drivers/STM32F4xx_HAL_Driver/Src/stm32f4xx_hal_cortex.o
 .text.HAL_NVIC_SetPriorityGrouping
                0x000000000800345e       0x16 ./Drivers/STM32F4xx_HAL_Driver/Src/stm32f4xx_hal_cortex.o
                0x000000000800345e                HAL_NVIC_SetPriorityGrouping
 .text.HAL_NVIC_SetPriority
                0x0000000008003474       0x38 ./Drivers/STM32F4xx_HAL_Driver/Src/stm32f4xx_hal_cortex.o
                0x0000000008003474                HAL_NVIC_SetPriority
 .text.HAL_NVIC_EnableIRQ
                0x00000000080034ac       0x1c ./Drivers/STM32F4xx_HAL_Driver/Src/stm32f4xx_hal_cortex.o
                0x00000000080034ac                HAL_NVIC_EnableIRQ
 .text.HAL_DMA_Init
                0x00000000080034c8      0x15c ./Drivers/STM32F4xx_HAL_Driver/Src/stm32f4xx_hal_dma.o
                0x00000000080034c8                HAL_DMA_Init
 .text.HAL_DMA_Start_IT
                0x0000000008003624       0xb0 ./Drivers/STM32F4xx_HAL_Driver/Src/stm32f4xx_hal_dma.o
                0x0000000008003624                HAL_DMA_Start_IT
 .text.HAL_DMA_Abort
                0x00000000080036d4       0xe0 ./Drivers/STM32F4xx_HAL_Driver/Src/stm32f4xx_hal_dma.o
                0x00000000080036d4                HAL_DMA_Abort
 .text.HAL_DMA_Abort_IT
                0x00000000080037b4       0x44 ./Drivers/STM32F4xx_HAL_Driver/Src/stm32f4xx_hal_dma.o
                0x00000000080037b4                HAL_DMA_Abort_IT
 .text.HAL_DMA_IRQHandler
                0x00000000080037f8      0x314 ./Drivers/STM32F4xx_HAL_Driver/Src/stm32f4xx_hal_dma.o
                0x00000000080037f8                HAL_DMA_IRQHandler
 .text.HAL_DMA_GetError
                0x0000000008003b0c       0x18 ./Drivers/STM32F4xx_HAL_Driver/Src/stm32f4xx_hal_dma.o
                0x0000000008003b0c                HAL_DMA_GetError
 .text.DMA_SetConfig
                0x0000000008003b24       0x5c ./Drivers/STM32F4xx_HAL_Driver/Src/stm32f4xx_hal_dma.o
 .text.DMA_CalcBaseAndBitshift
                0x0000000008003b80       0x6c ./Drivers/STM32F4xx_HAL_Driver/Src/stm32f4xx_hal_dma.o
 .text.DMA_CheckFifoParam
                0x0000000008003bec       0xf8 ./Drivers/STM32F4xx_HAL_Driver/Src/stm32f4xx_hal_dma.o
 .text.HAL_ETH_Init
                0x0000000008003ce4       0xfc ./Drivers/STM32F4xx_HAL_Driver/Src/stm32f4xx_hal_eth.o
                0x0000000008003ce4                HAL_ETH_Init
 .text.ETH_SetMACConfig
                0x0000000008003de0      0x160 ./Drivers/STM32F4xx_HAL_Driver/Src/stm32f4xx_hal_eth.o
 .text.ETH_SetDMAConfig
                0x0000000008003f40      0x114 ./Drivers/STM32F4xx_HAL_Driver/Src/stm32f4xx_hal_eth.o
 .text.ETH_MACDMAConfig
                0x0000000008004054       0xe4 ./Drivers/STM32F4xx_HAL_Driver/Src/stm32f4xx_hal_eth.o
 .text.ETH_MACAddressConfig
                0x0000000008004138       0x70 ./Drivers/STM32F4xx_HAL_Driver/Src/stm32f4xx_hal_eth.o
 .text.ETH_DMATxDescListInit
                0x00000000080041a8       0xb2 ./Drivers/STM32F4xx_HAL_Driver/Src/stm32f4xx_hal_eth.o
 .text.ETH_DMARxDescListInit
                0x000000000800425a       0xda ./Drivers/STM32F4xx_HAL_Driver/Src/stm32f4xx_hal_eth.o
 .text.HAL_GPIO_Init
                0x0000000008004334      0x358 ./Drivers/STM32F4xx_HAL_Driver/Src/stm32f4xx_hal_gpio.o
                0x0000000008004334                HAL_GPIO_Init
 .text.HAL_GPIO_ReadPin
                0x000000000800468c       0x30 ./Drivers/STM32F4xx_HAL_Driver/Src/stm32f4xx_hal_gpio.o
                0x000000000800468c                HAL_GPIO_ReadPin
 .text.HAL_GPIO_WritePin
                0x00000000080046bc       0x32 ./Drivers/STM32F4xx_HAL_Driver/Src/stm32f4xx_hal_gpio.o
                0x00000000080046bc                HAL_GPIO_WritePin
 .text.HAL_GPIO_TogglePin
                0x00000000080046ee       0x34 ./Drivers/STM32F4xx_HAL_Driver/Src/stm32f4xx_hal_gpio.o
                0x00000000080046ee                HAL_GPIO_TogglePin
 *fill*         0x0000000008004722        0x2 
 .text.HAL_I2C_Init
                0x0000000008004724      0x288 ./Drivers/STM32F4xx_HAL_Driver/Src/stm32f4xx_hal_i2c.o
                0x0000000008004724                HAL_I2C_Init
 .text.HAL_I2C_Mem_Read_DMA
                0x00000000080049ac      0x328 ./Drivers/STM32F4xx_HAL_Driver/Src/stm32f4xx_hal_i2c.o
                0x00000000080049ac                HAL_I2C_Mem_Read_DMA
 .text.HAL_I2C_MasterRxCpltCallback
                0x0000000008004cd4       0x14 ./Drivers/STM32F4xx_HAL_Driver/Src/stm32f4xx_hal_i2c.o
                0x0000000008004cd4                HAL_I2C_MasterRxCpltCallback
 .text.HAL_I2C_SlaveTxCpltCallback
                0x0000000008004ce8       0x14 ./Drivers/STM32F4xx_HAL_Driver/Src/stm32f4xx_hal_i2c.o
                0x0000000008004ce8                HAL_I2C_SlaveTxCpltCallback
 .text.HAL_I2C_SlaveRxCpltCallback
                0x0000000008004cfc       0x14 ./Drivers/STM32F4xx_HAL_Driver/Src/stm32f4xx_hal_i2c.o
                0x0000000008004cfc                HAL_I2C_SlaveRxCpltCallback
 .text.HAL_I2C_MemRxCpltCallback
                0x0000000008004d10       0x14 ./Drivers/STM32F4xx_HAL_Driver/Src/stm32f4xx_hal_i2c.o
                0x0000000008004d10                HAL_I2C_MemRxCpltCallback
 .text.HAL_I2C_ErrorCallback
                0x0000000008004d24       0x14 ./Drivers/STM32F4xx_HAL_Driver/Src/stm32f4xx_hal_i2c.o
                0x0000000008004d24                HAL_I2C_ErrorCallback
 .text.I2C_RequestMemoryRead
                0x0000000008004d38      0x1d0 ./Drivers/STM32F4xx_HAL_Driver/Src/stm32f4xx_hal_i2c.o
 .text.I2C_DMAXferCplt
                0x0000000008004f08      0x1aa ./Drivers/STM32F4xx_HAL_Driver/Src/stm32f4xx_hal_i2c.o
 .text.I2C_DMAError
                0x00000000080050b2       0x7a ./Drivers/STM32F4xx_HAL_Driver/Src/stm32f4xx_hal_i2c.o
 .text.I2C_WaitOnFlagUntilTimeout
                0x000000000800512c       0xae ./Drivers/STM32F4xx_HAL_Driver/Src/stm32f4xx_hal_i2c.o
 .text.I2C_WaitOnMasterAddressFlagUntilTimeout
                0x00000000080051da       0xfe ./Drivers/STM32F4xx_HAL_Driver/Src/stm32f4xx_hal_i2c.o
 .text.I2C_WaitOnTXEFlagUntilTimeout
                0x00000000080052d8       0x82 ./Drivers/STM32F4xx_HAL_Driver/Src/stm32f4xx_hal_i2c.o
 .text.I2C_IsAcknowledgeFailed
                0x000000000800535a       0x5e ./Drivers/STM32F4xx_HAL_Driver/Src/stm32f4xx_hal_i2c.o
 .text.HAL_I2CEx_ConfigAnalogFilter
                0x00000000080053b8       0x78 ./Drivers/STM32F4xx_HAL_Driver/Src/stm32f4xx_hal_i2c_ex.o
                0x00000000080053b8                HAL_I2CEx_ConfigAnalogFilter
 .text.HAL_I2CEx_ConfigDigitalFilter
                0x0000000008005430       0x7e ./Drivers/STM32F4xx_HAL_Driver/Src/stm32f4xx_hal_i2c_ex.o
                0x0000000008005430                HAL_I2CEx_ConfigDigitalFilter
 .text.HAL_PCD_Init
                0x00000000080054ae      0x23a ./Drivers/STM32F4xx_HAL_Driver/Src/stm32f4xx_hal_pcd.o
                0x00000000080054ae                HAL_PCD_Init
 .text.HAL_RCC_OscConfig
                0x00000000080056e8      0x4f0 ./Drivers/STM32F4xx_HAL_Driver/Src/stm32f4xx_hal_rcc.o
                0x00000000080056e8                HAL_RCC_OscConfig
 .text.HAL_RCC_ClockConfig
                0x0000000008005bd8      0x1cc ./Drivers/STM32F4xx_HAL_Driver/Src/stm32f4xx_hal_rcc.o
                0x0000000008005bd8                HAL_RCC_ClockConfig
 .text.HAL_RCC_MCOConfig
                0x0000000008005da4       0xd0 ./Drivers/STM32F4xx_HAL_Driver/Src/stm32f4xx_hal_rcc.o
                0x0000000008005da4                HAL_RCC_MCOConfig
 .text.HAL_RCC_GetSysClockFreq
                0x0000000008005e74      0x20c ./Drivers/STM32F4xx_HAL_Driver/Src/stm32f4xx_hal_rcc.o
                0x0000000008005e74                HAL_RCC_GetSysClockFreq
 .text.HAL_RCC_GetHCLKFreq
                0x0000000008006080       0x18 ./Drivers/STM32F4xx_HAL_Driver/Src/stm32f4xx_hal_rcc.o
                0x0000000008006080                HAL_RCC_GetHCLKFreq
 .text.HAL_RCC_GetPCLK1Freq
                0x0000000008006098       0x28 ./Drivers/STM32F4xx_HAL_Driver/Src/stm32f4xx_hal_rcc.o
                0x0000000008006098                HAL_RCC_GetPCLK1Freq
 .text.HAL_RCC_GetPCLK2Freq
                0x00000000080060c0       0x28 ./Drivers/STM32F4xx_HAL_Driver/Src/stm32f4xx_hal_rcc.o
                0x00000000080060c0                HAL_RCC_GetPCLK2Freq
 .text.HAL_RCC_GetClockConfig
                0x00000000080060e8       0x64 ./Drivers/STM32F4xx_HAL_Driver/Src/stm32f4xx_hal_rcc.o
                0x00000000080060e8                HAL_RCC_GetClockConfig
 .text.HAL_SPI_Init
                0x000000000800614c      0x112 ./Drivers/STM32F4xx_HAL_Driver/Src/stm32f4xx_hal_spi.o
                0x000000000800614c                HAL_SPI_Init
 .text.HAL_SPI_Transmit
                0x000000000800625e      0x278 ./Drivers/STM32F4xx_HAL_Driver/Src/stm32f4xx_hal_spi.o
                0x000000000800625e                HAL_SPI_Transmit
 .text.HAL_SPI_TransmitReceive
                0x00000000080064d6      0x344 ./Drivers/STM32F4xx_HAL_Driver/Src/stm32f4xx_hal_spi.o
                0x00000000080064d6                HAL_SPI_TransmitReceive
 .text.HAL_SPI_GetState
                0x000000000800681a       0x1c ./Drivers/STM32F4xx_HAL_Driver/Src/stm32f4xx_hal_spi.o
                0x000000000800681a                HAL_SPI_GetState
 *fill*         0x0000000008006836        0x2 
 .text.SPI_WaitFlagStateUntilTimeout
                0x0000000008006838      0x110 ./Drivers/STM32F4xx_HAL_Driver/Src/stm32f4xx_hal_spi.o
 .text.SPI_EndRxTxTransaction
                0x0000000008006948       0x84 ./Drivers/STM32F4xx_HAL_Driver/Src/stm32f4xx_hal_spi.o
 .text.HAL_TIM_Base_Init
                0x00000000080069cc       0x9e ./Drivers/STM32F4xx_HAL_Driver/Src/stm32f4xx_hal_tim.o
                0x00000000080069cc                HAL_TIM_Base_Init
 *fill*         0x0000000008006a6a        0x2 
 .text.HAL_TIM_Base_Start
                0x0000000008006a6c       0xd0 ./Drivers/STM32F4xx_HAL_Driver/Src/stm32f4xx_hal_tim.o
                0x0000000008006a6c                HAL_TIM_Base_Start
 .text.HAL_TIM_Base_Start_IT
                0x0000000008006b3c       0xe0 ./Drivers/STM32F4xx_HAL_Driver/Src/stm32f4xx_hal_tim.o
                0x0000000008006b3c                HAL_TIM_Base_Start_IT
 .text.HAL_TIM_PWM_Init
                0x0000000008006c1c       0x9e ./Drivers/STM32F4xx_HAL_Driver/Src/stm32f4xx_hal_tim.o
                0x0000000008006c1c                HAL_TIM_PWM_Init
 .text.HAL_TIM_PWM_MspInit
                0x0000000008006cba       0x14 ./Drivers/STM32F4xx_HAL_Driver/Src/stm32f4xx_hal_tim.o
                0x0000000008006cba                HAL_TIM_PWM_MspInit
 *fill*         0x0000000008006cce        0x2 
 .text.HAL_TIM_PWM_Start
                0x0000000008006cd0      0x190 ./Drivers/STM32F4xx_HAL_Driver/Src/stm32f4xx_hal_tim.o
                0x0000000008006cd0                HAL_TIM_PWM_Start
 .text.HAL_TIM_IRQHandler
                0x0000000008006e60      0x210 ./Drivers/STM32F4xx_HAL_Driver/Src/stm32f4xx_hal_tim.o
                0x0000000008006e60                HAL_TIM_IRQHandler
 .text.HAL_TIM_PWM_ConfigChannel
                0x0000000008007070      0x184 ./Drivers/STM32F4xx_HAL_Driver/Src/stm32f4xx_hal_tim.o
                0x0000000008007070                HAL_TIM_PWM_ConfigChannel
 .text.HAL_TIM_ConfigClockSource
                0x00000000080071f4      0x18e ./Drivers/STM32F4xx_HAL_Driver/Src/stm32f4xx_hal_tim.o
                0x00000000080071f4                HAL_TIM_ConfigClockSource
 .text.HAL_TIM_OC_DelayElapsedCallback
                0x0000000008007382       0x14 ./Drivers/STM32F4xx_HAL_Driver/Src/stm32f4xx_hal_tim.o
                0x0000000008007382                HAL_TIM_OC_DelayElapsedCallback
 .text.HAL_TIM_IC_CaptureCallback
                0x0000000008007396       0x14 ./Drivers/STM32F4xx_HAL_Driver/Src/stm32f4xx_hal_tim.o
                0x0000000008007396                HAL_TIM_IC_CaptureCallback
 .text.HAL_TIM_PWM_PulseFinishedCallback
                0x00000000080073aa       0x14 ./Drivers/STM32F4xx_HAL_Driver/Src/stm32f4xx_hal_tim.o
                0x00000000080073aa                HAL_TIM_PWM_PulseFinishedCallback
 .text.HAL_TIM_TriggerCallback
                0x00000000080073be       0x14 ./Drivers/STM32F4xx_HAL_Driver/Src/stm32f4xx_hal_tim.o
                0x00000000080073be                HAL_TIM_TriggerCallback
 *fill*         0x00000000080073d2        0x2 
 .text.TIM_Base_SetConfig
                0x00000000080073d4      0x140 ./Drivers/STM32F4xx_HAL_Driver/Src/stm32f4xx_hal_tim.o
                0x00000000080073d4                TIM_Base_SetConfig
 .text.TIM_OC1_SetConfig
                0x0000000008007514       0xe0 ./Drivers/STM32F4xx_HAL_Driver/Src/stm32f4xx_hal_tim.o
 .text.TIM_OC2_SetConfig
                0x00000000080075f4       0xec ./Drivers/STM32F4xx_HAL_Driver/Src/stm32f4xx_hal_tim.o
                0x00000000080075f4                TIM_OC2_SetConfig
 .text.TIM_OC3_SetConfig
                0x00000000080076e0       0xe8 ./Drivers/STM32F4xx_HAL_Driver/Src/stm32f4xx_hal_tim.o
 .text.TIM_OC4_SetConfig
                0x00000000080077c8       0xac ./Drivers/STM32F4xx_HAL_Driver/Src/stm32f4xx_hal_tim.o
 .text.TIM_TI1_ConfigInputStage
                0x0000000008007874       0x5e ./Drivers/STM32F4xx_HAL_Driver/Src/stm32f4xx_hal_tim.o
 .text.TIM_TI2_ConfigInputStage
                0x00000000080078d2       0x60 ./Drivers/STM32F4xx_HAL_Driver/Src/stm32f4xx_hal_tim.o
 .text.TIM_ITRx_SetConfig
                0x0000000008007932       0x36 ./Drivers/STM32F4xx_HAL_Driver/Src/stm32f4xx_hal_tim.o
 .text.TIM_ETR_SetConfig
                0x0000000008007968       0x40 ./Drivers/STM32F4xx_HAL_Driver/Src/stm32f4xx_hal_tim.o
                0x0000000008007968                TIM_ETR_SetConfig
 .text.TIM_CCxChannelCmd
                0x00000000080079a8       0x4a ./Drivers/STM32F4xx_HAL_Driver/Src/stm32f4xx_hal_tim.o
                0x00000000080079a8                TIM_CCxChannelCmd
 *fill*         0x00000000080079f2        0x2 
 .text.HAL_TIMEx_MasterConfigSynchronization
                0x00000000080079f4       0xf8 ./Drivers/STM32F4xx_HAL_Driver/Src/stm32f4xx_hal_tim_ex.o
                0x00000000080079f4                HAL_TIMEx_MasterConfigSynchronization
 .text.HAL_TIMEx_ConfigBreakDeadTime
                0x0000000008007aec       0xa4 ./Drivers/STM32F4xx_HAL_Driver/Src/stm32f4xx_hal_tim_ex.o
                0x0000000008007aec                HAL_TIMEx_ConfigBreakDeadTime
 .text.HAL_TIMEx_CommutCallback
                0x0000000008007b90       0x14 ./Drivers/STM32F4xx_HAL_Driver/Src/stm32f4xx_hal_tim_ex.o
                0x0000000008007b90                HAL_TIMEx_CommutCallback
 .text.HAL_TIMEx_BreakCallback
                0x0000000008007ba4       0x14 ./Drivers/STM32F4xx_HAL_Driver/Src/stm32f4xx_hal_tim_ex.o
                0x0000000008007ba4                HAL_TIMEx_BreakCallback
 .text.HAL_UART_Init
                0x0000000008007bb8       0x9a ./Drivers/STM32F4xx_HAL_Driver/Src/stm32f4xx_hal_uart.o
                0x0000000008007bb8                HAL_UART_Init
 *fill*         0x0000000008007c52        0x2 
 .text.HAL_UART_Transmit_DMA
                0x0000000008007c54       0xfc ./Drivers/STM32F4xx_HAL_Driver/Src/stm32f4xx_hal_uart.o
                0x0000000008007c54                HAL_UART_Transmit_DMA
 .text.HAL_UART_Receive_DMA
                0x0000000008007d50       0x60 ./Drivers/STM32F4xx_HAL_Driver/Src/stm32f4xx_hal_uart.o
                0x0000000008007d50                HAL_UART_Receive_DMA
 .text.HAL_UART_IRQHandler
                0x0000000008007db0      0x51c ./Drivers/STM32F4xx_HAL_Driver/Src/stm32f4xx_hal_uart.o
                0x0000000008007db0                HAL_UART_IRQHandler
 .text.HAL_UART_TxHalfCpltCallback
                0x00000000080082cc       0x14 ./Drivers/STM32F4xx_HAL_Driver/Src/stm32f4xx_hal_uart.o
                0x00000000080082cc                HAL_UART_TxHalfCpltCallback
 .text.HAL_UART_RxHalfCpltCallback
                0x00000000080082e0       0x14 ./Drivers/STM32F4xx_HAL_Driver/Src/stm32f4xx_hal_uart.o
                0x00000000080082e0                HAL_UART_RxHalfCpltCallback
 .text.HAL_UART_ErrorCallback
                0x00000000080082f4       0x14 ./Drivers/STM32F4xx_HAL_Driver/Src/stm32f4xx_hal_uart.o
                0x00000000080082f4                HAL_UART_ErrorCallback
 .text.HAL_UARTEx_RxEventCallback
                0x0000000008008308       0x18 ./Drivers/STM32F4xx_HAL_Driver/Src/stm32f4xx_hal_uart.o
                0x0000000008008308                HAL_UARTEx_RxEventCallback
 .text.UART_DMATransmitCplt
                0x0000000008008320       0x9a ./Drivers/STM32F4xx_HAL_Driver/Src/stm32f4xx_hal_uart.o
 .text.UART_DMATxHalfCplt
                0x00000000080083ba       0x1c ./Drivers/STM32F4xx_HAL_Driver/Src/stm32f4xx_hal_uart.o
 .text.UART_DMAReceiveCplt
                0x00000000080083d6      0x126 ./Drivers/STM32F4xx_HAL_Driver/Src/stm32f4xx_hal_uart.o
 .text.UART_DMARxHalfCplt
                0x00000000080084fc       0x36 ./Drivers/STM32F4xx_HAL_Driver/Src/stm32f4xx_hal_uart.o
 .text.UART_DMAError
                0x0000000008008532       0x94 ./Drivers/STM32F4xx_HAL_Driver/Src/stm32f4xx_hal_uart.o
 *fill*         0x00000000080085c6        0x2 
 .text.UART_Start_Receive_DMA
                0x00000000080085c8      0x13c ./Drivers/STM32F4xx_HAL_Driver/Src/stm32f4xx_hal_uart.o
                0x00000000080085c8                UART_Start_Receive_DMA
 .text.UART_EndTxTransfer
                0x0000000008008704       0x50 ./Drivers/STM32F4xx_HAL_Driver/Src/stm32f4xx_hal_uart.o
 .text.UART_EndRxTransfer
                0x0000000008008754       0xc6 ./Drivers/STM32F4xx_HAL_Driver/Src/stm32f4xx_hal_uart.o
 .text.UART_DMAAbortOnError
                0x000000000800881a       0x28 ./Drivers/STM32F4xx_HAL_Driver/Src/stm32f4xx_hal_uart.o
 .text.UART_Transmit_IT
                0x0000000008008842       0xa0 ./Drivers/STM32F4xx_HAL_Driver/Src/stm32f4xx_hal_uart.o
 .text.UART_EndTransmit_IT
                0x00000000080088e2       0x30 ./Drivers/STM32F4xx_HAL_Driver/Src/stm32f4xx_hal_uart.o
 .text.UART_Receive_IT
                0x0000000008008912      0x176 ./Drivers/STM32F4xx_HAL_Driver/Src/stm32f4xx_hal_uart.o
 .text.UART_SetConfig
                0x0000000008008a88      0x4e8 ./Drivers/STM32F4xx_HAL_Driver/Src/stm32f4xx_hal_uart.o
 .text.USB_CoreInit
                0x0000000008008f70       0xc2 ./Drivers/STM32F4xx_HAL_Driver/Src/stm32f4xx_ll_usb.o
                0x0000000008008f70                USB_CoreInit
 .text.USB_DisableGlobalInt
                0x0000000008009032       0x22 ./Drivers/STM32F4xx_HAL_Driver/Src/stm32f4xx_ll_usb.o
                0x0000000008009032                USB_DisableGlobalInt
 .text.USB_SetCurrentMode
                0x0000000008009054       0x98 ./Drivers/STM32F4xx_HAL_Driver/Src/stm32f4xx_ll_usb.o
                0x0000000008009054                USB_SetCurrentMode
 .text.USB_DevInit
                0x00000000080090ec      0x2c8 ./Drivers/STM32F4xx_HAL_Driver/Src/stm32f4xx_ll_usb.o
                0x00000000080090ec                USB_DevInit
 .text.USB_FlushTxFifo
                0x00000000080093b4       0x68 ./Drivers/STM32F4xx_HAL_Driver/Src/stm32f4xx_ll_usb.o
                0x00000000080093b4                USB_FlushTxFifo
 .text.USB_FlushRxFifo
                0x000000000800941c       0x60 ./Drivers/STM32F4xx_HAL_Driver/Src/stm32f4xx_ll_usb.o
                0x000000000800941c                USB_FlushRxFifo
 .text.USB_SetDevSpeed
                0x000000000800947c       0x32 ./Drivers/STM32F4xx_HAL_Driver/Src/stm32f4xx_ll_usb.o
                0x000000000800947c                USB_SetDevSpeed
 .text.USB_DevDisconnect
                0x00000000080094ae       0x42 ./Drivers/STM32F4xx_HAL_Driver/Src/stm32f4xx_ll_usb.o
                0x00000000080094ae                USB_DevDisconnect
 .text.USB_GetMode
                0x00000000080094f0       0x1c ./Drivers/STM32F4xx_HAL_Driver/Src/stm32f4xx_ll_usb.o
                0x00000000080094f0                USB_GetMode
 .text.USB_CoreReset
                0x000000000800950c       0x68 ./Drivers/STM32F4xx_HAL_Driver/Src/stm32f4xx_ll_usb.o
 .text.MX_FATFS_Init
                0x0000000008009574       0x24 ./FATFS/App/fatfs.o
                0x0000000008009574                MX_FATFS_Init
 .text.get_fattime
                0x0000000008009598       0x10 ./FATFS/App/fatfs.o
                0x0000000008009598                get_fattime
 .text.USER_initialize
                0x00000000080095a8       0x1e ./FATFS/Target/user_diskio.o
                0x00000000080095a8                USER_initialize
 .text.USER_status
                0x00000000080095c6       0x1e ./FATFS/Target/user_diskio.o
                0x00000000080095c6                USER_status
 .text.USER_read
                0x00000000080095e4       0x28 ./FATFS/Target/user_diskio.o
                0x00000000080095e4                USER_read
 .text.USER_write
                0x000000000800960c       0x28 ./FATFS/Target/user_diskio.o
                0x000000000800960c                USER_write
 .text.USER_ioctl
                0x0000000008009634       0x28 ./FATFS/Target/user_diskio.o
                0x0000000008009634                USER_ioctl
 .text.disk_status
                0x000000000800965c       0x34 ./Middlewares/Third_Party/FatFs/src/diskio.o
                0x000000000800965c                disk_status
 .text.disk_initialize
                0x0000000008009690       0x4c ./Middlewares/Third_Party/FatFs/src/diskio.o
                0x0000000008009690                disk_initialize
 .text.disk_read
                0x00000000080096dc       0x40 ./Middlewares/Third_Party/FatFs/src/diskio.o
                0x00000000080096dc                disk_read
 .text.disk_write
                0x000000000800971c       0x40 ./Middlewares/Third_Party/FatFs/src/diskio.o
                0x000000000800971c                disk_write
 .text.disk_ioctl
                0x000000000800975c       0x3c ./Middlewares/Third_Party/FatFs/src/diskio.o
                0x000000000800975c                disk_ioctl
 .text.ld_word  0x0000000008009798       0x30 ./Middlewares/Third_Party/FatFs/src/ff.o
 .text.ld_dword
                0x00000000080097c8       0x46 ./Middlewares/Third_Party/FatFs/src/ff.o
 .text.st_word  0x000000000800980e       0x36 ./Middlewares/Third_Party/FatFs/src/ff.o
 .text.st_dword
                0x0000000008009844       0x58 ./Middlewares/Third_Party/FatFs/src/ff.o
 .text.mem_cpy  0x000000000800989c       0x42 ./Middlewares/Third_Party/FatFs/src/ff.o
 .text.mem_set  0x00000000080098de       0x36 ./Middlewares/Third_Party/FatFs/src/ff.o
 .text.mem_cmp  0x0000000008009914       0x4e ./Middlewares/Third_Party/FatFs/src/ff.o
 .text.chk_chr  0x0000000008009962       0x36 ./Middlewares/Third_Party/FatFs/src/ff.o
 .text.lock_fs  0x0000000008009998       0x2c ./Middlewares/Third_Party/FatFs/src/ff.o
 .text.unlock_fs
                0x00000000080099c4       0x36 ./Middlewares/Third_Party/FatFs/src/ff.o
 *fill*         0x00000000080099fa        0x2 
 .text.chk_lock
                0x00000000080099fc       0xb8 ./Middlewares/Third_Party/FatFs/src/ff.o
 .text.enq_lock
                0x0000000008009ab4       0x44 ./Middlewares/Third_Party/FatFs/src/ff.o
 .text.inc_lock
                0x0000000008009af8      0x11c ./Middlewares/Third_Party/FatFs/src/ff.o
 .text.dec_lock
                0x0000000008009c14       0x78 ./Middlewares/Third_Party/FatFs/src/ff.o
 .text.clear_lock
                0x0000000008009c8c       0x48 ./Middlewares/Third_Party/FatFs/src/ff.o
 .text.sync_window
                0x0000000008009cd4       0x88 ./Middlewares/Third_Party/FatFs/src/ff.o
 .text.move_window
                0x0000000008009d5c       0x5a ./Middlewares/Third_Party/FatFs/src/ff.o
 *fill*         0x0000000008009db6        0x2 
 .text.sync_fs  0x0000000008009db8       0xe0 ./Middlewares/Third_Party/FatFs/src/ff.o
 .text.clust2sect
                0x0000000008009e98       0x3e ./Middlewares/Third_Party/FatFs/src/ff.o
 .text.get_fat  0x0000000008009ed6      0x1a8 ./Middlewares/Third_Party/FatFs/src/ff.o
 .text.put_fat  0x000000000800a07e      0x238 ./Middlewares/Third_Party/FatFs/src/ff.o
 .text.remove_chain
                0x000000000800a2b6       0xca ./Middlewares/Third_Party/FatFs/src/ff.o
 .text.create_chain
                0x000000000800a380      0x130 ./Middlewares/Third_Party/FatFs/src/ff.o
 .text.clmt_clust
                0x000000000800a4b0       0x70 ./Middlewares/Third_Party/FatFs/src/ff.o
 .text.dir_sdi  0x000000000800a520      0x112 ./Middlewares/Third_Party/FatFs/src/ff.o
 .text.dir_next
                0x000000000800a632      0x1ac ./Middlewares/Third_Party/FatFs/src/ff.o
 .text.dir_alloc
                0x000000000800a7de       0x8e ./Middlewares/Third_Party/FatFs/src/ff.o
 .text.ld_clust
                0x000000000800a86c       0x3e ./Middlewares/Third_Party/FatFs/src/ff.o
 .text.st_clust
                0x000000000800a8aa       0x40 ./Middlewares/Third_Party/FatFs/src/ff.o
 .text.dir_find
                0x000000000800a8ea       0xaa ./Middlewares/Third_Party/FatFs/src/ff.o
 .text.dir_register
                0x000000000800a994       0x64 ./Middlewares/Third_Party/FatFs/src/ff.o
 .text.create_name
                0x000000000800a9f8      0x128 ./Middlewares/Third_Party/FatFs/src/ff.o
 .text.follow_path
                0x000000000800ab20       0xec ./Middlewares/Third_Party/FatFs/src/ff.o
 .text.get_ldnumber
                0x000000000800ac0c       0x88 ./Middlewares/Third_Party/FatFs/src/ff.o
 .text.check_fs
                0x000000000800ac94       0xac ./Middlewares/Third_Party/FatFs/src/ff.o
 .text.find_volume
                0x000000000800ad40      0x510 ./Middlewares/Third_Party/FatFs/src/ff.o
 .text.validate
                0x000000000800b250       0x8e ./Middlewares/Third_Party/FatFs/src/ff.o
 *fill*         0x000000000800b2de        0x2 
 .text.f_mount  0x000000000800b2e0       0xc8 ./Middlewares/Third_Party/FatFs/src/ff.o
                0x000000000800b2e0                f_mount
 .text.f_open   0x000000000800b3a8      0x3a6 ./Middlewares/Third_Party/FatFs/src/ff.o
                0x000000000800b3a8                f_open
 .text.f_write  0x000000000800b74e      0x386 ./Middlewares/Third_Party/FatFs/src/ff.o
                0x000000000800b74e                f_write
 .text.f_sync   0x000000000800bad4      0x112 ./Middlewares/Third_Party/FatFs/src/ff.o
                0x000000000800bad4                f_sync
 .text.f_close  0x000000000800bbe6       0x5e ./Middlewares/Third_Party/FatFs/src/ff.o
                0x000000000800bbe6                f_close
 .text.f_lseek  0x000000000800bc44      0x4dc ./Middlewares/Third_Party/FatFs/src/ff.o
                0x000000000800bc44                f_lseek
 .text.putc_bfd
                0x000000000800c120       0x7a ./Middlewares/Third_Party/FatFs/src/ff.o
 .text.putc_flush
                0x000000000800c19a       0x4a ./Middlewares/Third_Party/FatFs/src/ff.o
 .text.putc_init
                0x000000000800c1e4       0x2a ./Middlewares/Third_Party/FatFs/src/ff.o
 .text.f_puts   0x000000000800c20e       0x48 ./Middlewares/Third_Party/FatFs/src/ff.o
                0x000000000800c20e                f_puts
 *fill*         0x000000000800c256        0x2 
 .text.FATFS_LinkDriverEx
                0x000000000800c258       0x98 ./Middlewares/Third_Party/FatFs/src/ff_gen_drv.o
                0x000000000800c258                FATFS_LinkDriverEx
 .text.FATFS_LinkDriver
                0x000000000800c2f0       0x1e ./Middlewares/Third_Party/FatFs/src/ff_gen_drv.o
                0x000000000800c2f0                FATFS_LinkDriver
 .text.ff_cre_syncobj
                0x000000000800c30e       0x40 ./Middlewares/Third_Party/FatFs/src/option/syscall.o
                0x000000000800c30e                ff_cre_syncobj
 .text.ff_del_syncobj
                0x000000000800c34e       0x18 ./Middlewares/Third_Party/FatFs/src/option/syscall.o
                0x000000000800c34e                ff_del_syncobj
 .text.ff_req_grant
                0x000000000800c366       0x2a ./Middlewares/Third_Party/FatFs/src/option/syscall.o
                0x000000000800c366                ff_req_grant
 .text.ff_rel_grant
                0x000000000800c390       0x16 ./Middlewares/Third_Party/FatFs/src/option/syscall.o
                0x000000000800c390                ff_rel_grant
 .text.makeFreeRtosPriority
                0x000000000800c3a6       0x30 ./Middlewares/Third_Party/FreeRTOS/Source/CMSIS_RTOS/cmsis_os.o
 .text.inHandlerMode
                0x000000000800c3d6       0x24 ./Middlewares/Third_Party/FreeRTOS/Source/CMSIS_RTOS/cmsis_os.o
 .text.osKernelStart
                0x000000000800c3fa        0xe ./Middlewares/Third_Party/FreeRTOS/Source/CMSIS_RTOS/cmsis_os.o
                0x000000000800c3fa                osKernelStart
 .text.osThreadCreate
                0x000000000800c408       0x98 ./Middlewares/Third_Party/FreeRTOS/Source/CMSIS_RTOS/cmsis_os.o
                0x000000000800c408                osThreadCreate
 .text.osDelay  0x000000000800c4a0       0x28 ./Middlewares/Third_Party/FreeRTOS/Source/CMSIS_RTOS/cmsis_os.o
                0x000000000800c4a0                osDelay
 .text.osSemaphoreCreate
                0x000000000800c4c8       0x64 ./Middlewares/Third_Party/FreeRTOS/Source/CMSIS_RTOS/cmsis_os.o
                0x000000000800c4c8                osSemaphoreCreate
 .text.osSemaphoreWait
                0x000000000800c52c       0x9c ./Middlewares/Third_Party/FreeRTOS/Source/CMSIS_RTOS/cmsis_os.o
                0x000000000800c52c                osSemaphoreWait
 .text.osSemaphoreRelease
                0x000000000800c5c8       0x6c ./Middlewares/Third_Party/FreeRTOS/Source/CMSIS_RTOS/cmsis_os.o
                0x000000000800c5c8                osSemaphoreRelease
 .text.osSemaphoreDelete
                0x000000000800c634       0x26 ./Middlewares/Third_Party/FreeRTOS/Source/CMSIS_RTOS/cmsis_os.o
                0x000000000800c634                osSemaphoreDelete
 .text.osMessageCreate
                0x000000000800c65a       0x50 ./Middlewares/Third_Party/FreeRTOS/Source/CMSIS_RTOS/cmsis_os.o
                0x000000000800c65a                osMessageCreate
 .text.vListInitialise
                0x000000000800c6aa       0x40 ./Middlewares/Third_Party/FreeRTOS/Source/list.o
                0x000000000800c6aa                vListInitialise
 .text.vListInitialiseItem
                0x000000000800c6ea       0x1a ./Middlewares/Third_Party/FreeRTOS/Source/list.o
                0x000000000800c6ea                vListInitialiseItem
 .text.vListInsertEnd
                0x000000000800c704       0x48 ./Middlewares/Third_Party/FreeRTOS/Source/list.o
                0x000000000800c704                vListInsertEnd
 .text.vListInsert
                0x000000000800c74c       0x72 ./Middlewares/Third_Party/FreeRTOS/Source/list.o
                0x000000000800c74c                vListInsert
 .text.uxListRemove
                0x000000000800c7be       0x54 ./Middlewares/Third_Party/FreeRTOS/Source/list.o
                0x000000000800c7be                uxListRemove
 *fill*         0x000000000800c812        0x2 
 .text.xQueueGenericReset
                0x000000000800c814       0xd0 ./Middlewares/Third_Party/FreeRTOS/Source/queue.o
                0x000000000800c814                xQueueGenericReset
 .text.xQueueGenericCreateStatic
                0x000000000800c8e4       0xf0 ./Middlewares/Third_Party/FreeRTOS/Source/queue.o
                0x000000000800c8e4                xQueueGenericCreateStatic
 .text.xQueueGenericCreate
                0x000000000800c9d4       0x74 ./Middlewares/Third_Party/FreeRTOS/Source/queue.o
                0x000000000800c9d4                xQueueGenericCreate
 .text.prvInitialiseNewQueue
                0x000000000800ca48       0x3e ./Middlewares/Third_Party/FreeRTOS/Source/queue.o
 *fill*         0x000000000800ca86        0x2 
 .text.xQueueGenericSend
                0x000000000800ca88      0x1fc ./Middlewares/Third_Party/FreeRTOS/Source/queue.o
                0x000000000800ca88                xQueueGenericSend
 .text.xQueueGiveFromISR
                0x000000000800cc84      0x11a ./Middlewares/Third_Party/FreeRTOS/Source/queue.o
                0x000000000800cc84                xQueueGiveFromISR
 *fill*         0x000000000800cd9e        0x2 
 .text.xQueueSemaphoreTake
                0x000000000800cda0      0x218 ./Middlewares/Third_Party/FreeRTOS/Source/queue.o
                0x000000000800cda0                xQueueSemaphoreTake
 .text.xQueueReceiveFromISR
                0x000000000800cfb8      0x100 ./Middlewares/Third_Party/FreeRTOS/Source/queue.o
                0x000000000800cfb8                xQueueReceiveFromISR
 .text.vQueueDelete
                0x000000000800d0b8       0x46 ./Middlewares/Third_Party/FreeRTOS/Source/queue.o
                0x000000000800d0b8                vQueueDelete
 .text.prvGetDisinheritPriorityAfterTimeout
                0x000000000800d0fe       0x30 ./Middlewares/Third_Party/FreeRTOS/Source/queue.o
 .text.prvCopyDataToQueue
                0x000000000800d12e       0xd4 ./Middlewares/Third_Party/FreeRTOS/Source/queue.o
 .text.prvCopyDataFromQueue
                0x000000000800d202       0x4c ./Middlewares/Third_Party/FreeRTOS/Source/queue.o
 .text.prvUnlockQueue
                0x000000000800d24e       0xa4 ./Middlewares/Third_Party/FreeRTOS/Source/queue.o
 .text.prvIsQueueEmpty
                0x000000000800d2f2       0x2c ./Middlewares/Third_Party/FreeRTOS/Source/queue.o
 .text.prvIsQueueFull
                0x000000000800d31e       0x30 ./Middlewares/Third_Party/FreeRTOS/Source/queue.o
 *fill*         0x000000000800d34e        0x2 
 .text.vQueueUnregisterQueue
                0x000000000800d350       0x54 ./Middlewares/Third_Party/FreeRTOS/Source/queue.o
                0x000000000800d350                vQueueUnregisterQueue
 .text.xTaskCreateStatic
                0x000000000800d3a4       0xba ./Middlewares/Third_Party/FreeRTOS/Source/tasks.o
                0x000000000800d3a4                xTaskCreateStatic
 .text.xTaskCreate
                0x000000000800d45e       0x8a ./Middlewares/Third_Party/FreeRTOS/Source/tasks.o
                0x000000000800d45e                xTaskCreate
 .text.prvInitialiseNewTask
                0x000000000800d4e8      0x13c ./Middlewares/Third_Party/FreeRTOS/Source/tasks.o
 .text.prvAddNewTaskToReadyList
                0x000000000800d624       0xd4 ./Middlewares/Third_Party/FreeRTOS/Source/tasks.o
 .text.vTaskDelay
                0x000000000800d6f8       0x68 ./Middlewares/Third_Party/FreeRTOS/Source/tasks.o
                0x000000000800d6f8                vTaskDelay
 .text.vTaskStartScheduler
                0x000000000800d760       0xd4 ./Middlewares/Third_Party/FreeRTOS/Source/tasks.o
                0x000000000800d760                vTaskStartScheduler
 .text.vTaskSuspendAll
                0x000000000800d834       0x1c ./Middlewares/Third_Party/FreeRTOS/Source/tasks.o
                0x000000000800d834                vTaskSuspendAll
 .text.xTaskResumeAll
                0x000000000800d850      0x138 ./Middlewares/Third_Party/FreeRTOS/Source/tasks.o
                0x000000000800d850                xTaskResumeAll
 .text.xTaskIncrementTick
                0x000000000800d988      0x170 ./Middlewares/Third_Party/FreeRTOS/Source/tasks.o
                0x000000000800d988                xTaskIncrementTick
 .text.vTaskSwitchContext
                0x000000000800daf8       0xc4 ./Middlewares/Third_Party/FreeRTOS/Source/tasks.o
                0x000000000800daf8                vTaskSwitchContext
 .text.vTaskPlaceOnEventList
                0x000000000800dbbc       0x48 ./Middlewares/Third_Party/FreeRTOS/Source/tasks.o
                0x000000000800dbbc                vTaskPlaceOnEventList
 .text.xTaskRemoveFromEventList
                0x000000000800dc04       0xc4 ./Middlewares/Third_Party/FreeRTOS/Source/tasks.o
                0x000000000800dc04                xTaskRemoveFromEventList
 .text.vTaskInternalSetTimeOutState
                0x000000000800dcc8       0x2c ./Middlewares/Third_Party/FreeRTOS/Source/tasks.o
                0x000000000800dcc8                vTaskInternalSetTimeOutState
 .text.xTaskCheckForTimeOut
                0x000000000800dcf4       0xc4 ./Middlewares/Third_Party/FreeRTOS/Source/tasks.o
                0x000000000800dcf4                xTaskCheckForTimeOut
 .text.vTaskMissedYield
                0x000000000800ddb8       0x18 ./Middlewares/Third_Party/FreeRTOS/Source/tasks.o
                0x000000000800ddb8                vTaskMissedYield
 .text.prvIdleTask
                0x000000000800ddd0       0x30 ./Middlewares/Third_Party/FreeRTOS/Source/tasks.o
 .text.prvInitialiseTaskLists
                0x000000000800de00       0x80 ./Middlewares/Third_Party/FreeRTOS/Source/tasks.o
 .text.prvCheckTasksWaitingTermination
                0x000000000800de80       0x5c ./Middlewares/Third_Party/FreeRTOS/Source/tasks.o
 .text.prvDeleteTCB
                0x000000000800dedc       0x68 ./Middlewares/Third_Party/FreeRTOS/Source/tasks.o
 .text.prvResetNextTaskUnblockTime
                0x000000000800df44       0x40 ./Middlewares/Third_Party/FreeRTOS/Source/tasks.o
 .text.xTaskGetSchedulerState
                0x000000000800df84       0x3c ./Middlewares/Third_Party/FreeRTOS/Source/tasks.o
                0x000000000800df84                xTaskGetSchedulerState
 .text.xTaskPriorityInherit
                0x000000000800dfc0       0xec ./Middlewares/Third_Party/FreeRTOS/Source/tasks.o
                0x000000000800dfc0                xTaskPriorityInherit
 .text.xTaskPriorityDisinherit
                0x000000000800e0ac      0x10c ./Middlewares/Third_Party/FreeRTOS/Source/tasks.o
                0x000000000800e0ac                xTaskPriorityDisinherit
 .text.vTaskPriorityDisinheritAfterTimeout
                0x000000000800e1b8      0x11c ./Middlewares/Third_Party/FreeRTOS/Source/tasks.o
                0x000000000800e1b8                vTaskPriorityDisinheritAfterTimeout
 .text.pvTaskIncrementMutexHeldCount
                0x000000000800e2d4       0x28 ./Middlewares/Third_Party/FreeRTOS/Source/tasks.o
                0x000000000800e2d4                pvTaskIncrementMutexHeldCount
 .text.prvAddCurrentTaskToDelayedList
                0x000000000800e2fc       0xcc ./Middlewares/Third_Party/FreeRTOS/Source/tasks.o
 .text.pxPortInitialiseStack
                0x000000000800e3c8       0x68 ./Middlewares/Third_Party/FreeRTOS/Source/portable/GCC/ARM_CM4F/port.o
                0x000000000800e3c8                pxPortInitialiseStack
 .text.prvTaskExitError
                0x000000000800e430       0x58 ./Middlewares/Third_Party/FreeRTOS/Source/portable/GCC/ARM_CM4F/port.o
 *fill*         0x000000000800e488        0x8 
 .text.SVC_Handler
                0x000000000800e490       0x28 ./Middlewares/Third_Party/FreeRTOS/Source/portable/GCC/ARM_CM4F/port.o
                0x000000000800e490                SVC_Handler
 .text.prvPortStartFirstTask
                0x000000000800e4b8       0x28 ./Middlewares/Third_Party/FreeRTOS/Source/portable/GCC/ARM_CM4F/port.o
 .text.xPortStartScheduler
                0x000000000800e4e0      0x144 ./Middlewares/Third_Party/FreeRTOS/Source/portable/GCC/ARM_CM4F/port.o
                0x000000000800e4e0                xPortStartScheduler
 .text.vPortEnterCritical
                0x000000000800e624       0x60 ./Middlewares/Third_Party/FreeRTOS/Source/portable/GCC/ARM_CM4F/port.o
                0x000000000800e624                vPortEnterCritical
 .text.vPortExitCritical
                0x000000000800e684       0x54 ./Middlewares/Third_Party/FreeRTOS/Source/portable/GCC/ARM_CM4F/port.o
                0x000000000800e684                vPortExitCritical
 *fill*         0x000000000800e6d8        0x8 
 .text.PendSV_Handler
                0x000000000800e6e0       0x68 ./Middlewares/Third_Party/FreeRTOS/Source/portable/GCC/ARM_CM4F/port.o
                0x000000000800e6e0                PendSV_Handler
 .text.SysTick_Handler
                0x000000000800e748       0x44 ./Middlewares/Third_Party/FreeRTOS/Source/portable/GCC/ARM_CM4F/port.o
                0x000000000800e748                SysTick_Handler
 .text.vPortSetupTimerInterrupt
                0x000000000800e78c       0x48 ./Middlewares/Third_Party/FreeRTOS/Source/portable/GCC/ARM_CM4F/port.o
                0x000000000800e78c                vPortSetupTimerInterrupt
 .text.vPortEnableVFP
                0x000000000800e7d4       0x14 ./Middlewares/Third_Party/FreeRTOS/Source/portable/GCC/ARM_CM4F/port.o
 .text.vPortValidateInterruptPriority
                0x000000000800e7e8       0x80 ./Middlewares/Third_Party/FreeRTOS/Source/portable/GCC/ARM_CM4F/port.o
                0x000000000800e7e8                vPortValidateInterruptPriority
 .text.pvPortMalloc
                0x000000000800e868      0x198 ./Middlewares/Third_Party/FreeRTOS/Source/portable/MemMang/heap_4.o
                0x000000000800e868                pvPortMalloc
 .text.vPortFree
                0x000000000800ea00       0xc4 ./Middlewares/Third_Party/FreeRTOS/Source/portable/MemMang/heap_4.o
                0x000000000800ea00                vPortFree
 .text.prvHeapInit
                0x000000000800eac4       0xc4 ./Middlewares/Third_Party/FreeRTOS/Source/portable/MemMang/heap_4.o
 .text.prvInsertBlockIntoFreeList
                0x000000000800eb88       0xb4 ./Middlewares/Third_Party/FreeRTOS/Source/portable/MemMang/heap_4.o
 .text.__errno  0x000000000800ec3c        0xc c:/st/stm32cubeide_1.10.1/stm32cubeide/plugins/com.st.stm32cube.ide.mcu.externaltools.gnu-tools-for-stm32.10.3-2021.10.win32_1.0.0.202111181127/tools/bin/../lib/gcc/arm-none-eabi/10.3.1/../../../../arm-none-eabi/lib/thumb/v7e-m+fp/hard\libc_nano.a(lib_a-errno.o)
                0x000000000800ec3c                __errno
 .text.__libc_init_array
                0x000000000800ec48       0x48 c:/st/stm32cubeide_1.10.1/stm32cubeide/plugins/com.st.stm32cube.ide.mcu.externaltools.gnu-tools-for-stm32.10.3-2021.10.win32_1.0.0.202111181127/tools/bin/../lib/gcc/arm-none-eabi/10.3.1/../../../../arm-none-eabi/lib/thumb/v7e-m+fp/hard\libc_nano.a(lib_a-init.o)
                0x000000000800ec48                __libc_init_array
 .text.__retarget_lock_acquire_recursive
                0x000000000800ec90        0x2 c:/st/stm32cubeide_1.10.1/stm32cubeide/plugins/com.st.stm32cube.ide.mcu.externaltools.gnu-tools-for-stm32.10.3-2021.10.win32_1.0.0.202111181127/tools/bin/../lib/gcc/arm-none-eabi/10.3.1/../../../../arm-none-eabi/lib/thumb/v7e-m+fp/hard\libc_nano.a(lib_a-lock.o)
                0x000000000800ec90                __retarget_lock_acquire_recursive
 .text.__retarget_lock_release_recursive
                0x000000000800ec92        0x2 c:/st/stm32cubeide_1.10.1/stm32cubeide/plugins/com.st.stm32cube.ide.mcu.externaltools.gnu-tools-for-stm32.10.3-2021.10.win32_1.0.0.202111181127/tools/bin/../lib/gcc/arm-none-eabi/10.3.1/../../../../arm-none-eabi/lib/thumb/v7e-m+fp/hard\libc_nano.a(lib_a-lock.o)
                0x000000000800ec92                __retarget_lock_release_recursive
 .text.memcpy   0x000000000800ec94       0x1c c:/st/stm32cubeide_1.10.1/stm32cubeide/plugins/com.st.stm32cube.ide.mcu.externaltools.gnu-tools-for-stm32.10.3-2021.10.win32_1.0.0.202111181127/tools/bin/../lib/gcc/arm-none-eabi/10.3.1/../../../../arm-none-eabi/lib/thumb/v7e-m+fp/hard\libc_nano.a(lib_a-memcpy-stub.o)
                0x000000000800ec94                memcpy
 .text.memset   0x000000000800ecb0       0x10 c:/st/stm32cubeide_1.10.1/stm32cubeide/plugins/com.st.stm32cube.ide.mcu.externaltools.gnu-tools-for-stm32.10.3-2021.10.win32_1.0.0.202111181127/tools/bin/../lib/gcc/arm-none-eabi/10.3.1/../../../../arm-none-eabi/lib/thumb/v7e-m+fp/hard\libc_nano.a(lib_a-memset.o)
                0x000000000800ecb0                memset
 .text.sbrk_aligned
                0x000000000800ecc0       0x40 c:/st/stm32cubeide_1.10.1/stm32cubeide/plugins/com.st.stm32cube.ide.mcu.externaltools.gnu-tools-for-stm32.10.3-2021.10.win32_1.0.0.202111181127/tools/bin/../lib/gcc/arm-none-eabi/10.3.1/../../../../arm-none-eabi/lib/thumb/v7e-m+fp/hard\libc_nano.a(lib_a-nano-mallocr.o)
 .text._malloc_r
                0x000000000800ed00       0xe8 c:/st/stm32cubeide_1.10.1/stm32cubeide/plugins/com.st.stm32cube.ide.mcu.externaltools.gnu-tools-for-stm32.10.3-2021.10.win32_1.0.0.202111181127/tools/bin/../lib/gcc/arm-none-eabi/10.3.1/../../../../arm-none-eabi/lib/thumb/v7e-m+fp/hard\libc_nano.a(lib_a-nano-mallocr.o)
                0x000000000800ed00                _malloc_r
 .text.cleanup_glue
                0x000000000800ede8       0x1a c:/st/stm32cubeide_1.10.1/stm32cubeide/plugins/com.st.stm32cube.ide.mcu.externaltools.gnu-tools-for-stm32.10.3-2021.10.win32_1.0.0.202111181127/tools/bin/../lib/gcc/arm-none-eabi/10.3.1/../../../../arm-none-eabi/lib/thumb/v7e-m+fp/hard\libc_nano.a(lib_a-reent.o)
                0x000000000800ede8                cleanup_glue
 *fill*         0x000000000800ee02        0x2 
 .text._reclaim_reent
                0x000000000800ee04       0xb8 c:/st/stm32cubeide_1.10.1/stm32cubeide/plugins/com.st.stm32cube.ide.mcu.externaltools.gnu-tools-for-stm32.10.3-2021.10.win32_1.0.0.202111181127/tools/bin/../lib/gcc/arm-none-eabi/10.3.1/../../../../arm-none-eabi/lib/thumb/v7e-m+fp/hard\libc_nano.a(lib_a-reent.o)
                0x000000000800ee04                _reclaim_reent
 .text._sbrk_r  0x000000000800eebc       0x20 c:/st/stm32cubeide_1.10.1/stm32cubeide/plugins/com.st.stm32cube.ide.mcu.externaltools.gnu-tools-for-stm32.10.3-2021.10.win32_1.0.0.202111181127/tools/bin/../lib/gcc/arm-none-eabi/10.3.1/../../../../arm-none-eabi/lib/thumb/v7e-m+fp/hard\libc_nano.a(lib_a-sbrkr.o)
                0x000000000800eebc                _sbrk_r
 .text.sprintf  0x000000000800eedc       0x40 c:/st/stm32cubeide_1.10.1/stm32cubeide/plugins/com.st.stm32cube.ide.mcu.externaltools.gnu-tools-for-stm32.10.3-2021.10.win32_1.0.0.202111181127/tools/bin/../lib/gcc/arm-none-eabi/10.3.1/../../../../arm-none-eabi/lib/thumb/v7e-m+fp/hard\libc_nano.a(lib_a-sprintf.o)
                0x000000000800eedc                siprintf
                0x000000000800eedc                sprintf
 .text.__malloc_lock
                0x000000000800ef1c        0xc c:/st/stm32cubeide_1.10.1/stm32cubeide/plugins/com.st.stm32cube.ide.mcu.externaltools.gnu-tools-for-stm32.10.3-2021.10.win32_1.0.0.202111181127/tools/bin/../lib/gcc/arm-none-eabi/10.3.1/../../../../arm-none-eabi/lib/thumb/v7e-m+fp/hard\libc_nano.a(lib_a-mlock.o)
                0x000000000800ef1c                __malloc_lock
 .text.__malloc_unlock
                0x000000000800ef28        0xc c:/st/stm32cubeide_1.10.1/stm32cubeide/plugins/com.st.stm32cube.ide.mcu.externaltools.gnu-tools-for-stm32.10.3-2021.10.win32_1.0.0.202111181127/tools/bin/../lib/gcc/arm-none-eabi/10.3.1/../../../../arm-none-eabi/lib/thumb/v7e-m+fp/hard\libc_nano.a(lib_a-mlock.o)
                0x000000000800ef28                __malloc_unlock
 .text._free_r  0x000000000800ef34       0x98 c:/st/stm32cubeide_1.10.1/stm32cubeide/plugins/com.st.stm32cube.ide.mcu.externaltools.gnu-tools-for-stm32.10.3-2021.10.win32_1.0.0.202111181127/tools/bin/../lib/gcc/arm-none-eabi/10.3.1/../../../../arm-none-eabi/lib/thumb/v7e-m+fp/hard\libc_nano.a(lib_a-nano-freer.o)
                0x000000000800ef34                _free_r
 .text.__ssputs_r
                0x000000000800efcc       0xb6 c:/st/stm32cubeide_1.10.1/stm32cubeide/plugins/com.st.stm32cube.ide.mcu.externaltools.gnu-tools-for-stm32.10.3-2021.10.win32_1.0.0.202111181127/tools/bin/../lib/gcc/arm-none-eabi/10.3.1/../../../../arm-none-eabi/lib/thumb/v7e-m+fp/hard\libc_nano.a(lib_a-nano-svfprintf.o)
                0x000000000800efcc                __ssputs_r
 *fill*         0x000000000800f082        0x2 
 .text._svfprintf_r
                0x000000000800f084      0x200 c:/st/stm32cubeide_1.10.1/stm32cubeide/plugins/com.st.stm32cube.ide.mcu.externaltools.gnu-tools-for-stm32.10.3-2021.10.win32_1.0.0.202111181127/tools/bin/../lib/gcc/arm-none-eabi/10.3.1/../../../../arm-none-eabi/lib/thumb/v7e-m+fp/hard\libc_nano.a(lib_a-nano-svfprintf.o)
                0x000000000800f084                _svfiprintf_r
                0x000000000800f084                _svfprintf_r
 .text._printf_common
                0x000000000800f284       0xda c:/st/stm32cubeide_1.10.1/stm32cubeide/plugins/com.st.stm32cube.ide.mcu.externaltools.gnu-tools-for-stm32.10.3-2021.10.win32_1.0.0.202111181127/tools/bin/../lib/gcc/arm-none-eabi/10.3.1/../../../../arm-none-eabi/lib/thumb/v7e-m+fp/hard\libc_nano.a(lib_a-nano-vfprintf_i.o)
                0x000000000800f284                _printf_common
 *fill*         0x000000000800f35e        0x2 
 .text._printf_i
                0x000000000800f360      0x24c c:/st/stm32cubeide_1.10.1/stm32cubeide/plugins/com.st.stm32cube.ide.mcu.externaltools.gnu-tools-for-stm32.10.3-2021.10.win32_1.0.0.202111181127/tools/bin/../lib/gcc/arm-none-eabi/10.3.1/../../../../arm-none-eabi/lib/thumb/v7e-m+fp/hard\libc_nano.a(lib_a-nano-vfprintf_i.o)
                0x000000000800f360                _printf_i
 .text.memmove  0x000000000800f5ac       0x34 c:/st/stm32cubeide_1.10.1/stm32cubeide/plugins/com.st.stm32cube.ide.mcu.externaltools.gnu-tools-for-stm32.10.3-2021.10.win32_1.0.0.202111181127/tools/bin/../lib/gcc/arm-none-eabi/10.3.1/../../../../arm-none-eabi/lib/thumb/v7e-m+fp/hard\libc_nano.a(lib_a-memmove.o)
                0x000000000800f5ac                memmove
 .text._realloc_r
                0x000000000800f5e0       0x5e c:/st/stm32cubeide_1.10.1/stm32cubeide/plugins/com.st.stm32cube.ide.mcu.externaltools.gnu-tools-for-stm32.10.3-2021.10.win32_1.0.0.202111181127/tools/bin/../lib/gcc/arm-none-eabi/10.3.1/../../../../arm-none-eabi/lib/thumb/v7e-m+fp/hard\libc_nano.a(lib_a-nano-reallocr.o)
                0x000000000800f5e0                _realloc_r
 .text._malloc_usable_size_r
                0x000000000800f63e       0x10 c:/st/stm32cubeide_1.10.1/stm32cubeide/plugins/com.st.stm32cube.ide.mcu.externaltools.gnu-tools-for-stm32.10.3-2021.10.win32_1.0.0.202111181127/tools/bin/../lib/gcc/arm-none-eabi/10.3.1/../../../../arm-none-eabi/lib/thumb/v7e-m+fp/hard\libc_nano.a(lib_a-nano-msizer.o)
                0x000000000800f63e                _malloc_usable_size_r
 *(.glue_7)
 .glue_7        0x000000000800f64e        0x0 linker stubs
 *(.glue_7t)
 .glue_7t       0x000000000800f64e        0x0 linker stubs
 *(.eh_frame)
 *fill*         0x000000000800f64e        0x2 
 .eh_frame      0x000000000800f650        0x0 c:/st/stm32cubeide_1.10.1/stm32cubeide/plugins/com.st.stm32cube.ide.mcu.externaltools.gnu-tools-for-stm32.10.3-2021.10.win32_1.0.0.202111181127/tools/bin/../lib/gcc/arm-none-eabi/10.3.1/thumb/v7e-m+fp/hard/crtbegin.o
 *(.init)
 .init          0x000000000800f650        0x4 c:/st/stm32cubeide_1.10.1/stm32cubeide/plugins/com.st.stm32cube.ide.mcu.externaltools.gnu-tools-for-stm32.10.3-2021.10.win32_1.0.0.202111181127/tools/bin/../lib/gcc/arm-none-eabi/10.3.1/thumb/v7e-m+fp/hard/crti.o
                0x000000000800f650                _init
 .init          0x000000000800f654        0x8 c:/st/stm32cubeide_1.10.1/stm32cubeide/plugins/com.st.stm32cube.ide.mcu.externaltools.gnu-tools-for-stm32.10.3-2021.10.win32_1.0.0.202111181127/tools/bin/../lib/gcc/arm-none-eabi/10.3.1/thumb/v7e-m+fp/hard/crtn.o
 *(.fini)
 .fini          0x000000000800f65c        0x4 c:/st/stm32cubeide_1.10.1/stm32cubeide/plugins/com.st.stm32cube.ide.mcu.externaltools.gnu-tools-for-stm32.10.3-2021.10.win32_1.0.0.202111181127/tools/bin/../lib/gcc/arm-none-eabi/10.3.1/thumb/v7e-m+fp/hard/crti.o
                0x000000000800f65c                _fini
 .fini          0x000000000800f660        0x8 c:/st/stm32cubeide_1.10.1/stm32cubeide/plugins/com.st.stm32cube.ide.mcu.externaltools.gnu-tools-for-stm32.10.3-2021.10.win32_1.0.0.202111181127/tools/bin/../lib/gcc/arm-none-eabi/10.3.1/thumb/v7e-m+fp/hard/crtn.o
                0x000000000800f668                . = ALIGN (0x4)
                0x000000000800f668                _etext = .

.vfp11_veneer   0x000000000800f668        0x0
 .vfp11_veneer  0x000000000800f668        0x0 linker stubs

.v4_bx          0x000000000800f668        0x0
 .v4_bx         0x000000000800f668        0x0 linker stubs

.iplt           0x000000000800f668        0x0
 .iplt          0x000000000800f668        0x0 c:/st/stm32cubeide_1.10.1/stm32cubeide/plugins/com.st.stm32cube.ide.mcu.externaltools.gnu-tools-for-stm32.10.3-2021.10.win32_1.0.0.202111181127/tools/bin/../lib/gcc/arm-none-eabi/10.3.1/thumb/v7e-m+fp/hard/crtbegin.o

.rodata         0x000000000800f668      0x2ac
                0x000000000800f668                . = ALIGN (0x4)
 *(.rodata)
 .rodata        0x000000000800f668      0x129 ./Core/Src/main.o
 *fill*         0x000000000800f791        0x3 
 .rodata        0x000000000800f794       0x44 ./Middlewares/Third_Party/FatFs/src/ff.o
 .rodata        0x000000000800f7d8        0x5 ./Middlewares/Third_Party/FreeRTOS/Source/tasks.o
 *(.rodata*)
 *fill*         0x000000000800f7dd        0x3 
 .rodata.AHBPrescTable
                0x000000000800f7e0       0x10 ./Core/Src/system_stm32f4xx.o
                0x000000000800f7e0                AHBPrescTable
 .rodata.APBPrescTable
                0x000000000800f7f0        0x8 ./Core/Src/system_stm32f4xx.o
                0x000000000800f7f0                APBPrescTable
 .rodata.flagBitshiftOffset.0
                0x000000000800f7f8        0x8 ./Drivers/STM32F4xx_HAL_Driver/Src/stm32f4xx_hal_dma.o
 .rodata.ExCvt  0x000000000800f800       0x80 ./Middlewares/Third_Party/FatFs/src/ff.o
 .rodata.__sf_fake_stderr
                0x000000000800f880       0x20 c:/st/stm32cubeide_1.10.1/stm32cubeide/plugins/com.st.stm32cube.ide.mcu.externaltools.gnu-tools-for-stm32.10.3-2021.10.win32_1.0.0.202111181127/tools/bin/../lib/gcc/arm-none-eabi/10.3.1/../../../../arm-none-eabi/lib/thumb/v7e-m+fp/hard\libc_nano.a(lib_a-findfp.o)
                0x000000000800f880                __sf_fake_stderr
 .rodata.__sf_fake_stdin
                0x000000000800f8a0       0x20 c:/st/stm32cubeide_1.10.1/stm32cubeide/plugins/com.st.stm32cube.ide.mcu.externaltools.gnu-tools-for-stm32.10.3-2021.10.win32_1.0.0.202111181127/tools/bin/../lib/gcc/arm-none-eabi/10.3.1/../../../../arm-none-eabi/lib/thumb/v7e-m+fp/hard\libc_nano.a(lib_a-findfp.o)
                0x000000000800f8a0                __sf_fake_stdin
 .rodata.__sf_fake_stdout
                0x000000000800f8c0       0x20 c:/st/stm32cubeide_1.10.1/stm32cubeide/plugins/com.st.stm32cube.ide.mcu.externaltools.gnu-tools-for-stm32.10.3-2021.10.win32_1.0.0.202111181127/tools/bin/../lib/gcc/arm-none-eabi/10.3.1/../../../../arm-none-eabi/lib/thumb/v7e-m+fp/hard\libc_nano.a(lib_a-findfp.o)
                0x000000000800f8c0                __sf_fake_stdout
 .rodata._svfprintf_r.str1.1
                0x000000000800f8e0       0x11 c:/st/stm32cubeide_1.10.1/stm32cubeide/plugins/com.st.stm32cube.ide.mcu.externaltools.gnu-tools-for-stm32.10.3-2021.10.win32_1.0.0.202111181127/tools/bin/../lib/gcc/arm-none-eabi/10.3.1/../../../../arm-none-eabi/lib/thumb/v7e-m+fp/hard\libc_nano.a(lib_a-nano-svfprintf.o)
 .rodata._printf_i.str1.1
                0x000000000800f8f1       0x22 c:/st/stm32cubeide_1.10.1/stm32cubeide/plugins/com.st.stm32cube.ide.mcu.externaltools.gnu-tools-for-stm32.10.3-2021.10.win32_1.0.0.202111181127/tools/bin/../lib/gcc/arm-none-eabi/10.3.1/../../../../arm-none-eabi/lib/thumb/v7e-m+fp/hard\libc_nano.a(lib_a-nano-vfprintf_i.o)
                0x000000000800f914                . = ALIGN (0x4)
 *fill*         0x000000000800f913        0x1 

.ARM.extab      0x000000000800f914        0x0
                0x000000000800f914                . = ALIGN (0x4)
 *(.ARM.extab* .gnu.linkonce.armextab.*)
                0x000000000800f914                . = ALIGN (0x4)

.ARM            0x000000000800f914        0x8
                0x000000000800f914                . = ALIGN (0x4)
                0x000000000800f914                __exidx_start = .
 *(.ARM.exidx*)
 .ARM.exidx     0x000000000800f914        0x8 c:/st/stm32cubeide_1.10.1/stm32cubeide/plugins/com.st.stm32cube.ide.mcu.externaltools.gnu-tools-for-stm32.10.3-2021.10.win32_1.0.0.202111181127/tools/bin/../lib/gcc/arm-none-eabi/10.3.1/thumb/v7e-m+fp/hard\libgcc.a(_udivmoddi4.o)
                0x000000000800f91c                __exidx_end = .
                0x000000000800f91c                . = ALIGN (0x4)

.rel.dyn        0x000000000800f91c        0x0
 .rel.iplt      0x000000000800f91c        0x0 c:/st/stm32cubeide_1.10.1/stm32cubeide/plugins/com.st.stm32cube.ide.mcu.externaltools.gnu-tools-for-stm32.10.3-2021.10.win32_1.0.0.202111181127/tools/bin/../lib/gcc/arm-none-eabi/10.3.1/thumb/v7e-m+fp/hard/crtbegin.o

.preinit_array  0x000000000800f91c        0x0
                0x000000000800f91c                . = ALIGN (0x4)
                0x000000000800f91c                PROVIDE (__preinit_array_start = .)
 *(.preinit_array*)
                0x000000000800f91c                PROVIDE (__preinit_array_end = .)
                0x000000000800f91c                . = ALIGN (0x4)

.init_array     0x000000000800f91c        0x4
                0x000000000800f91c                . = ALIGN (0x4)
                0x000000000800f91c                PROVIDE (__init_array_start = .)
 *(SORT_BY_NAME(.init_array.*))
 *(.init_array*)
 .init_array    0x000000000800f91c        0x4 c:/st/stm32cubeide_1.10.1/stm32cubeide/plugins/com.st.stm32cube.ide.mcu.externaltools.gnu-tools-for-stm32.10.3-2021.10.win32_1.0.0.202111181127/tools/bin/../lib/gcc/arm-none-eabi/10.3.1/thumb/v7e-m+fp/hard/crtbegin.o
                0x000000000800f920                PROVIDE (__init_array_end = .)
                0x000000000800f920                . = ALIGN (0x4)

.fini_array     0x000000000800f920        0x4
                0x000000000800f920                . = ALIGN (0x4)
                [!provide]                        PROVIDE (__fini_array_start = .)
 *(SORT_BY_NAME(.fini_array.*))
 *(.fini_array*)
 .fini_array    0x000000000800f920        0x4 c:/st/stm32cubeide_1.10.1/stm32cubeide/plugins/com.st.stm32cube.ide.mcu.externaltools.gnu-tools-for-stm32.10.3-2021.10.win32_1.0.0.202111181127/tools/bin/../lib/gcc/arm-none-eabi/10.3.1/thumb/v7e-m+fp/hard/crtbegin.o
                [!provide]                        PROVIDE (__fini_array_end = .)
                0x000000000800f924                . = ALIGN (0x4)
                0x000000000800f924                _sidata = LOADADDR (.data)

.data           0x0000000020000000      0x110 load address 0x000000000800f924
                0x0000000020000000                . = ALIGN (0x4)
                0x0000000020000000                _sdata = .
 *(.data)
 *(.data*)
 .data.Stat     0x0000000020000000        0x1 ./Core/Src/fatfs_sd.o
 .data.UART_SendFlag
                0x0000000020000001        0x1 ./Core/Src/main.o
 *fill*         0x0000000020000002        0x2 
 .data.menu_cmd
                0x0000000020000004       0x81 ./Core/Src/main.o
                0x0000000020000004                menu_cmd
 *fill*         0x0000000020000085        0x3 
 .data.SystemCoreClock
                0x0000000020000088        0x4 ./Core/Src/system_stm32f4xx.o
                0x0000000020000088                SystemCoreClock
 .data.uwTickPrio
                0x000000002000008c        0x4 ./Drivers/STM32F4xx_HAL_Driver/Src/stm32f4xx_hal.o
                0x000000002000008c                uwTickPrio
 .data.uwTickFreq
                0x0000000020000090        0x1 ./Drivers/STM32F4xx_HAL_Driver/Src/stm32f4xx_hal.o
                0x0000000020000090                uwTickFreq
 *fill*         0x0000000020000091        0x3 
 .data.USER_Driver
                0x0000000020000094       0x14 ./FATFS/Target/user_diskio.o
                0x0000000020000094                USER_Driver
 .data.uxCriticalNesting
                0x00000000200000a8        0x4 ./Middlewares/Third_Party/FreeRTOS/Source/portable/GCC/ARM_CM4F/port.o
 .data._impure_ptr
                0x00000000200000ac        0x4 c:/st/stm32cubeide_1.10.1/stm32cubeide/plugins/com.st.stm32cube.ide.mcu.externaltools.gnu-tools-for-stm32.10.3-2021.10.win32_1.0.0.202111181127/tools/bin/../lib/gcc/arm-none-eabi/10.3.1/../../../../arm-none-eabi/lib/thumb/v7e-m+fp/hard\libc_nano.a(lib_a-impure.o)
                0x00000000200000ac                _impure_ptr
 .data.impure_data
                0x00000000200000b0       0x60 c:/st/stm32cubeide_1.10.1/stm32cubeide/plugins/com.st.stm32cube.ide.mcu.externaltools.gnu-tools-for-stm32.10.3-2021.10.win32_1.0.0.202111181127/tools/bin/../lib/gcc/arm-none-eabi/10.3.1/../../../../arm-none-eabi/lib/thumb/v7e-m+fp/hard\libc_nano.a(lib_a-impure.o)
 *(.RamFunc)
 *(.RamFunc*)
                0x0000000020000110                . = ALIGN (0x4)
                0x0000000020000110                _edata = .
                0x000000000800fa34                _siccmram = LOADADDR (.ccmram)

.igot.plt       0x0000000020000110        0x0 load address 0x000000000800fa34
 .igot.plt      0x0000000020000110        0x0 c:/st/stm32cubeide_1.10.1/stm32cubeide/plugins/com.st.stm32cube.ide.mcu.externaltools.gnu-tools-for-stm32.10.3-2021.10.win32_1.0.0.202111181127/tools/bin/../lib/gcc/arm-none-eabi/10.3.1/thumb/v7e-m+fp/hard/crtbegin.o

.ccmram         0x0000000010000000        0x0 load address 0x000000000800fa34
                0x0000000010000000                . = ALIGN (0x4)
                0x0000000010000000                _sccmram = .
 *(.ccmram)
 *(.ccmram*)
                0x0000000010000000                . = ALIGN (0x4)
                0x0000000010000000                _eccmram = .
                0x0000000010000000                . = ALIGN (0x4)

.bss            0x0000000020000110     0x7174
                0x0000000020000110                _sbss = .
                0x0000000020000110                __bss_start__ = _sbss
 *(.bss)
 .bss           0x0000000020000110       0x1c c:/st/stm32cubeide_1.10.1/stm32cubeide/plugins/com.st.stm32cube.ide.mcu.externaltools.gnu-tools-for-stm32.10.3-2021.10.win32_1.0.0.202111181127/tools/bin/../lib/gcc/arm-none-eabi/10.3.1/thumb/v7e-m+fp/hard/crtbegin.o
 *(.bss*)
 .bss.ds18b20   0x000000002000012c       0x40 ./Core/Src/ds18b20.o
                0x000000002000012c                ds18b20
 .bss.OneWire   0x000000002000016c       0x14 ./Core/Src/ds18b20.o
                0x000000002000016c                OneWire
 .bss.TempSensorCount
                0x0000000020000180        0x1 ./Core/Src/ds18b20.o
                0x0000000020000180                TempSensorCount
 .bss.CardType  0x0000000020000181        0x1 ./Core/Src/fatfs_sd.o
 .bss.PowerFlag
                0x0000000020000182        0x1 ./Core/Src/fatfs_sd.o
 *fill*         0x0000000020000183        0x1 
 .bss.xIdleTaskTCBBuffer
                0x0000000020000184       0xb4 ./Core/Src/freertos.o
 .bss.xIdleStack
                0x0000000020000238      0x200 ./Core/Src/freertos.o
 .bss.TxConfig  0x0000000020000438       0x38 ./Core/Src/main.o
                0x0000000020000438                TxConfig
 .bss.DMARxDscrTab
                0x0000000020000470       0xa0 ./Core/Src/main.o
                0x0000000020000470                DMARxDscrTab
 .bss.DMATxDscrTab
                0x0000000020000510       0xa0 ./Core/Src/main.o
                0x0000000020000510                DMATxDscrTab
 .bss.heth      0x00000000200005b0       0xb0 ./Core/Src/main.o
                0x00000000200005b0                heth
 .bss.hi2c2     0x0000000020000660       0x54 ./Core/Src/main.o
                0x0000000020000660                hi2c2
 .bss.hdma_i2c2_rx
                0x00000000200006b4       0x60 ./Core/Src/main.o
                0x00000000200006b4                hdma_i2c2_rx
 .bss.hdma_i2c2_tx
                0x0000000020000714       0x60 ./Core/Src/main.o
                0x0000000020000714                hdma_i2c2_tx
 .bss.hspi1     0x0000000020000774       0x58 ./Core/Src/main.o
                0x0000000020000774                hspi1
 .bss.hdma_spi1_rx
                0x00000000200007cc       0x60 ./Core/Src/main.o
                0x00000000200007cc                hdma_spi1_rx