Archive member included to satisfy reference by file (symbol)

c:/st/stm32cubeide_1.10.1/stm32cubeide/plugins/com.st.stm32cube.ide.mcu.externaltools.gnu-tools-for-stm32.10.3-2021.10.win32_1.0.0.202111181127/tools/bin/../lib/gcc/arm-none-eabi/10.3.1/../../../../arm-none-eabi/lib/thumb/v7e-m+fp/hard\libc_nano.a(lib_a-errno.o)
                              ./Core/Src/syscalls.o (__errno)
c:/st/stm32cubeide_1.10.1/stm32cubeide/plugins/com.st.stm32cube.ide.mcu.externaltools.gnu-tools-for-stm32.10.3-2021.10.win32_1.0.0.202111181127/tools/bin/../lib/gcc/arm-none-eabi/10.3.1/../../../../arm-none-eabi/lib/thumb/v7e-m+fp/hard\libc_nano.a(lib_a-exit.o)
                              c:/st/stm32cubeide_1.10.1/stm32cubeide/plugins/com.st.stm32cube.ide.mcu.externaltools.gnu-tools-for-stm32.10.3-2021.10.win32_1.0.0.202111181127/tools/bin/../lib/gcc/arm-none-eabi/10.3.1/../../../../arm-none-eabi/lib/thumb/v7e-m+fp/hard/crt0.o (exit)
c:/st/stm32cubeide_1.10.1/stm32cubeide/plugins/com.st.stm32cube.ide.mcu.externaltools.gnu-tools-for-stm32.10.3-2021.10.win32_1.0.0.202111181127/tools/bin/../lib/gcc/arm-none-eabi/10.3.1/../../../../arm-none-eabi/lib/thumb/v7e-m+fp/hard\libc_nano.a(lib_a-findfp.o)
                              ./Middlewares/Third_Party/FreeRTOS/Source/tasks.o (__sf_fake_stderr)
c:/st/stm32cubeide_1.10.1/stm32cubeide/plugins/com.st.stm32cube.ide.mcu.externaltools.gnu-tools-for-stm32.10.3-2021.10.win32_1.0.0.202111181127/tools/bin/../lib/gcc/arm-none-eabi/10.3.1/../../../../arm-none-eabi/lib/thumb/v7e-m+fp/hard\libc_nano.a(lib_a-fwalk.o)
                              c:/st/stm32cubeide_1.10.1/stm32cubeide/plugins/com.st.stm32cube.ide.mcu.externaltools.gnu-tools-for-stm32.10.3-2021.10.win32_1.0.0.202111181127/tools/bin/../lib/gcc/arm-none-eabi/10.3.1/../../../../arm-none-eabi/lib/thumb/v7e-m+fp/hard\libc_nano.a(lib_a-findfp.o) (_fwalk)
c:/st/stm32cubeide_1.10.1/stm32cubeide/plugins/com.st.stm32cube.ide.mcu.externaltools.gnu-tools-for-stm32.10.3-2021.10.win32_1.0.0.202111181127/tools/bin/../lib/gcc/arm-none-eabi/10.3.1/../../../../arm-none-eabi/lib/thumb/v7e-m+fp/hard\libc_nano.a(lib_a-impure.o)
                              c:/st/stm32cubeide_1.10.1/stm32cubeide/plugins/com.st.stm32cube.ide.mcu.externaltools.gnu-tools-for-stm32.10.3-2021.10.win32_1.0.0.202111181127/tools/bin/../lib/gcc/arm-none-eabi/10.3.1/../../../../arm-none-eabi/lib/thumb/v7e-m+fp/hard\libc_nano.a(lib_a-exit.o) (_global_impure_ptr)
c:/st/stm32cubeide_1.10.1/stm32cubeide/plugins/com.st.stm32cube.ide.mcu.externaltools.gnu-tools-for-stm32.10.3-2021.10.win32_1.0.0.202111181127/tools/bin/../lib/gcc/arm-none-eabi/10.3.1/../../../../arm-none-eabi/lib/thumb/v7e-m+fp/hard\libc_nano.a(lib_a-init.o)
                              c:/st/stm32cubeide_1.10.1/stm32cubeide/plugins/com.st.stm32cube.ide.mcu.externaltools.gnu-tools-for-stm32.10.3-2021.10.win32_1.0.0.202111181127/tools/bin/../lib/gcc/arm-none-eabi/10.3.1/../../../../arm-none-eabi/lib/thumb/v7e-m+fp/hard/crt0.o (__libc_init_array)
c:/st/stm32cubeide_1.10.1/stm32cubeide/plugins/com.st.stm32cube.ide.mcu.externaltools.gnu-tools-for-stm32.10.3-2021.10.win32_1.0.0.202111181127/tools/bin/../lib/gcc/arm-none-eabi/10.3.1/../../../../arm-none-eabi/lib/thumb/v7e-m+fp/hard\libc_nano.a(lib_a-lock.o)
                              c:/st/stm32cubeide_1.10.1/stm32cubeide/plugins/com.st.stm32cube.ide.mcu.externaltools.gnu-tools-for-stm32.10.3-2021.10.win32_1.0.0.202111181127/tools/bin/../lib/gcc/arm-none-eabi/10.3.1/../../../../arm-none-eabi/lib/thumb/v7e-m+fp/hard\libc_nano.a(lib_a-findfp.o) (__retarget_lock_init_recursive)
c:/st/stm32cubeide_1.10.1/stm32cubeide/plugins/com.st.stm32cube.ide.mcu.externaltools.gnu-tools-for-stm32.10.3-2021.10.win32_1.0.0.202111181127/tools/bin/../lib/gcc/arm-none-eabi/10.3.1/../../../../arm-none-eabi/lib/thumb/v7e-m+fp/hard\libc_nano.a(lib_a-malloc.o)
                              ./Core/Src/tm_stm32_delay.o (malloc)
c:/st/stm32cubeide_1.10.1/stm32cubeide/plugins/com.st.stm32cube.ide.mcu.externaltools.gnu-tools-for-stm32.10.3-2021.10.win32_1.0.0.202111181127/tools/bin/../lib/gcc/arm-none-eabi/10.3.1/../../../../arm-none-eabi/lib/thumb/v7e-m+fp/hard\libc_nano.a(lib_a-memcpy-stub.o)
                              ./Middlewares/Third_Party/FreeRTOS/Source/queue.o (memcpy)
c:/st/stm32cubeide_1.10.1/stm32cubeide/plugins/com.st.stm32cube.ide.mcu.externaltools.gnu-tools-for-stm32.10.3-2021.10.win32_1.0.0.202111181127/tools/bin/../lib/gcc/arm-none-eabi/10.3.1/../../../../arm-none-eabi/lib/thumb/v7e-m+fp/hard\libc_nano.a(lib_a-memset.o)
                              c:/st/stm32cubeide_1.10.1/stm32cubeide/plugins/com.st.stm32cube.ide.mcu.externaltools.gnu-tools-for-stm32.10.3-2021.10.win32_1.0.0.202111181127/tools/bin/../lib/gcc/arm-none-eabi/10.3.1/../../../../arm-none-eabi/lib/thumb/v7e-m+fp/hard/crt0.o (memset)
[...]
Memory Configuration

Name             Origin             Length             Attributes
CCMRAM           0x0000000010000000 0x0000000000010000 xrw
RAM              0x0000000020000000 0x0000000000030000 xrw
FLASH            0x0000000008000000 0x0000000000200000 xr
*default*        0x0000000000000000 0xffffffffffffffff

Linker script and memory map

LOAD c:/st/stm32cubeide_1.10.1/stm32cubeide/plugins/com.st.stm32cube.ide.mcu.externaltools.gnu-tools-for-stm32.10.3-2021.10.win32_1.0.0.202111181127/tools/bin/../lib/gcc/arm-none-eabi/10.3.1/thumb/v7e-m+fp/hard/crti.o
LOAD c:/st/stm32cubeide_1.10.1/stm32cubeide/plugins/com.st.stm32cube.ide.mcu.externaltools.gnu-tools-for-stm32.10.3-2021.10.win32_1.0.0.202111181127/tools/bin/../lib/gcc/arm-none-eabi/10.3.1/thumb/v7e-m+fp/hard/crtbegin.o
LOAD c:/st/stm32cubeide_1.10.1/stm32cubeide/plugins/com.st.stm32cube.ide.mcu.externaltools.gnu-tools-for-stm32.10.3-2021.10.win32_1.0.0.202111181127/tools/bin/../lib/gcc/arm-none-eabi/10.3.1/../../../../arm-none-eabi/lib/thumb/v7e-m+fp/hard/crt0.o
LOAD ./Core/Src/ds18b20.o
LOAD ./Core/Src/fatfs_sd.o
LOAD ./Core/Src/freertos.o
LOAD ./Core/Src/main.o
LOAD ./Core/Src/onewire.o
LOAD ./Core/Src/stm32f4xx_hal_msp.o
LOAD ./Core/Src/stm32f4xx_hal_timebase_tim.o
LOAD ./Core/Src/stm32f4xx_it.o
LOAD ./Core/Src/syscalls.o
LOAD ./Core/Src/sysmem.o
LOAD ./Core/Src/system_stm32f4xx.o
LOAD ./Core/Src/tm_stm32_delay.o
LOAD ./Core/Src/tm_stm32_disco.o
LOAD ./Core/Src/tm_stm32_ds18b20.o
LOAD ./Core/Src/tm_stm32_gpio.o
LOAD ./Core/Src/tm_stm32_onewire.o
LOAD ./Core/Src/tm_stm32_rcc.o
LOAD ./Core/Startup/startup_stm32f429zitx.o
LOAD ./Drivers/STM32F4xx_HAL_Driver/Src/stm32f4xx_hal.o
LOAD ./Drivers/STM32F4xx_HAL_Driver/Src/stm32f4xx_hal_cortex.o
LOAD ./Drivers/STM32F4xx_HAL_Driver/Src/stm32f4xx_hal_dma.o
LOAD ./Drivers/STM32F4xx_HAL_Driver/Src/stm32f4xx_hal_dma_ex.o
LOAD ./Drivers/STM32F4xx_HAL_Driver/Src/stm32f4xx_hal_eth.o
LOAD ./Drivers/STM32F4xx_HAL_Driver/Src/stm32f4xx_hal_exti.o
LOAD ./Drivers/STM32F4xx_HAL_Driver/Src/stm32f4xx_hal_flash.o
LOAD ./Drivers/STM32F4xx_HAL_Driver/Src/stm32f4xx_hal_flash_ex.o
LOAD ./Drivers/STM32F4xx_HAL_Driver/Src/stm32f4xx_hal_flash_ramfunc.o
LOAD ./Drivers/STM32F4xx_HAL_Driver/Src/stm32f4xx_hal_gpio.o
LOAD ./Drivers/STM32F4xx_HAL_Driver/Src/stm32f4xx_hal_i2c.o
LOAD ./Drivers/STM32F4xx_HAL_Driver/Src/stm32f4xx_hal_i2c_ex.o
LOAD ./Drivers/STM32F4xx_HAL_Driver/Src/stm32f4xx_hal_pcd.o
LOAD ./Drivers/STM32F4xx_HAL_Driver/Src/stm32f4xx_hal_pcd_ex.o
LOAD ./Drivers/STM32F4xx_HAL_Driver/Src/stm32f4xx_hal_pwr.o
LOAD ./Drivers/STM32F4xx_HAL_Driver/Src/stm32f4xx_hal_pwr_ex.o
LOAD ./Drivers/STM32F4xx_HAL_Driver/Src/stm32f4xx_hal_rcc.o
LOAD ./Drivers/STM32F4xx_HAL_Driver/Src/stm32f4xx_hal_rcc_ex.o
LOAD ./Drivers/STM32F4xx_HAL_Driver/Src/stm32f4xx_hal_spi.o
LOAD ./Drivers/STM32F4xx_HAL_Driver/Src/stm32f4xx_hal_tim.o
LOAD ./Drivers/STM32F4xx_HAL_Driver/Src/stm32f4xx_hal_tim_ex.o
LOAD ./Drivers/STM32F4xx_HAL_Driver/Src/stm32f4xx_hal_uart.o
LOAD ./Drivers/STM32F4xx_HAL_Driver/Src/stm32f4xx_ll_usb.o
LOAD ./FATFS/App/fatfs.o
LOAD ./FATFS/Target/user_diskio.o
LOAD ./Middlewares/Third_Party/FatFs/src/diskio.o
LOAD ./Middlewares/Third_Party/FatFs/src/ff.o
LOAD ./Middlewares/Third_Party/FatFs/src/ff_gen_drv.o
LOAD ./Middlewares/Third_Party/FatFs/src/option/syscall.o
LOAD ./Middlewares/Third_Party/FreeRTOS/Source/CMSIS_RTOS/cmsis_os.o
LOAD ./Middlewares/Third_Party/FreeRTOS/Source/croutine.o
LOAD ./Middlewares/Third_Party/FreeRTOS/Source/event_groups.o
LOAD ./Middlewares/Third_Party/FreeRTOS/Source/list.o
LOAD ./Middlewares/Third_Party/FreeRTOS/Source/queue.o
LOAD ./Middlewares/Third_Party/FreeRTOS/Source/stream_buffer.o
LOAD ./Middlewares/Third_Party/FreeRTOS/Source/tasks.o
LOAD ./Middlewares/Third_Party/FreeRTOS/Source/timers.o
LOAD ./Middlewares/Third_Party/FreeRTOS/Source/portable/GCC/ARM_CM4F/port.o
LOAD ./Middlewares/Third_Party/FreeRTOS/Source/portable/MemMang/heap_4.o
START GROUP
LOAD c:/st/stm32cubeide_1.10.1/stm32cubeide/plugins/com.st.stm32cube.ide.mcu.externaltools.gnu-tools-for-stm32.10.3-2021.10.win32_1.0.0.202111181127/tools/bin/../lib/gcc/arm-none-eabi/10.3.1/../../../../arm-none-eabi/lib/thumb/v7e-m+fp/hard\libc_nano.a
LOAD c:/st/stm32cubeide_1.10.1/stm32cubeide/plugins/com.st.stm32cube.ide.mcu.externaltools.gnu-tools-for-stm32.10.3-2021.10.win32_1.0.0.202111181127/tools/bin/../lib/gcc/arm-none-eabi/10.3.1/../../../../arm-none-eabi/lib/thumb/v7e-m+fp/hard\libm.a
END GROUP
START GROUP
LOAD c:/st/stm32cubeide_1.10.1/stm32cubeide/plugins/com.st.stm32cube.ide.mcu.externaltools.gnu-tools-for-stm32.10.3-2021.10.win32_1.0.0.202111181127/tools/bin/../lib/gcc/arm-none-eabi/10.3.1/thumb/v7e-m+fp/hard\libgcc.a
LOAD c:/st/stm32cubeide_1.10.1/stm32cubeide/plugins/com.st.stm32cube.ide.mcu.externaltools.gnu-tools-for-stm32.10.3-2021.10.win32_1.0.0.202111181127/tools/bin/../lib/gcc/arm-none-eabi/10.3.1/../../../../arm-none-eabi/lib/thumb/v7e-m+fp/hard\libc_nano.a
END GROUP
START GROUP
LOAD c:/st/stm32cubeide_1.10.1/stm32cubeide/plugins/com.st.stm32cube.ide.mcu.externaltools.gnu-tools-for-stm32.10.3-2021.10.win32_1.0.0.202111181127/tools/bin/../lib/gcc/arm-none-eabi/10.3.1/thumb/v7e-m+fp/hard\libgcc.a
LOAD c:/st/stm32cubeide_1.10.1/stm32cubeide/plugins/com.st.stm32cube.ide.mcu.externaltools.gnu-tools-for-stm32.10.3-2021.10.win32_1.0.0.202111181127/tools/bin/../lib/gcc/arm-none-eabi/10.3.1/../../../../arm-none-eabi/lib/thumb/v7e-m+fp/hard\libc_nano.a
LOAD c:/st/stm32cubeide_1.10.1/stm32cubeide/plugins/com.st.stm32cube.ide.mcu.externaltools.gnu-tools-for-stm32.10.3-2021.10.win32_1.0.0.202111181127/tools/bin/../lib/gcc/arm-none-eabi/10.3.1/../../../../arm-none-eabi/lib/thumb/v7e-m+fp/hard\libnosys.a
END GROUP
START GROUP
LOAD c:/st/stm32cubeide_1.10.1/stm32cubeide/plugins/com.st.stm32cube.ide.mcu.externaltools.gnu-tools-for-stm32.10.3-2021.10.win32_1.0.0.202111181127/tools/bin/../lib/gcc/arm-none-eabi/10.3.1/thumb/v7e-m+fp/hard\libgcc.a
LOAD c:/st/stm32cubeide_1.10.1/stm32cubeide/plugins/com.st.stm32cube.ide.mcu.externaltools.gnu-tools-for-stm32.10.3-2021.10.win32_1.0.0.202111181127/tools/bin/../lib/gcc/arm-none-eabi/10.3.1/../../../../arm-none-eabi/lib/thumb/v7e-m+fp/hard\libc_nano.a
LOAD c:/st/stm32cubeide_1.10.1/stm32cubeide/plugins/com.st.stm32cube.ide.mcu.externaltools.gnu-tools-for-stm32.10.3-2021.10.win32_1.0.0.202111181127/tools/bin/../lib/gcc/arm-none-eabi/10.3.1/../../../../arm-none-eabi/lib/thumb/v7e-m+fp/hard\libnosys.a
END GROUP
LOAD c:/st/stm32cubeide_1.10.1/stm32cubeide/plugins/com.st.stm32cube.ide.mcu.externaltools.gnu-tools-for-stm32.10.3-2021.10.win32_1.0.0.202111181127/tools/bin/../lib/gcc/arm-none-eabi/10.3.1/thumb/v7e-m+fp/hard/crtend.o
LOAD c:/st/stm32cubeide_1.10.1/stm32cubeide/plugins/com.st.stm32cube.ide.mcu.externaltools.gnu-tools-for-stm32.10.3-2021.10.win32_1.0.0.202111181127/tools/bin/../lib/gcc/arm-none-eabi/10.3.1/thumb/v7e-m+fp/hard/crtn.o
                0x0000000020030000                _estack = (ORIGIN (RAM) + LENGTH (RAM))
                0x0000000000000200                _Min_Heap_Size = 0x200
                0x0000000000000400                _Min_Stack_Size = 0x400

.isr_vector     0x0000000008000000      0x1ac
                0x0000000008000000                . = ALIGN (0x4)
 *(.isr_vector)
 .isr_vector    0x0000000008000000      0x1ac ./Core/Startup/startup_stm32f429zitx.o
                0x0000000008000000                g_pfnVectors
                0x00000000080001ac                . = ALIGN (0x4)

.text           0x00000000080001b0     0xf598
                0x00000000080001b0                . = ALIGN (0x4)
 *(.text)
 .text          0x00000000080001b0       0x40 c:/st/stm32cubeide_1.10.1/stm32cubeide/plugins/com.st.stm32cube.ide.mcu.externaltools.gnu-tools-for-stm32.10.3-2021.10.win32_1.0.0.202111181127/tools/bin/../lib/gcc/arm-none-eabi/10.3.1/thumb/v7e-m+fp/hard/crtbegin.o
 .text          0x00000000080001f0       0x10 c:/st/stm32cubeide_1.10.1/stm32cubeide/plugins/com.st.stm32cube.ide.mcu.externaltools.gnu-tools-for-stm32.10.3-2021.10.win32_1.0.0.202111181127/tools/bin/../lib/gcc/arm-none-eabi/10.3.1/../../../../arm-none-eabi/lib/thumb/v7e-m+fp/hard\libc_nano.a(lib_a-strlen.o)
                0x00000000080001f0                strlen
 .text          0x0000000008000200       0xa0 c:/st/stm32cubeide_1.10.1/stm32cubeide/plugins/com.st.stm32cube.ide.mcu.externaltools.gnu-tools-for-stm32.10.3-2021.10.win32_1.0.0.202111181127/tools/bin/../lib/gcc/arm-none-eabi/10.3.1/../../../../arm-none-eabi/lib/thumb/v7e-m+fp/hard\libc_nano.a(lib_a-memchr.o)
                0x0000000008000200                memchr
 .text          0x00000000080002a0       0x30 c:/st/stm32cubeide_1.10.1/stm32cubeide/plugins/com.st.stm32cube.ide.mcu.externaltools.gnu-tools-for-stm32.10.3-2021.10.win32_1.0.0.202111181127/tools/bin/../lib/gcc/arm-none-eabi/10.3.1/thumb/v7e-m+fp/hard\libgcc.a(_aeabi_uldivmod.o)
                0x00000000080002a0                __aeabi_uldivmod
 .text          0x00000000080002d0      0x2d0 c:/st/stm32cubeide_1.10.1/stm32cubeide/plugins/com.st.stm32cube.ide.mcu.externaltools.gnu-tools-for-stm32.10.3-2021.10.win32_1.0.0.202111181127/tools/bin/../lib/gcc/arm-none-eabi/10.3.1/thumb/v7e-m+fp/hard\libgcc.a(_udivmoddi4.o)
                0x00000000080002d0                __udivmoddi4
 .text          0x00000000080005a0        0x4 c:/st/stm32cubeide_1.10.1/stm32cubeide/plugins/com.st.stm32cube.ide.mcu.externaltools.gnu-tools-for-stm32.10.3-2021.10.win32_1.0.0.202111181127/tools/bin/../lib/gcc/arm-none-eabi/10.3.1/thumb/v7e-m+fp/hard\libgcc.a(_dvmd_tls.o)
                0x00000000080005a0                __aeabi_idiv0
                0x00000000080005a0                __aeabi_ldiv0
 *(.text*)
 .text.DS18B20_StartAll
                0x00000000080005a4       0x24 ./Core/Src/ds18b20.o
                0x00000000080005a4                DS18B20_StartAll
 .text.DS18B20_Read
                0x00000000080005c8      0x158 ./Core/Src/ds18b20.o
                0x00000000080005c8                DS18B20_Read
 .text.DS18B20_SetResolution
                0x0000000008000720      0x14c ./Core/Src/ds18b20.o
                0x0000000008000720                DS18B20_SetResolution
 .text.DS18B20_Is
                0x000000000800086c       0x22 ./Core/Src/ds18b20.o
                0x000000000800086c                DS18B20_Is
 *fill*         0x000000000800088e        0x2 
 .text.DS18B20_AllDone
                0x0000000008000890       0x14 ./Core/Src/ds18b20.o
                0x0000000008000890                DS18B20_AllDone
 .text.DS18B20_ReadAll
                0x00000000080008a4       0x80 ./Core/Src/ds18b20.o
                0x00000000080008a4                DS18B20_ReadAll
 .text.DS18B20_GetROM
                0x0000000008000924       0x5c ./Core/Src/ds18b20.o
                0x0000000008000924                DS18B20_GetROM
 .text.DS18B20_Quantity
                0x0000000008000980       0x18 ./Core/Src/ds18b20.o
                0x0000000008000980                DS18B20_Quantity
 .text.DS18B20_GetTemperature
                0x0000000008000998       0x44 ./Core/Src/ds18b20.o
                0x0000000008000998                DS18B20_GetTemperature
 .text.DS18B20_Init
                0x00000000080009dc       0xa4 ./Core/Src/ds18b20.o
                0x00000000080009dc                DS18B20_Init
 .text.SELECT   0x0000000008000a80       0x18 ./Core/Src/fatfs_sd.o
 .text.DESELECT
                0x0000000008000a98       0x18 ./Core/Src/fatfs_sd.o
 .text.SPI_TxByte
                0x0000000008000ab0       0x34 ./Core/Src/fatfs_sd.o
 .text.SPI_RxByte
                0x0000000008000ae4       0x3c ./Core/Src/fatfs_sd.o
 .text.SPI_RxBytePtr
                0x0000000008000b20       0x1c ./Core/Src/fatfs_sd.o
 .text.SD_ReadyWait
                0x0000000008000b3c       0x38 ./Core/Src/fatfs_sd.o
 .text.SD_PowerOn
                0x0000000008000b74       0x98 ./Core/Src/fatfs_sd.o
 .text.SD_PowerOff
                0x0000000008000c0c       0x18 ./Core/Src/fatfs_sd.o
 .text.SD_CheckPower
                0x0000000008000c24       0x18 ./Core/Src/fatfs_sd.o
 .text.SD_RxDataBlock
                0x0000000008000c3c       0x6c ./Core/Src/fatfs_sd.o
 .text.SD_TxDataBlock
                0x0000000008000ca8       0xa8 ./Core/Src/fatfs_sd.o
 .text.SD_SendCmd
                0x0000000008000d50       0xa4 ./Core/Src/fatfs_sd.o
 .text.SD_disk_initialize
                0x0000000008000df4      0x1d4 ./Core/Src/fatfs_sd.o
                0x0000000008000df4                SD_disk_initialize
 .text.SD_disk_status
                0x0000000008000fc8       0x2c ./Core/Src/fatfs_sd.o
                0x0000000008000fc8                SD_disk_status
 .text.SD_disk_read
                0x0000000008000ff4       0xd4 ./Core/Src/fatfs_sd.o
                0x0000000008000ff4                SD_disk_read
 .text.SD_disk_write
                0x00000000080010c8      0x108 ./Core/Src/fatfs_sd.o
                0x00000000080010c8                SD_disk_write
 .text.SD_disk_ioctl
                0x00000000080011d0      0x264 ./Core/Src/fatfs_sd.o
                0x00000000080011d0                SD_disk_ioctl
 .text.vApplicationGetIdleTaskMemory
                0x0000000008001434       0x34 ./Core/Src/freertos.o
                0x0000000008001434                vApplicationGetIdleTaskMemory
 .text.main     0x0000000008001468      0x150 ./Core/Src/main.o
                0x0000000008001468                main
 .text.SystemClock_Config
                0x00000000080015b8       0xe0 ./Core/Src/main.o
                0x00000000080015b8                SystemClock_Config
 .text.MX_ETH_Init
                0x0000000008001698       0x9c ./Core/Src/main.o
 .text.MX_I2C2_Init
                0x0000000008001734       0x80 ./Core/Src/main.o
 .text.MX_SPI1_Init
                0x00000000080017b4       0x6c ./Core/Src/main.o
 .text.MX_TIM1_Init
                0x0000000008001820      0x140 ./Core/Src/main.o
 .text.MX_TIM3_Init
                0x0000000008001960       0x9c ./Core/Src/main.o
 .text.MX_USART3_UART_Init
                0x00000000080019fc       0x54 ./Core/Src/main.o
 .text.MX_USB_OTG_FS_PCD_Init
                0x0000000008001a50       0x5c ./Core/Src/main.o
 .text.MX_DMA_Init
                0x0000000008001aac       0xbc ./Core/Src/main.o
 .text.MX_GPIO_Init
                0x0000000008001b68      0x1ec ./Core/Src/main.o
 .text.bcdToDec
                0x0000000008001d54       0x30 ./Core/Src/main.o
                0x0000000008001d54                bcdToDec
 .text.Get_Time
                0x0000000008001d84       0x9c ./Core/Src/main.o
                0x0000000008001d84                Get_Time
 .text.Start_RTC
                0x0000000008001e20       0x50 ./Core/Src/main.o
                0x0000000008001e20                Start_RTC
 .text.send_uart_dma
                0x0000000008001e70       0x38 ./Core/Src/main.o
                0x0000000008001e70                send_uart_dma
 .text.HAL_UART_RxCpltCallback
                0x0000000008001ea8       0x50 ./Core/Src/main.o
                0x0000000008001ea8                HAL_UART_RxCpltCallback
 .text.HAL_UART_TxCpltCallback
                0x0000000008001ef8       0x20 ./Core/Src/main.o
                0x0000000008001ef8                HAL_UART_TxCpltCallback
 .text.Start_UART_LED
                0x0000000008001f18       0x9c ./Core/Src/main.o
                0x0000000008001f18                Start_UART_LED
 .text.bufsize  0x0000000008001fb4       0x2e ./Core/Src/main.o
                0x0000000008001fb4                bufsize
 *fill*         0x0000000008001fe2        0x2 
 .text.bufclear
                0x0000000008001fe4       0x38 ./Core/Src/main.o
                0x0000000008001fe4                bufclear
 .text.Start_DataLogging
                0x000000000800201c      0x114 ./Core/Src/main.o
                0x000000000800201c                Start_DataLogging
 .text.Start_FanControl
                0x0000000008002130       0x5c ./Core/Src/main.o
                0x0000000008002130                Start_FanControl
 .text.Start_Temp
                0x000000000800218c       0x5c ./Core/Src/main.o
                0x000000000800218c                Start_Temp
 .text.HAL_TIM_PeriodElapsedCallback
                0x00000000080021e8       0x1e ./Core/Src/main.o
                0x00000000080021e8                HAL_TIM_PeriodElapsedCallback
 .text.Error_Handler
                0x0000000008002206        0xa ./Core/Src/main.o
                0x0000000008002206                Error_Handler
 .text.OneWire_Delay
                0x0000000008002210       0x34 ./Core/Src/onewire.o
                0x0000000008002210                OneWire_Delay
 .text.OneWire_BusInputDirection
                0x0000000008002244       0x32 ./Core/Src/onewire.o
                0x0000000008002244                OneWire_BusInputDirection
 .text.OneWire_BusOutputDirection
                0x0000000008002276       0x32 ./Core/Src/onewire.o
                0x0000000008002276                OneWire_BusOutputDirection
 .text.OneWire_OutputLow
                0x00000000080022a8       0x20 ./Core/Src/onewire.o
                0x00000000080022a8                OneWire_OutputLow
 .text.OneWire_OutputHigh
                0x00000000080022c8       0x1e ./Core/Src/onewire.o
                0x00000000080022c8                OneWire_OutputHigh
 .text.OneWire_Reset
                0x00000000080022e6       0x4e ./Core/Src/onewire.o
                0x00000000080022e6                OneWire_Reset
 .text.OneWire_WriteBit
                0x0000000008002334       0x58 ./Core/Src/onewire.o
                0x0000000008002334                OneWire_WriteBit
 .text.OneWire_ReadBit
                0x000000000800238c       0x54 ./Core/Src/onewire.o
                0x000000000800238c                OneWire_ReadBit
 .text.OneWire_WriteByte
                0x00000000080023e0       0x3c ./Core/Src/onewire.o
                0x00000000080023e0                OneWire_WriteByte
 .text.OneWire_ReadByte
                0x000000000800241c       0x42 ./Core/Src/onewire.o
                0x000000000800241c                OneWire_ReadByte
 .text.OneWire_ResetSearch
                0x000000000800245e       0x26 ./Core/Src/onewire.o
                0x000000000800245e                OneWire_ResetSearch
 .text.OneWire_Search
                0x0000000008002484      0x18c ./Core/Src/onewire.o
                0x0000000008002484                OneWire_Search
 .text.OneWire_First
                0x0000000008002610       0x20 ./Core/Src/onewire.o
                0x0000000008002610                OneWire_First
 .text.OneWire_Next
                0x0000000008002630       0x1a ./Core/Src/onewire.o
                0x0000000008002630                OneWire_Next
 .text.OneWire_SelectWithPointer
                0x000000000800264a       0x3e ./Core/Src/onewire.o
                0x000000000800264a                OneWire_SelectWithPointer
 .text.OneWire_GetFullROM
                0x0000000008002688       0x3a ./Core/Src/onewire.o
                0x0000000008002688                OneWire_GetFullROM
 *fill*         0x00000000080026c2        0x2 
 .text.OneWire_Init
                0x00000000080026c4       0x58 ./Core/Src/onewire.o
                0x00000000080026c4                OneWire_Init
 .text.HAL_MspInit
                0x000000000800271c       0x58 ./Core/Src/stm32f4xx_hal_msp.o
                0x000000000800271c                HAL_MspInit
 .text.HAL_ETH_MspInit
                0x0000000008002774      0x18c ./Core/Src/stm32f4xx_hal_msp.o
                0x0000000008002774                HAL_ETH_MspInit
 .text.HAL_I2C_MspInit
                0x0000000008002900      0x158 ./Core/Src/stm32f4xx_hal_msp.o
                0x0000000008002900                HAL_I2C_MspInit
 .text.HAL_SPI_MspInit
                0x0000000008002a58      0x19c ./Core/Src/stm32f4xx_hal_msp.o
                0x0000000008002a58                HAL_SPI_MspInit
 .text.HAL_TIM_Base_MspInit
                0x0000000008002bf4       0xd4 ./Core/Src/stm32f4xx_hal_msp.o
                0x0000000008002bf4                HAL_TIM_Base_MspInit
 .text.HAL_TIM_MspPostInit
                0x0000000008002cc8       0x74 ./Core/Src/stm32f4xx_hal_msp.o
                0x0000000008002cc8                HAL_TIM_MspPostInit
 .text.HAL_UART_MspInit
                0x0000000008002d3c      0x170 ./Core/Src/stm32f4xx_hal_msp.o
                0x0000000008002d3c                HAL_UART_MspInit
 .text.HAL_PCD_MspInit
                0x0000000008002eac       0xb4 ./Core/Src/stm32f4xx_hal_msp.o
                0x0000000008002eac                HAL_PCD_MspInit
 .text.HAL_InitTick
                0x0000000008002f60       0xf8 ./Core/Src/stm32f4xx_hal_timebase_tim.o
                0x0000000008002f60                HAL_InitTick
 .text.NMI_Handler
                0x0000000008003058        0x6 ./Core/Src/stm32f4xx_it.o
                0x0000000008003058                NMI_Handler
 .text.HardFault_Handler
                0x000000000800305e        0x6 ./Core/Src/stm32f4xx_it.o
                0x000000000800305e                HardFault_Handler
 .text.MemManage_Handler
                0x0000000008003064        0x6 ./Core/Src/stm32f4xx_it.o
                0x0000000008003064                MemManage_Handler
 .text.BusFault_Handler
                0x000000000800306a        0x6 ./Core/Src/stm32f4xx_it.o
                0x000000000800306a                BusFault_Handler
 .text.UsageFault_Handler
                0x0000000008003070        0x6 ./Core/Src/stm32f4xx_it.o
                0x0000000008003070                UsageFault_Handler
 .text.DebugMon_Handler
                0x0000000008003076        0xe ./Core/Src/stm32f4xx_it.o
                0x0000000008003076                DebugMon_Handler
 .text.DMA1_Stream1_IRQHandler
                0x0000000008003084       0x14 ./Core/Src/stm32f4xx_it.o
                0x0000000008003084                DMA1_Stream1_IRQHandler
 .text.DMA1_Stream3_IRQHandler
                0x0000000008003098       0x14 ./Core/Src/stm32f4xx_it.o
                0x0000000008003098                DMA1_Stream3_IRQHandler
 .text.DMA1_Stream4_IRQHandler
                0x00000000080030ac       0x14 ./Core/Src/stm32f4xx_it.o
                0x00000000080030ac                DMA1_Stream4_IRQHandler
 .text.TIM2_IRQHandler
                0x00000000080030c0       0x14 ./Core/Src/stm32f4xx_it.o
                0x00000000080030c0                TIM2_IRQHandler
 .text.USART3_IRQHandler
                0x00000000080030d4       0x14 ./Core/Src/stm32f4xx_it.o
                0x00000000080030d4                USART3_IRQHandler
 .text.DMA1_Stream7_IRQHandler
                0x00000000080030e8       0x14 ./Core/Src/stm32f4xx_it.o
                0x00000000080030e8                DMA1_Stream7_IRQHandler
 .text.DMA2_Stream1_IRQHandler
                0x00000000080030fc       0x14 ./Core/Src/stm32f4xx_it.o
                0x00000000080030fc                DMA2_Stream1_IRQHandler
 .text.DMA2_Stream2_IRQHandler
                0x0000000008003110       0x14 ./Core/Src/stm32f4xx_it.o
                0x0000000008003110                DMA2_Stream2_IRQHandler
 .text.DMA2_Stream5_IRQHandler
                0x0000000008003124       0x14 ./Core/Src/stm32f4xx_it.o
                0x0000000008003124                DMA2_Stream5_IRQHandler
 .text._sbrk    0x0000000008003138       0x6c ./Core/Src/sysmem.o
                0x0000000008003138                _sbrk
 .text.SystemInit
                0x00000000080031a4       0x24 ./Core/Src/system_stm32f4xx.o
                0x00000000080031a4                SystemInit
 .text.TM_DELAY_1msHandler
                0x00000000080031c8        0xe ./Core/Src/tm_stm32_delay.o
                0x00000000080031c8                TM_DELAY_1msHandler
 *fill*         0x00000000080031d6        0x2 
 .text.HAL_IncTick
                0x00000000080031d8      0x10c ./Core/Src/tm_stm32_delay.o
                0x00000000080031d8                HAL_IncTick
 .text.HAL_Delay
                0x00000000080032e4       0x54 ./Core/Src/tm_stm32_delay.o
                0x00000000080032e4                HAL_Delay
 .text.HAL_GetTick
                0x0000000008003338       0x18 ./Core/Src/tm_stm32_delay.o
                0x0000000008003338                HAL_GetTick
 .text.Reset_Handler
                0x0000000008003350       0x50 ./Core/Startup/startup_stm32f429zitx.o
                0x0000000008003350                Reset_Handler
 .text.Default_Handler
                0x00000000080033a0        0x2 ./Core/Startup/startup_stm32f429zitx.o
                0x00000000080033a0                RTC_Alarm_IRQHandler
                0x00000000080033a0                HASH_RNG_IRQHandler
                0x00000000080033a0                EXTI2_IRQHandler
                0x00000000080033a0                TIM8_CC_IRQHandler
                0x00000000080033a0                UART8_IRQHandler
                0x00000000080033a0                SPI4_IRQHandler
                0x00000000080033a0                TIM1_CC_IRQHandler
                0x00000000080033a0                DMA1_Stream5_IRQHandler
                0x00000000080033a0                PVD_IRQHandler
                0x00000000080033a0                SDIO_IRQHandler
                0x00000000080033a0                TAMP_STAMP_IRQHandler
                0x00000000080033a0                CAN2_RX1_IRQHandler
                0x00000000080033a0                EXTI3_IRQHandler
                0x00000000080033a0                TIM8_TRG_COM_TIM14_IRQHandler
                0x00000000080033a0                TIM1_UP_TIM10_IRQHandler
                0x00000000080033a0                TIM8_UP_TIM13_IRQHandler
                0x00000000080033a0                I2C3_ER_IRQHandler
                0x00000000080033a0                EXTI0_IRQHandler
                0x00000000080033a0                I2C2_EV_IRQHandler
                0x00000000080033a0                DMA1_Stream2_IRQHandler
                0x00000000080033a0                CAN1_RX0_IRQHandler
                0x00000000080033a0                FPU_IRQHandler
                0x00000000080033a0                OTG_HS_WKUP_IRQHandler
                0x00000000080033a0                LTDC_ER_IRQHandler
                0x00000000080033a0                CAN2_SCE_IRQHandler
                0x00000000080033a0                SPI1_IRQHandler
                0x00000000080033a0                TIM6_DAC_IRQHandler
                0x00000000080033a0                TIM1_BRK_TIM9_IRQHandler
                0x00000000080033a0                DCMI_IRQHandler
                0x00000000080033a0                CAN2_RX0_IRQHandler
                0x00000000080033a0                DMA2_Stream3_IRQHandler
                0x00000000080033a0                USART6_IRQHandler
                0x00000000080033a0                CAN1_RX1_IRQHandler
                0x00000000080033a0                UART5_IRQHandler
                0x00000000080033a0                DMA2_Stream0_IRQHandler
                0x00000000080033a0                TIM4_IRQHandler
                0x00000000080033a0                I2C1_EV_IRQHandler
                0x00000000080033a0                DMA1_Stream6_IRQHandler
                0x00000000080033a0                UART4_IRQHandler
                0x00000000080033a0                TIM3_IRQHandler
                0x00000000080033a0                RCC_IRQHandler
                0x00000000080033a0                TIM8_BRK_TIM12_IRQHandler
                0x00000000080033a0                Default_Handler
                0x00000000080033a0                EXTI15_10_IRQHandler
                0x00000000080033a0                ADC_IRQHandler
                0x00000000080033a0                SPI5_IRQHandler
                0x00000000080033a0                TIM7_IRQHandler
                0x00000000080033a0                CAN2_TX_IRQHandler
                0x00000000080033a0                TIM5_IRQHandler
                0x00000000080033a0                DMA2_Stream7_IRQHandler
                0x00000000080033a0                I2C3_EV_IRQHandler
                0x00000000080033a0                EXTI9_5_IRQHandler
                0x00000000080033a0                RTC_WKUP_IRQHandler
                0x00000000080033a0                LTDC_IRQHandler
                0x00000000080033a0                ETH_WKUP_IRQHandler
                0x00000000080033a0                SPI2_IRQHandler
                0x00000000080033a0                OTG_HS_EP1_IN_IRQHandler
                0x00000000080033a0                DMA1_Stream0_IRQHandler
                0x00000000080033a0                CAN1_TX_IRQHandler
                0x00000000080033a0                EXTI4_IRQHandler
                0x00000000080033a0                ETH_IRQHandler
                0x00000000080033a0                OTG_HS_EP1_OUT_IRQHandler
                0x00000000080033a0                WWDG_IRQHandler
                0x00000000080033a0                SPI6_IRQHandler
                0x00000000080033a0                OTG_FS_WKUP_IRQHandler
                0x00000000080033a0                TIM1_TRG_COM_TIM11_IRQHandler
                0x00000000080033a0                OTG_HS_IRQHandler
                0x00000000080033a0                DMA2D_IRQHandler
                0x00000000080033a0                EXTI1_IRQHandler
                0x00000000080033a0                UART7_IRQHandler
                0x00000000080033a0                USART2_IRQHandler
                0x00000000080033a0                I2C2_ER_IRQHandler
                0x00000000080033a0                CAN1_SCE_IRQHandler
                0x00000000080033a0                FLASH_IRQHandler
                0x00000000080033a0                DMA2_Stream4_IRQHandler
                0x00000000080033a0                USART1_IRQHandler
                0x00000000080033a0                OTG_FS_IRQHandler
                0x00000000080033a0                SPI3_IRQHandler
                0x00000000080033a0                I2C1_ER_IRQHandler
                0x00000000080033a0                FMC_IRQHandler
                0x00000000080033a0                DMA2_Stream6_IRQHandler
                0x00000000080033a0                SAI1_IRQHandler
 *fill*         0x00000000080033a2        0x2 
 .text.HAL_Init
                0x00000000080033a4       0x44 ./Drivers/STM32F4xx_HAL_Driver/Src/stm32f4xx_hal.o
                0x00000000080033a4                HAL_Init
 .text.__NVIC_SetPriorityGrouping
                0x00000000080033e8       0x48 ./Drivers/STM32F4xx_HAL_Driver/Src/stm32f4xx_hal_cortex.o
 .text.__NVIC_GetPriorityGrouping
                0x0000000008003430       0x1c ./Drivers/STM32F4xx_HAL_Driver/Src/stm32f4xx_hal_cortex.o
 .text.__NVIC_EnableIRQ
                0x000000000800344c       0x3c ./Drivers/STM32F4xx_HAL_Driver/Src/stm32f4xx_hal_cortex.o
 .text.__NVIC_SetPriority
                0x0000000008003488       0x54 ./Drivers/STM32F4xx_HAL_Driver/Src/stm32f4xx_hal_cortex.o
 .text.NVIC_EncodePriority
                0x00000000080034dc       0x66 ./Drivers/STM32F4xx_HAL_Driver/Src/stm32f4xx_hal_cortex.o
 .text.HAL_NVIC_SetPriorityGrouping
                0x0000000008003542       0x16 ./Drivers/STM32F4xx_HAL_Driver/Src/stm32f4xx_hal_cortex.o
                0x0000000008003542                HAL_NVIC_SetPriorityGrouping
 .text.HAL_NVIC_SetPriority
                0x0000000008003558       0x38 ./Drivers/STM32F4xx_HAL_Driver/Src/stm32f4xx_hal_cortex.o
                0x0000000008003558                HAL_NVIC_SetPriority
 .text.HAL_NVIC_EnableIRQ
                0x0000000008003590       0x1c ./Drivers/STM32F4xx_HAL_Driver/Src/stm32f4xx_hal_cortex.o
                0x0000000008003590                HAL_NVIC_EnableIRQ
 .text.HAL_DMA_Init
                0x00000000080035ac      0x15c ./Drivers/STM32F4xx_HAL_Driver/Src/stm32f4xx_hal_dma.o
                0x00000000080035ac                HAL_DMA_Init
 .text.HAL_DMA_Start_IT
                0x0000000008003708       0xb0 ./Drivers/STM32F4xx_HAL_Driver/Src/stm32f4xx_hal_dma.o
                0x0000000008003708                HAL_DMA_Start_IT
 .text.HAL_DMA_Abort
                0x00000000080037b8       0xe0 ./Drivers/STM32F4xx_HAL_Driver/Src/stm32f4xx_hal_dma.o
                0x00000000080037b8                HAL_DMA_Abort
 .text.HAL_DMA_Abort_IT
                0x0000000008003898       0x44 ./Drivers/STM32F4xx_HAL_Driver/Src/stm32f4xx_hal_dma.o
                0x0000000008003898                HAL_DMA_Abort_IT
 .text.HAL_DMA_IRQHandler
                0x00000000080038dc      0x314 ./Drivers/STM32F4xx_HAL_Driver/Src/stm32f4xx_hal_dma.o
                0x00000000080038dc                HAL_DMA_IRQHandler
 .text.HAL_DMA_GetError
                0x0000000008003bf0       0x18 ./Drivers/STM32F4xx_HAL_Driver/Src/stm32f4xx_hal_dma.o
                0x0000000008003bf0                HAL_DMA_GetError
 .text.DMA_SetConfig
                0x0000000008003c08       0x5c ./Drivers/STM32F4xx_HAL_Driver/Src/stm32f4xx_hal_dma.o
 .text.DMA_CalcBaseAndBitshift
                0x0000000008003c64       0x6c ./Drivers/STM32F4xx_HAL_Driver/Src/stm32f4xx_hal_dma.o
 .text.DMA_CheckFifoParam
                0x0000000008003cd0       0xf8 ./Drivers/STM32F4xx_HAL_Driver/Src/stm32f4xx_hal_dma.o
 .text.HAL_ETH_Init
                0x0000000008003dc8       0xfc ./Drivers/STM32F4xx_HAL_Driver/Src/stm32f4xx_hal_eth.o
                0x0000000008003dc8                HAL_ETH_Init
 .text.ETH_SetMACConfig
                0x0000000008003ec4      0x160 ./Drivers/STM32F4xx_HAL_Driver/Src/stm32f4xx_hal_eth.o
 .text.ETH_SetDMAConfig
                0x0000000008004024      0x114 ./Drivers/STM32F4xx_HAL_Driver/Src/stm32f4xx_hal_eth.o
 .text.ETH_MACDMAConfig
                0x0000000008004138       0xe4 ./Drivers/STM32F4xx_HAL_Driver/Src/stm32f4xx_hal_eth.o
 .text.ETH_MACAddressConfig
                0x000000000800421c       0x70 ./Drivers/STM32F4xx_HAL_Driver/Src/stm32f4xx_hal_eth.o
 .text.ETH_DMATxDescListInit
                0x000000000800428c       0xb2 ./Drivers/STM32F4xx_HAL_Driver/Src/stm32f4xx_hal_eth.o
 .text.ETH_DMARxDescListInit
                0x000000000800433e       0xda ./Drivers/STM32F4xx_HAL_Driver/Src/stm32f4xx_hal_eth.o
 .text.HAL_GPIO_Init
                0x0000000008004418      0x358 ./Drivers/STM32F4xx_HAL_Driver/Src/stm32f4xx_hal_gpio.o
                0x0000000008004418                HAL_GPIO_Init
 .text.HAL_GPIO_ReadPin
                0x0000000008004770       0x30 ./Drivers/STM32F4xx_HAL_Driver/Src/stm32f4xx_hal_gpio.o
                0x0000000008004770                HAL_GPIO_ReadPin
 .text.HAL_GPIO_WritePin
                0x00000000080047a0       0x32 ./Drivers/STM32F4xx_HAL_Driver/Src/stm32f4xx_hal_gpio.o
                0x00000000080047a0                HAL_GPIO_WritePin
 .text.HAL_GPIO_TogglePin
                0x00000000080047d2       0x34 ./Drivers/STM32F4xx_HAL_Driver/Src/stm32f4xx_hal_gpio.o
                0x00000000080047d2                HAL_GPIO_TogglePin
 *fill*         0x0000000008004806        0x2 
 .text.HAL_I2C_Init
                0x0000000008004808      0x288 ./Drivers/STM32F4xx_HAL_Driver/Src/stm32f4xx_hal_i2c.o
                0x0000000008004808                HAL_I2C_Init
 .text.HAL_I2C_Mem_Read_DMA
                0x0000000008004a90      0x328 ./Drivers/STM32F4xx_HAL_Driver/Src/stm32f4xx_hal_i2c.o
                0x0000000008004a90                HAL_I2C_Mem_Read_DMA
 .text.HAL_I2C_MasterRxCpltCallback
                0x0000000008004db8       0x14 ./Drivers/STM32F4xx_HAL_Driver/Src/stm32f4xx_hal_i2c.o
                0x0000000008004db8                HAL_I2C_MasterRxCpltCallback
 .text.HAL_I2C_SlaveTxCpltCallback
                0x0000000008004dcc       0x14 ./Drivers/STM32F4xx_HAL_Driver/Src/stm32f4xx_hal_i2c.o
                0x0000000008004dcc                HAL_I2C_SlaveTxCpltCallback
 .text.HAL_I2C_SlaveRxCpltCallback
                0x0000000008004de0       0x14 ./Drivers/STM32F4xx_HAL_Driver/Src/stm32f4xx_hal_i2c.o
                0x0000000008004de0                HAL_I2C_SlaveRxCpltCallback
 .text.HAL_I2C_MemRxCpltCallback
                0x0000000008004df4       0x14 ./Drivers/STM32F4xx_HAL_Driver/Src/stm32f4xx_hal_i2c.o
                0x0000000008004df4                HAL_I2C_MemRxCpltCallback
 .text.HAL_I2C_ErrorCallback
                0x0000000008004e08       0x14 ./Drivers/STM32F4xx_HAL_Driver/Src/stm32f4xx_hal_i2c.o
                0x0000000008004e08                HAL_I2C_ErrorCallback
 .text.I2C_RequestMemoryRead
                0x0000000008004e1c      0x1d0 ./Drivers/STM32F4xx_HAL_Driver/Src/stm32f4xx_hal_i2c.o
 .text.I2C_DMAXferCplt
                0x0000000008004fec      0x1aa ./Drivers/STM32F4xx_HAL_Driver/Src/stm32f4xx_hal_i2c.o
 .text.I2C_DMAError
                0x0000000008005196       0x7a ./Drivers/STM32F4xx_HAL_Driver/Src/stm32f4xx_hal_i2c.o
 .text.I2C_WaitOnFlagUntilTimeout
                0x0000000008005210       0xae ./Drivers/STM32F4xx_HAL_Driver/Src/stm32f4xx_hal_i2c.o
 .text.I2C_WaitOnMasterAddressFlagUntilTimeout
                0x00000000080052be       0xfe ./Drivers/STM32F4xx_HAL_Driver/Src/stm32f4xx_hal_i2c.o
 .text.I2C_WaitOnTXEFlagUntilTimeout
                0x00000000080053bc       0x82 ./Drivers/STM32F4xx_HAL_Driver/Src/stm32f4xx_hal_i2c.o
 .text.I2C_IsAcknowledgeFailed
                0x000000000800543e       0x5e ./Drivers/STM32F4xx_HAL_Driver/Src/stm32f4xx_hal_i2c.o
 .text.HAL_I2CEx_ConfigAnalogFilter
                0x000000000800549c       0x78 ./Drivers/STM32F4xx_HAL_Driver/Src/stm32f4xx_hal_i2c_ex.o
                0x000000000800549c                HAL_I2CEx_ConfigAnalogFilter
 .text.HAL_I2CEx_ConfigDigitalFilter
                0x0000000008005514       0x7e ./Drivers/STM32F4xx_HAL_Driver/Src/stm32f4xx_hal_i2c_ex.o
                0x0000000008005514                HAL_I2CEx_ConfigDigitalFilter
 .text.HAL_PCD_Init
                0x0000000008005592      0x23a ./Drivers/STM32F4xx_HAL_Driver/Src/stm32f4xx_hal_pcd.o
                0x0000000008005592                HAL_PCD_Init
 .text.HAL_RCC_OscConfig
                0x00000000080057cc      0x4f0 ./Drivers/STM32F4xx_HAL_Driver/Src/stm32f4xx_hal_rcc.o
                0x00000000080057cc                HAL_RCC_OscConfig
 .text.HAL_RCC_ClockConfig
                0x0000000008005cbc      0x1cc ./Drivers/STM32F4xx_HAL_Driver/Src/stm32f4xx_hal_rcc.o
                0x0000000008005cbc                HAL_RCC_ClockConfig
 .text.HAL_RCC_MCOConfig
                0x0000000008005e88       0xd0 ./Drivers/STM32F4xx_HAL_Driver/Src/stm32f4xx_hal_rcc.o
                0x0000000008005e88                HAL_RCC_MCOConfig
 .text.HAL_RCC_GetSysClockFreq
                0x0000000008005f58      0x20c ./Drivers/STM32F4xx_HAL_Driver/Src/stm32f4xx_hal_rcc.o
                0x0000000008005f58                HAL_RCC_GetSysClockFreq
 .text.HAL_RCC_GetHCLKFreq
                0x0000000008006164       0x18 ./Drivers/STM32F4xx_HAL_Driver/Src/stm32f4xx_hal_rcc.o
                0x0000000008006164                HAL_RCC_GetHCLKFreq
 .text.HAL_RCC_GetPCLK1Freq
                0x000000000800617c       0x28 ./Drivers/STM32F4xx_HAL_Driver/Src/stm32f4xx_hal_rcc.o
                0x000000000800617c                HAL_RCC_GetPCLK1Freq
 .text.HAL_RCC_GetPCLK2Freq
                0x00000000080061a4       0x28 ./Drivers/STM32F4xx_HAL_Driver/Src/stm32f4xx_hal_rcc.o
                0x00000000080061a4                HAL_RCC_GetPCLK2Freq
 .text.HAL_RCC_GetClockConfig
                0x00000000080061cc       0x64 ./Drivers/STM32F4xx_HAL_Driver/Src/stm32f4xx_hal_rcc.o
                0x00000000080061cc                HAL_RCC_GetClockConfig
 .text.HAL_SPI_Init
                0x0000000008006230      0x112 ./Drivers/STM32F4xx_HAL_Driver/Src/stm32f4xx_hal_spi.o
                0x0000000008006230                HAL_SPI_Init
 .text.HAL_SPI_Transmit
                0x0000000008006342      0x278 ./Drivers/STM32F4xx_HAL_Driver/Src/stm32f4xx_hal_spi.o
                0x0000000008006342                HAL_SPI_Transmit
 .text.HAL_SPI_TransmitReceive
                0x00000000080065ba      0x344 ./Drivers/STM32F4xx_HAL_Driver/Src/stm32f4xx_hal_spi.o
                0x00000000080065ba                HAL_SPI_TransmitReceive
 .text.HAL_SPI_GetState
                0x00000000080068fe       0x1c ./Drivers/STM32F4xx_HAL_Driver/Src/stm32f4xx_hal_spi.o
                0x00000000080068fe                HAL_SPI_GetState
 *fill*         0x000000000800691a        0x2 
 .text.SPI_WaitFlagStateUntilTimeout
                0x000000000800691c      0x110 ./Drivers/STM32F4xx_HAL_Driver/Src/stm32f4xx_hal_spi.o
 .text.SPI_EndRxTxTransaction
                0x0000000008006a2c       0x84 ./Drivers/STM32F4xx_HAL_Driver/Src/stm32f4xx_hal_spi.o
 .text.HAL_TIM_Base_Init
                0x0000000008006ab0       0x9e ./Drivers/STM32F4xx_HAL_Driver/Src/stm32f4xx_hal_tim.o
                0x0000000008006ab0                HAL_TIM_Base_Init
 *fill*         0x0000000008006b4e        0x2 
 .text.HAL_TIM_Base_Start
                0x0000000008006b50       0xd0 ./Drivers/STM32F4xx_HAL_Driver/Src/stm32f4xx_hal_tim.o
                0x0000000008006b50                HAL_TIM_Base_Start
 .text.HAL_TIM_Base_Start_IT
                0x0000000008006c20       0xe0 ./Drivers/STM32F4xx_HAL_Driver/Src/stm32f4xx_hal_tim.o
                0x0000000008006c20                HAL_TIM_Base_Start_IT
 .text.HAL_TIM_PWM_Init
                0x0000000008006d00       0x9e ./Drivers/STM32F4xx_HAL_Driver/Src/stm32f4xx_hal_tim.o
                0x0000000008006d00                HAL_TIM_PWM_Init
 .text.HAL_TIM_PWM_MspInit
                0x0000000008006d9e       0x14 ./Drivers/STM32F4xx_HAL_Driver/Src/stm32f4xx_hal_tim.o
                0x0000000008006d9e                HAL_TIM_PWM_MspInit
 *fill*         0x0000000008006db2        0x2 
 .text.HAL_TIM_PWM_Start
                0x0000000008006db4      0x190 ./Drivers/STM32F4xx_HAL_Driver/Src/stm32f4xx_hal_tim.o
                0x0000000008006db4                HAL_TIM_PWM_Start
 .text.HAL_TIM_IRQHandler
                0x0000000008006f44      0x210 ./Drivers/STM32F4xx_HAL_Driver/Src/stm32f4xx_hal_tim.o
                0x0000000008006f44                HAL_TIM_IRQHandler
 .text.HAL_TIM_PWM_ConfigChannel
                0x0000000008007154      0x184 ./Drivers/STM32F4xx_HAL_Driver/Src/stm32f4xx_hal_tim.o
                0x0000000008007154                HAL_TIM_PWM_ConfigChannel
 .text.HAL_TIM_ConfigClockSource
                0x00000000080072d8      0x18e ./Drivers/STM32F4xx_HAL_Driver/Src/stm32f4xx_hal_tim.o
                0x00000000080072d8                HAL_TIM_ConfigClockSource
 .text.HAL_TIM_OC_DelayElapsedCallback
                0x0000000008007466       0x14 ./Drivers/STM32F4xx_HAL_Driver/Src/stm32f4xx_hal_tim.o
                0x0000000008007466                HAL_TIM_OC_DelayElapsedCallback
 .text.HAL_TIM_IC_CaptureCallback
                0x000000000800747a       0x14 ./Drivers/STM32F4xx_HAL_Driver/Src/stm32f4xx_hal_tim.o
                0x000000000800747a                HAL_TIM_IC_CaptureCallback
 .text.HAL_TIM_PWM_PulseFinishedCallback
                0x000000000800748e       0x14 ./Drivers/STM32F4xx_HAL_Driver/Src/stm32f4xx_hal_tim.o
                0x000000000800748e                HAL_TIM_PWM_PulseFinishedCallback
 .text.HAL_TIM_TriggerCallback
                0x00000000080074a2       0x14 ./Drivers/STM32F4xx_HAL_Driver/Src/stm32f4xx_hal_tim.o
                0x00000000080074a2                HAL_TIM_TriggerCallback
 *fill*         0x00000000080074b6        0x2 
 .text.TIM_Base_SetConfig
                0x00000000080074b8      0x140 ./Drivers/STM32F4xx_HAL_Driver/Src/stm32f4xx_hal_tim.o
                0x00000000080074b8                TIM_Base_SetConfig
 .text.TIM_OC1_SetConfig
                0x00000000080075f8       0xe0 ./Drivers/STM32F4xx_HAL_Driver/Src/stm32f4xx_hal_tim.o
 .text.TIM_OC2_SetConfig
                0x00000000080076d8       0xec ./Drivers/STM32F4xx_HAL_Driver/Src/stm32f4xx_hal_tim.o
                0x00000000080076d8                TIM_OC2_SetConfig
 .text.TIM_OC3_SetConfig
                0x00000000080077c4       0xe8 ./Drivers/STM32F4xx_HAL_Driver/Src/stm32f4xx_hal_tim.o
 .text.TIM_OC4_SetConfig
                0x00000000080078ac       0xac ./Drivers/STM32F4xx_HAL_Driver/Src/stm32f4xx_hal_tim.o
 .text.TIM_TI1_ConfigInputStage
                0x0000000008007958       0x5e ./Drivers/STM32F4xx_HAL_Driver/Src/stm32f4xx_hal_tim.o
 .text.TIM_TI2_ConfigInputStage
                0x00000000080079b6       0x60 ./Drivers/STM32F4xx_HAL_Driver/Src/stm32f4xx_hal_tim.o
 .text.TIM_ITRx_SetConfig
                0x0000000008007a16       0x36 ./Drivers/STM32F4xx_HAL_Driver/Src/stm32f4xx_hal_tim.o
 .text.TIM_ETR_SetConfig
                0x0000000008007a4c       0x40 ./Drivers/STM32F4xx_HAL_Driver/Src/stm32f4xx_hal_tim.o
                0x0000000008007a4c                TIM_ETR_SetConfig
 .text.TIM_CCxChannelCmd
                0x0000000008007a8c       0x4a ./Drivers/STM32F4xx_HAL_Driver/Src/stm32f4xx_hal_tim.o
                0x0000000008007a8c                TIM_CCxChannelCmd
 *fill*         0x0000000008007ad6        0x2 
 .text.HAL_TIMEx_MasterConfigSynchronization
                0x0000000008007ad8       0xf8 ./Drivers/STM32F4xx_HAL_Driver/Src/stm32f4xx_hal_tim_ex.o
                0x0000000008007ad8                HAL_TIMEx_MasterConfigSynchronization
 .text.HAL_TIMEx_ConfigBreakDeadTime
                0x0000000008007bd0       0xa4 ./Drivers/STM32F4xx_HAL_Driver/Src/stm32f4xx_hal_tim_ex.o
                0x0000000008007bd0                HAL_TIMEx_ConfigBreakDeadTime
 .text.HAL_TIMEx_CommutCallback
                0x0000000008007c74       0x14 ./Drivers/STM32F4xx_HAL_Driver/Src/stm32f4xx_hal_tim_ex.o
                0x0000000008007c74                HAL_TIMEx_CommutCallback
 .text.HAL_TIMEx_BreakCallback
                0x0000000008007c88       0x14 ./Drivers/STM32F4xx_HAL_Driver/Src/stm32f4xx_hal_tim_ex.o
                0x0000000008007c88                HAL_TIMEx_BreakCallback
 .text.HAL_UART_Init
                0x0000000008007c9c       0x9a ./Drivers/STM32F4xx_HAL_Driver/Src/stm32f4xx_hal_uart.o
                0x0000000008007c9c                HAL_UART_Init
 *fill*         0x0000000008007d36        0x2 
 .text.HAL_UART_Transmit_DMA
                0x0000000008007d38       0xfc ./Drivers/STM32F4xx_HAL_Driver/Src/stm32f4xx_hal_uart.o
                0x0000000008007d38                HAL_UART_Transmit_DMA
 .text.HAL_UART_Receive_DMA
                0x0000000008007e34       0x60 ./Drivers/STM32F4xx_HAL_Driver/Src/stm32f4xx_hal_uart.o
                0x0000000008007e34                HAL_UART_Receive_DMA
 .text.HAL_UART_IRQHandler
                0x0000000008007e94      0x51c ./Drivers/STM32F4xx_HAL_Driver/Src/stm32f4xx_hal_uart.o
                0x0000000008007e94                HAL_UART_IRQHandler
 .text.HAL_UART_TxHalfCpltCallback
                0x00000000080083b0       0x14 ./Drivers/STM32F4xx_HAL_Driver/Src/stm32f4xx_hal_uart.o
                0x00000000080083b0                HAL_UART_TxHalfCpltCallback
 .text.HAL_UART_RxHalfCpltCallback
                0x00000000080083c4       0x14 ./Drivers/STM32F4xx_HAL_Driver/Src/stm32f4xx_hal_uart.o
                0x00000000080083c4                HAL_UART_RxHalfCpltCallback
 .text.HAL_UART_ErrorCallback
                0x00000000080083d8       0x14 ./Drivers/STM32F4xx_HAL_Driver/Src/stm32f4xx_hal_uart.o
                0x00000000080083d8                HAL_UART_ErrorCallback
 .text.HAL_UARTEx_RxEventCallback
                0x00000000080083ec       0x18 ./Drivers/STM32F4xx_HAL_Driver/Src/stm32f4xx_hal_uart.o
                0x00000000080083ec                HAL_UARTEx_RxEventCallback
 .text.UART_DMATransmitCplt
                0x0000000008008404       0x9a ./Drivers/STM32F4xx_HAL_Driver/Src/stm32f4xx_hal_uart.o
 .text.UART_DMATxHalfCplt
                0x000000000800849e       0x1c ./Drivers/STM32F4xx_HAL_Driver/Src/stm32f4xx_hal_uart.o
 .text.UART_DMAReceiveCplt
                0x00000000080084ba      0x126 ./Drivers/STM32F4xx_HAL_Driver/Src/stm32f4xx_hal_uart.o
 .text.UART_DMARxHalfCplt
                0x00000000080085e0       0x36 ./Drivers/STM32F4xx_HAL_Driver/Src/stm32f4xx_hal_uart.o
 .text.UART_DMAError
                0x0000000008008616       0x94 ./Drivers/STM32F4xx_HAL_Driver/Src/stm32f4xx_hal_uart.o
 *fill*         0x00000000080086aa        0x2 
 .text.UART_Start_Receive_DMA
                0x00000000080086ac      0x13c ./Drivers/STM32F4xx_HAL_Driver/Src/stm32f4xx_hal_uart.o
                0x00000000080086ac                UART_Start_Receive_DMA
 .text.UART_EndTxTransfer
                0x00000000080087e8       0x50 ./Drivers/STM32F4xx_HAL_Driver/Src/stm32f4xx_hal_uart.o
 .text.UART_EndRxTransfer
                0x0000000008008838       0xc6 ./Drivers/STM32F4xx_HAL_Driver/Src/stm32f4xx_hal_uart.o
 .text.UART_DMAAbortOnError
                0x00000000080088fe       0x28 ./Drivers/STM32F4xx_HAL_Driver/Src/stm32f4xx_hal_uart.o
 .text.UART_Transmit_IT
                0x0000000008008926       0xa0 ./Drivers/STM32F4xx_HAL_Driver/Src/stm32f4xx_hal_uart.o
 .text.UART_EndTransmit_IT
                0x00000000080089c6       0x30 ./Drivers/STM32F4xx_HAL_Driver/Src/stm32f4xx_hal_uart.o
 .text.UART_Receive_IT
                0x00000000080089f6      0x176 ./Drivers/STM32F4xx_HAL_Driver/Src/stm32f4xx_hal_uart.o
 .text.UART_SetConfig
                0x0000000008008b6c      0x4e8 ./Drivers/STM32F4xx_HAL_Driver/Src/stm32f4xx_hal_uart.o
 .text.USB_CoreInit
                0x0000000008009054       0xc2 ./Drivers/STM32F4xx_HAL_Driver/Src/stm32f4xx_ll_usb.o
                0x0000000008009054                USB_CoreInit
 .text.USB_DisableGlobalInt
                0x0000000008009116       0x22 ./Drivers/STM32F4xx_HAL_Driver/Src/stm32f4xx_ll_usb.o
                0x0000000008009116                USB_DisableGlobalInt
 .text.USB_SetCurrentMode
                0x0000000008009138       0x98 ./Drivers/STM32F4xx_HAL_Driver/Src/stm32f4xx_ll_usb.o
                0x0000000008009138                USB_SetCurrentMode
 .text.USB_DevInit
                0x00000000080091d0      0x2c8 ./Drivers/STM32F4xx_HAL_Driver/Src/stm32f4xx_ll_usb.o
                0x00000000080091d0                USB_DevInit
 .text.USB_FlushTxFifo
                0x0000000008009498       0x68 ./Drivers/STM32F4xx_HAL_Driver/Src/stm32f4xx_ll_usb.o
                0x0000000008009498                USB_FlushTxFifo
 .text.USB_FlushRxFifo
                0x0000000008009500       0x60 ./Drivers/STM32F4xx_HAL_Driver/Src/stm32f4xx_ll_usb.o
                0x0000000008009500                USB_FlushRxFifo
 .text.USB_SetDevSpeed
                0x0000000008009560       0x32 ./Drivers/STM32F4xx_HAL_Driver/Src/stm32f4xx_ll_usb.o
                0x0000000008009560                USB_SetDevSpeed
 .text.USB_DevDisconnect
                0x0000000008009592       0x42 ./Drivers/STM32F4xx_HAL_Driver/Src/stm32f4xx_ll_usb.o
                0x0000000008009592                USB_DevDisconnect
 .text.USB_GetMode
                0x00000000080095d4       0x1c ./Drivers/STM32F4xx_HAL_Driver/Src/stm32f4xx_ll_usb.o
                0x00000000080095d4                USB_GetMode
 .text.USB_CoreReset
                0x00000000080095f0       0x68 ./Drivers/STM32F4xx_HAL_Driver/Src/stm32f4xx_ll_usb.o
 .text.MX_FATFS_Init
                0x0000000008009658       0x24 ./FATFS/App/fatfs.o
                0x0000000008009658                MX_FATFS_Init
 .text.get_fattime
                0x000000000800967c       0x10 ./FATFS/App/fatfs.o
                0x000000000800967c                get_fattime
 .text.USER_initialize
                0x000000000800968c       0x1e ./FATFS/Target/user_diskio.o
                0x000000000800968c                USER_initialize
 .text.USER_status
                0x00000000080096aa       0x1e ./FATFS/Target/user_diskio.o
                0x00000000080096aa                USER_status
 .text.USER_read
                0x00000000080096c8       0x28 ./FATFS/Target/user_diskio.o
                0x00000000080096c8                USER_read
 .text.USER_write
                0x00000000080096f0       0x28 ./FATFS/Target/user_diskio.o
                0x00000000080096f0                USER_write
 .text.USER_ioctl
                0x0000000008009718       0x28 ./FATFS/Target/user_diskio.o
                0x0000000008009718                USER_ioctl
 .text.disk_status
                0x0000000008009740       0x34 ./Middlewares/Third_Party/FatFs/src/diskio.o
                0x0000000008009740                disk_status
 .text.disk_initialize
                0x0000000008009774       0x4c ./Middlewares/Third_Party/FatFs/src/diskio.o
                0x0000000008009774                disk_initialize
 .text.disk_read
                0x00000000080097c0       0x40 ./Middlewares/Third_Party/FatFs/src/diskio.o
                0x00000000080097c0                disk_read
 .text.disk_write
                0x0000000008009800       0x40 ./Middlewares/Third_Party/FatFs/src/diskio.o
                0x0000000008009800                disk_write
 .text.disk_ioctl
                0x0000000008009840       0x3c ./Middlewares/Third_Party/FatFs/src/diskio.o
                0x0000000008009840                disk_ioctl
 .text.ld_word  0x000000000800987c       0x30 ./Middlewares/Third_Party/FatFs/src/ff.o
 .text.ld_dword
                0x00000000080098ac       0x46 ./Middlewares/Third_Party/FatFs/src/ff.o
 .text.st_word  0x00000000080098f2       0x36 ./Middlewares/Third_Party/FatFs/src/ff.o
 .text.st_dword
                0x0000000008009928       0x58 ./Middlewares/Third_Party/FatFs/src/ff.o
 .text.mem_cpy  0x0000000008009980       0x42 ./Middlewares/Third_Party/FatFs/src/ff.o
 .text.mem_set  0x00000000080099c2       0x36 ./Middlewares/Third_Party/FatFs/src/ff.o
 .text.mem_cmp  0x00000000080099f8       0x4e ./Middlewares/Third_Party/FatFs/src/ff.o
 .text.chk_chr  0x0000000008009a46       0x36 ./Middlewares/Third_Party/FatFs/src/ff.o
 .text.lock_fs  0x0000000008009a7c       0x2c ./Middlewares/Third_Party/FatFs/src/ff.o
 .text.unlock_fs
                0x0000000008009aa8       0x36 ./Middlewares/Third_Party/FatFs/src/ff.o
 *fill*         0x0000000008009ade        0x2 
 .text.chk_lock
                0x0000000008009ae0       0xb8 ./Middlewares/Third_Party/FatFs/src/ff.o
 .text.enq_lock
                0x0000000008009b98       0x44 ./Middlewares/Third_Party/FatFs/src/ff.o
 .text.inc_lock
                0x0000000008009bdc      0x11c ./Middlewares/Third_Party/FatFs/src/ff.o
 .text.dec_lock
                0x0000000008009cf8       0x78 ./Middlewares/Third_Party/FatFs/src/ff.o
 .text.clear_lock
                0x0000000008009d70       0x48 ./Middlewares/Third_Party/FatFs/src/ff.o
 .text.sync_window
                0x0000000008009db8       0x88 ./Middlewares/Third_Party/FatFs/src/ff.o
 .text.move_window
                0x0000000008009e40       0x5a ./Middlewares/Third_Party/FatFs/src/ff.o
 *fill*         0x0000000008009e9a        0x2 
 .text.sync_fs  0x0000000008009e9c       0xe0 ./Middlewares/Third_Party/FatFs/src/ff.o
 .text.clust2sect
                0x0000000008009f7c       0x3e ./Middlewares/Third_Party/FatFs/src/ff.o
 .text.get_fat  0x0000000008009fba      0x1a8 ./Middlewares/Third_Party/FatFs/src/ff.o
 .text.put_fat  0x000000000800a162      0x238 ./Middlewares/Third_Party/FatFs/src/ff.o
 .text.remove_chain
                0x000000000800a39a       0xca ./Middlewares/Third_Party/FatFs/src/ff.o
 .text.create_chain
                0x000000000800a464      0x130 ./Middlewares/Third_Party/FatFs/src/ff.o
 .text.clmt_clust
                0x000000000800a594       0x70 ./Middlewares/Third_Party/FatFs/src/ff.o
 .text.dir_sdi  0x000000000800a604      0x112 ./Middlewares/Third_Party/FatFs/src/ff.o
 .text.dir_next
                0x000000000800a716      0x1ac ./Middlewares/Third_Party/FatFs/src/ff.o
 .text.dir_alloc
                0x000000000800a8c2       0x8e ./Middlewares/Third_Party/FatFs/src/ff.o
 .text.ld_clust
                0x000000000800a950       0x3e ./Middlewares/Third_Party/FatFs/src/ff.o
 .text.st_clust
                0x000000000800a98e       0x40 ./Middlewares/Third_Party/FatFs/src/ff.o
 .text.dir_find
                0x000000000800a9ce       0xaa ./Middlewares/Third_Party/FatFs/src/ff.o
 .text.dir_register
                0x000000000800aa78       0x64 ./Middlewares/Third_Party/FatFs/src/ff.o
 .text.create_name
                0x000000000800aadc      0x128 ./Middlewares/Third_Party/FatFs/src/ff.o
 .text.follow_path
                0x000000000800ac04       0xec ./Middlewares/Third_Party/FatFs/src/ff.o
 .text.get_ldnumber
                0x000000000800acf0       0x88 ./Middlewares/Third_Party/FatFs/src/ff.o
 .text.check_fs
                0x000000000800ad78       0xac ./Middlewares/Third_Party/FatFs/src/ff.o
 .text.find_volume
                0x000000000800ae24      0x510 ./Middlewares/Third_Party/FatFs/src/ff.o
 .text.validate
                0x000000000800b334       0x8e ./Middlewares/Third_Party/FatFs/src/ff.o
 *fill*         0x000000000800b3c2        0x2 
 .text.f_mount  0x000000000800b3c4       0xc8 ./Middlewares/Third_Party/FatFs/src/ff.o
                0x000000000800b3c4                f_mount
 .text.f_open   0x000000000800b48c      0x3a6 ./Middlewares/Third_Party/FatFs/src/ff.o
                0x000000000800b48c                f_open
 .text.f_write  0x000000000800b832      0x386 ./Middlewares/Third_Party/FatFs/src/ff.o
                0x000000000800b832                f_write
 .text.f_sync   0x000000000800bbb8      0x112 ./Middlewares/Third_Party/FatFs/src/ff.o
                0x000000000800bbb8                f_sync
 .text.f_close  0x000000000800bcca       0x5e ./Middlewares/Third_Party/FatFs/src/ff.o
                0x000000000800bcca                f_close
 .text.f_lseek  0x000000000800bd28      0x4dc ./Middlewares/Third_Party/FatFs/src/ff.o
                0x000000000800bd28                f_lseek
 .text.putc_bfd
                0x000000000800c204       0x7a ./Middlewares/Third_Party/FatFs/src/ff.o
 .text.putc_flush
                0x000000000800c27e       0x4a ./Middlewares/Third_Party/FatFs/src/ff.o
 .text.putc_init
                0x000000000800c2c8       0x2a ./Middlewares/Third_Party/FatFs/src/ff.o
 .text.f_puts   0x000000000800c2f2       0x48 ./Middlewares/Third_Party/FatFs/src/ff.o
                0x000000000800c2f2                f_puts
 *fill*         0x000000000800c33a        0x2 
 .text.FATFS_LinkDriverEx
                0x000000000800c33c       0x98 ./Middlewares/Third_Party/FatFs/src/ff_gen_drv.o
                0x000000000800c33c                FATFS_LinkDriverEx
 .text.FATFS_LinkDriver
                0x000000000800c3d4       0x1e ./Middlewares/Third_Party/FatFs/src/ff_gen_drv.o
                0x000000000800c3d4                FATFS_LinkDriver
 .text.ff_cre_syncobj
                0x000000000800c3f2       0x40 ./Middlewares/Third_Party/FatFs/src/option/syscall.o
                0x000000000800c3f2                ff_cre_syncobj
 .text.ff_del_syncobj
                0x000000000800c432       0x18 ./Middlewares/Third_Party/FatFs/src/option/syscall.o
                0x000000000800c432                ff_del_syncobj
 .text.ff_req_grant
                0x000000000800c44a       0x2a ./Middlewares/Third_Party/FatFs/src/option/syscall.o
                0x000000000800c44a                ff_req_grant
 .text.ff_rel_grant
                0x000000000800c474       0x16 ./Middlewares/Third_Party/FatFs/src/option/syscall.o
                0x000000000800c474                ff_rel_grant
 .text.makeFreeRtosPriority
                0x000000000800c48a       0x30 ./Middlewares/Third_Party/FreeRTOS/Source/CMSIS_RTOS/cmsis_os.o
 .text.inHandlerMode
                0x000000000800c4ba       0x24 ./Middlewares/Third_Party/FreeRTOS/Source/CMSIS_RTOS/cmsis_os.o
 .text.osKernelStart
                0x000000000800c4de        0xe ./Middlewares/Third_Party/FreeRTOS/Source/CMSIS_RTOS/cmsis_os.o
                0x000000000800c4de                osKernelStart
 .text.osThreadCreate
                0x000000000800c4ec       0x98 ./Middlewares/Third_Party/FreeRTOS/Source/CMSIS_RTOS/cmsis_os.o
                0x000000000800c4ec                osThreadCreate
 .text.osDelay  0x000000000800c584       0x28 ./Middlewares/Third_Party/FreeRTOS/Source/CMSIS_RTOS/cmsis_os.o
                0x000000000800c584                osDelay
 .text.osSemaphoreCreate
                0x000000000800c5ac       0x64 ./Middlewares/Third_Party/FreeRTOS/Source/CMSIS_RTOS/cmsis_os.o
                0x000000000800c5ac                osSemaphoreCreate
 .text.osSemaphoreWait
                0x000000000800c610       0x9c ./Middlewares/Third_Party/FreeRTOS/Source/CMSIS_RTOS/cmsis_os.o
                0x000000000800c610                osSemaphoreWait
 .text.osSemaphoreRelease
                0x000000000800c6ac       0x6c ./Middlewares/Third_Party/FreeRTOS/Source/CMSIS_RTOS/cmsis_os.o
                0x000000000800c6ac                osSemaphoreRelease
 .text.osSemaphoreDelete
                0x000000000800c718       0x26 ./Middlewares/Third_Party/FreeRTOS/Source/CMSIS_RTOS/cmsis_os.o
                0x000000000800c718                osSemaphoreDelete
 .text.osMessageCreate
                0x000000000800c73e       0x50 ./Middlewares/Third_Party/FreeRTOS/Source/CMSIS_RTOS/cmsis_os.o
                0x000000000800c73e                osMessageCreate
 .text.vListInitialise
                0x000000000800c78e       0x40 ./Middlewares/Third_Party/FreeRTOS/Source/list.o
                0x000000000800c78e                vListInitialise
 .text.vListInitialiseItem
                0x000000000800c7ce       0x1a ./Middlewares/Third_Party/FreeRTOS/Source/list.o
                0x000000000800c7ce                vListInitialiseItem
 .text.vListInsertEnd
                0x000000000800c7e8       0x48 ./Middlewares/Third_Party/FreeRTOS/Source/list.o
                0x000000000800c7e8                vListInsertEnd
 .text.vListInsert
                0x000000000800c830       0x72 ./Middlewares/Third_Party/FreeRTOS/Source/list.o
                0x000000000800c830                vListInsert
 .text.uxListRemove
                0x000000000800c8a2       0x54 ./Middlewares/Third_Party/FreeRTOS/Source/list.o
                0x000000000800c8a2                uxListRemove
 *fill*         0x000000000800c8f6        0x2 
 .text.xQueueGenericReset
                0x000000000800c8f8       0xd0 ./Middlewares/Third_Party/FreeRTOS/Source/queue.o
                0x000000000800c8f8                xQueueGenericReset
 .text.xQueueGenericCreateStatic
                0x000000000800c9c8       0xf0 ./Middlewares/Third_Party/FreeRTOS/Source/queue.o
                0x000000000800c9c8                xQueueGenericCreateStatic
 .text.xQueueGenericCreate
                0x000000000800cab8       0x74 ./Middlewares/Third_Party/FreeRTOS/Source/queue.o
                0x000000000800cab8                xQueueGenericCreate
 .text.prvInitialiseNewQueue
                0x000000000800cb2c       0x3e ./Middlewares/Third_Party/FreeRTOS/Source/queue.o
 *fill*         0x000000000800cb6a        0x2 
 .text.xQueueGenericSend
                0x000000000800cb6c      0x1fc ./Middlewares/Third_Party/FreeRTOS/Source/queue.o
                0x000000000800cb6c                xQueueGenericSend
 .text.xQueueGiveFromISR
                0x000000000800cd68      0x11a ./Middlewares/Third_Party/FreeRTOS/Source/queue.o
                0x000000000800cd68                xQueueGiveFromISR
 *fill*         0x000000000800ce82        0x2 
 .text.xQueueSemaphoreTake
                0x000000000800ce84      0x218 ./Middlewares/Third_Party/FreeRTOS/Source/queue.o
                0x000000000800ce84                xQueueSemaphoreTake
 .text.xQueueReceiveFromISR
                0x000000000800d09c      0x100 ./Middlewares/Third_Party/FreeRTOS/Source/queue.o
                0x000000000800d09c                xQueueReceiveFromISR
 .text.vQueueDelete
                0x000000000800d19c       0x46 ./Middlewares/Third_Party/FreeRTOS/Source/queue.o
                0x000000000800d19c                vQueueDelete
 .text.prvGetDisinheritPriorityAfterTimeout
                0x000000000800d1e2       0x30 ./Middlewares/Third_Party/FreeRTOS/Source/queue.o
 .text.prvCopyDataToQueue
                0x000000000800d212       0xd4 ./Middlewares/Third_Party/FreeRTOS/Source/queue.o
 .text.prvCopyDataFromQueue
                0x000000000800d2e6       0x4c ./Middlewares/Third_Party/FreeRTOS/Source/queue.o
 .text.prvUnlockQueue
                0x000000000800d332       0xa4 ./Middlewares/Third_Party/FreeRTOS/Source/queue.o
 .text.prvIsQueueEmpty
                0x000000000800d3d6       0x2c ./Middlewares/Third_Party/FreeRTOS/Source/queue.o
 .text.prvIsQueueFull
                0x000000000800d402       0x30 ./Middlewares/Third_Party/FreeRTOS/Source/queue.o
 *fill*         0x000000000800d432        0x2 
 .text.vQueueUnregisterQueue
                0x000000000800d434       0x54 ./Middlewares/Third_Party/FreeRTOS/Source/queue.o
                0x000000000800d434                vQueueUnregisterQueue
 .text.xTaskCreateStatic
                0x000000000800d488       0xba ./Middlewares/Third_Party/FreeRTOS/Source/tasks.o
                0x000000000800d488                xTaskCreateStatic
 .text.xTaskCreate
                0x000000000800d542       0x8a ./Middlewares/Third_Party/FreeRTOS/Source/tasks.o
                0x000000000800d542                xTaskCreate
 .text.prvInitialiseNewTask
                0x000000000800d5cc      0x13c ./Middlewares/Third_Party/FreeRTOS/Source/tasks.o
 .text.prvAddNewTaskToReadyList
                0x000000000800d708       0xd4 ./Middlewares/Third_Party/FreeRTOS/Source/tasks.o
 .text.vTaskDelay
                0x000000000800d7dc       0x68 ./Middlewares/Third_Party/FreeRTOS/Source/tasks.o
                0x000000000800d7dc                vTaskDelay
 .text.vTaskStartScheduler
                0x000000000800d844       0xd4 ./Middlewares/Third_Party/FreeRTOS/Source/tasks.o
                0x000000000800d844                vTaskStartScheduler
 .text.vTaskSuspendAll
                0x000000000800d918       0x1c ./Middlewares/Third_Party/FreeRTOS/Source/tasks.o
                0x000000000800d918                vTaskSuspendAll
 .text.xTaskResumeAll
                0x000000000800d934      0x138 ./Middlewares/Third_Party/FreeRTOS/Source/tasks.o
                0x000000000800d934                xTaskResumeAll
 .text.xTaskIncrementTick
                0x000000000800da6c      0x170 ./Middlewares/Third_Party/FreeRTOS/Source/tasks.o
                0x000000000800da6c                xTaskIncrementTick
 .text.vTaskSwitchContext
                0x000000000800dbdc       0xc4 ./Middlewares/Third_Party/FreeRTOS/Source/tasks.o
                0x000000000800dbdc                vTaskSwitchContext
 .text.vTaskPlaceOnEventList
                0x000000000800dca0       0x48 ./Middlewares/Third_Party/FreeRTOS/Source/tasks.o
                0x000000000800dca0                vTaskPlaceOnEventList
 .text.xTaskRemoveFromEventList
                0x000000000800dce8       0xc4 ./Middlewares/Third_Party/FreeRTOS/Source/tasks.o
                0x000000000800dce8                xTaskRemoveFromEventList
 .text.vTaskInternalSetTimeOutState
                0x000000000800ddac       0x2c ./Middlewares/Third_Party/FreeRTOS/Source/tasks.o
                0x000000000800ddac                vTaskInternalSetTimeOutState
 .text.xTaskCheckForTimeOut
                0x000000000800ddd8       0xc4 ./Middlewares/Third_Party/FreeRTOS/Source/tasks.o
                0x000000000800ddd8                xTaskCheckForTimeOut
 .text.vTaskMissedYield
                0x000000000800de9c       0x18 ./Middlewares/Third_Party/FreeRTOS/Source/tasks.o
                0x000000000800de9c                vTaskMissedYield
 .text.prvIdleTask
                0x000000000800deb4       0x30 ./Middlewares/Third_Party/FreeRTOS/Source/tasks.o
 .text.prvInitialiseTaskLists
                0x000000000800dee4       0x80 ./Middlewares/Third_Party/FreeRTOS/Source/tasks.o
 .text.prvCheckTasksWaitingTermination
                0x000000000800df64       0x5c ./Middlewares/Third_Party/FreeRTOS/Source/tasks.o
 .text.prvDeleteTCB
                0x000000000800dfc0       0x68 ./Middlewares/Third_Party/FreeRTOS/Source/tasks.o
 .text.prvResetNextTaskUnblockTime
                0x000000000800e028       0x40 ./Middlewares/Third_Party/FreeRTOS/Source/tasks.o
 .text.xTaskGetSchedulerState
                0x000000000800e068       0x3c ./Middlewares/Third_Party/FreeRTOS/Source/tasks.o
                0x000000000800e068                xTaskGetSchedulerState
 .text.xTaskPriorityInherit
                0x000000000800e0a4       0xec ./Middlewares/Third_Party/FreeRTOS/Source/tasks.o
                0x000000000800e0a4                xTaskPriorityInherit
 .text.xTaskPriorityDisinherit
                0x000000000800e190      0x10c ./Middlewares/Third_Party/FreeRTOS/Source/tasks.o
                0x000000000800e190                xTaskPriorityDisinherit
 .text.vTaskPriorityDisinheritAfterTimeout
                0x000000000800e29c      0x11c ./Middlewares/Third_Party/FreeRTOS/Source/tasks.o
                0x000000000800e29c                vTaskPriorityDisinheritAfterTimeout
 .text.pvTaskIncrementMutexHeldCount
                0x000000000800e3b8       0x28 ./Middlewares/Third_Party/FreeRTOS/Source/tasks.o
                0x000000000800e3b8                pvTaskIncrementMutexHeldCount
 .text.prvAddCurrentTaskToDelayedList
                0x000000000800e3e0       0xcc ./Middlewares/Third_Party/FreeRTOS/Source/tasks.o
 .text.pxPortInitialiseStack
                0x000000000800e4ac       0x68 ./Middlewares/Third_Party/FreeRTOS/Source/portable/GCC/ARM_CM4F/port.o
                0x000000000800e4ac                pxPortInitialiseStack
 .text.prvTaskExitError
                0x000000000800e514       0x58 ./Middlewares/Third_Party/FreeRTOS/Source/portable/GCC/ARM_CM4F/port.o
 *fill*         0x000000000800e56c        0x4 
 .text.SVC_Handler
                0x000000000800e570       0x28 ./Middlewares/Third_Party/FreeRTOS/Source/portable/GCC/ARM_CM4F/port.o
                0x000000000800e570                SVC_Handler
 .text.prvPortStartFirstTask
                0x000000000800e598       0x28 ./Middlewares/Third_Party/FreeRTOS/Source/portable/GCC/ARM_CM4F/port.o
 .text.xPortStartScheduler
                0x000000000800e5c0      0x144 ./Middlewares/Third_Party/FreeRTOS/Source/portable/GCC/ARM_CM4F/port.o
                0x000000000800e5c0                xPortStartScheduler
 .text.vPortEnterCritical
                0x000000000800e704       0x60 ./Middlewares/Third_Party/FreeRTOS/Source/portable/GCC/ARM_CM4F/port.o
                0x000000000800e704                vPortEnterCritical
 .text.vPortExitCritical
                0x000000000800e764       0x54 ./Middlewares/Third_Party/FreeRTOS/Source/portable/GCC/ARM_CM4F/port.o
                0x000000000800e764                vPortExitCritical
 *fill*         0x000000000800e7b8        0x8 
 .text.PendSV_Handler
                0x000000000800e7c0       0x68 ./Middlewares/Third_Party/FreeRTOS/Source/portable/GCC/ARM_CM4F/port.o
                0x000000000800e7c0                PendSV_Handler
 .text.SysTick_Handler
                0x000000000800e828       0x44 ./Middlewares/Third_Party/FreeRTOS/Source/portable/GCC/ARM_CM4F/port.o
                0x000000000800e828                SysTick_Handler
 .text.vPortSetupTimerInterrupt
                0x000000000800e86c       0x48 ./Middlewares/Third_Party/FreeRTOS/Source/portable/GCC/ARM_CM4F/port.o
                0x000000000800e86c                vPortSetupTimerInterrupt
 .text.vPortEnableVFP
                0x000000000800e8b4       0x14 ./Middlewares/Third_Party/FreeRTOS/Source/portable/GCC/ARM_CM4F/port.o
 .text.vPortValidateInterruptPriority
                0x000000000800e8c8       0x80 ./Middlewares/Third_Party/FreeRTOS/Source/portable/GCC/ARM_CM4F/port.o
                0x000000000800e8c8                vPortValidateInterruptPriority
 .text.pvPortMalloc
                0x000000000800e948      0x198 ./Middlewares/Third_Party/FreeRTOS/Source/portable/MemMang/heap_4.o
                0x000000000800e948                pvPortMalloc
 .text.vPortFree
                0x000000000800eae0       0xc4 ./Middlewares/Third_Party/FreeRTOS/Source/portable/MemMang/heap_4.o
                0x000000000800eae0                vPortFree
 .text.prvHeapInit
                0x000000000800eba4       0xc4 ./Middlewares/Third_Party/FreeRTOS/Source/portable/MemMang/heap_4.o
 .text.prvInsertBlockIntoFreeList
                0x000000000800ec68       0xb4 ./Middlewares/Third_Party/FreeRTOS/Source/portable/MemMang/heap_4.o
 .text.__errno  0x000000000800ed1c        0xc c:/st/stm32cubeide_1.10.1/stm32cubeide/plugins/com.st.stm32cube.ide.mcu.externaltools.gnu-tools-for-stm32.10.3-2021.10.win32_1.0.0.202111181127/tools/bin/../lib/gcc/arm-none-eabi/10.3.1/../../../../arm-none-eabi/lib/thumb/v7e-m+fp/hard\libc_nano.a(lib_a-errno.o)
                0x000000000800ed1c                __errno
 .text.__libc_init_array
                0x000000000800ed28       0x48 c:/st/stm32cubeide_1.10.1/stm32cubeide/plugins/com.st.stm32cube.ide.mcu.externaltools.gnu-tools-for-stm32.10.3-2021.10.win32_1.0.0.202111181127/tools/bin/../lib/gcc/arm-none-eabi/10.3.1/../../../../arm-none-eabi/lib/thumb/v7e-m+fp/hard\libc_nano.a(lib_a-init.o)
                0x000000000800ed28                __libc_init_array
 .text.__retarget_lock_acquire_recursive
                0x000000000800ed70        0x2 c:/st/stm32cubeide_1.10.1/stm32cubeide/plugins/com.st.stm32cube.ide.mcu.externaltools.gnu-tools-for-stm32.10.3-2021.10.win32_1.0.0.202111181127/tools/bin/../lib/gcc/arm-none-eabi/10.3.1/../../../../arm-none-eabi/lib/thumb/v7e-m+fp/hard\libc_nano.a(lib_a-lock.o)
                0x000000000800ed70                __retarget_lock_acquire_recursive
 .text.__retarget_lock_release_recursive
                0x000000000800ed72        0x2 c:/st/stm32cubeide_1.10.1/stm32cubeide/plugins/com.st.stm32cube.ide.mcu.externaltools.gnu-tools-for-stm32.10.3-2021.10.win32_1.0.0.202111181127/tools/bin/../lib/gcc/arm-none-eabi/10.3.1/../../../../arm-none-eabi/lib/thumb/v7e-m+fp/hard\libc_nano.a(lib_a-lock.o)
                0x000000000800ed72                __retarget_lock_release_recursive
 .text.memcpy   0x000000000800ed74       0x1c c:/st/stm32cubeide_1.10.1/stm32cubeide/plugins/com.st.stm32cube.ide.mcu.externaltools.gnu-tools-for-stm32.10.3-2021.10.win32_1.0.0.202111181127/tools/bin/../lib/gcc/arm-none-eabi/10.3.1/../../../../arm-none-eabi/lib/thumb/v7e-m+fp/hard\libc_nano.a(lib_a-memcpy-stub.o)
                0x000000000800ed74                memcpy
 .text.memset   0x000000000800ed90       0x10 c:/st/stm32cubeide_1.10.1/stm32cubeide/plugins/com.st.stm32cube.ide.mcu.externaltools.gnu-tools-for-stm32.10.3-2021.10.win32_1.0.0.202111181127/tools/bin/../lib/gcc/arm-none-eabi/10.3.1/../../../../arm-none-eabi/lib/thumb/v7e-m+fp/hard\libc_nano.a(lib_a-memset.o)
                0x000000000800ed90                memset
 .text._free_r  0x000000000800eda0       0x98 c:/st/stm32cubeide_1.10.1/stm32cubeide/plugins/com.st.stm32cube.ide.mcu.externaltools.gnu-tools-for-stm32.10.3-2021.10.win32_1.0.0.202111181127/tools/bin/../lib/gcc/arm-none-eabi/10.3.1/../../../../arm-none-eabi/lib/thumb/v7e-m+fp/hard\libc_nano.a(lib_a-nano-freer.o)
                0x000000000800eda0                _free_r
 .text.sbrk_aligned
                0x000000000800ee38       0x40 c:/st/stm32cubeide_1.10.1/stm32cubeide/plugins/com.st.stm32cube.ide.mcu.externaltools.gnu-tools-for-stm32.10.3-2021.10.win32_1.0.0.202111181127/tools/bin/../lib/gcc/arm-none-eabi/10.3.1/../../../../arm-none-eabi/lib/thumb/v7e-m+fp/hard\libc_nano.a(lib_a-nano-mallocr.o)
 .text._malloc_r
                0x000000000800ee78       0xe8 c:/st/stm32cubeide_1.10.1/stm32cubeide/plugins/com.st.stm32cube.ide.mcu.externaltools.gnu-tools-for-stm32.10.3-2021.10.win32_1.0.0.202111181127/tools/bin/../lib/gcc/arm-none-eabi/10.3.1/../../../../arm-none-eabi/lib/thumb/v7e-m+fp/hard\libc_nano.a(lib_a-nano-mallocr.o)
                0x000000000800ee78                _malloc_r
 .text.cleanup_glue
                0x000000000800ef60       0x1a c:/st/stm32cubeide_1.10.1/stm32cubeide/plugins/com.st.stm32cube.ide.mcu.externaltools.gnu-tools-for-stm32.10.3-2021.10.win32_1.0.0.202111181127/tools/bin/../lib/gcc/arm-none-eabi/10.3.1/../../../../arm-none-eabi/lib/thumb/v7e-m+fp/hard\libc_nano.a(lib_a-reent.o)
                0x000000000800ef60                cleanup_glue
 *fill*         0x000000000800ef7a        0x2 
 .text._reclaim_reent
                0x000000000800ef7c       0xb8 c:/st/stm32cubeide_1.10.1/stm32cubeide/plugins/com.st.stm32cube.ide.mcu.externaltools.gnu-tools-for-stm32.10.3-2021.10.win32_1.0.0.202111181127/tools/bin/../lib/gcc/arm-none-eabi/10.3.1/../../../../arm-none-eabi/lib/thumb/v7e-m+fp/hard\libc_nano.a(lib_a-reent.o)
                0x000000000800ef7c                _reclaim_reent
 .text._sbrk_r  0x000000000800f034       0x20 c:/st/stm32cubeide_1.10.1/stm32cubeide/plugins/com.st.stm32cube.ide.mcu.externaltools.gnu-tools-for-stm32.10.3-2021.10.win32_1.0.0.202111181127/tools/bin/../lib/gcc/arm-none-eabi/10.3.1/../../../../arm-none-eabi/lib/thumb/v7e-m+fp/hard\libc_nano.a(lib_a-sbrkr.o)
                0x000000000800f034                _sbrk_r
 .text.sprintf  0x000000000800f054       0x40 c:/st/stm32cubeide_1.10.1/stm32cubeide/plugins/com.st.stm32cube.ide.mcu.externaltools.gnu-tools-for-stm32.10.3-2021.10.win32_1.0.0.202111181127/tools/bin/../lib/gcc/arm-none-eabi/10.3.1/../../../../arm-none-eabi/lib/thumb/v7e-m+fp/hard\libc_nano.a(lib_a-sprintf.o)
                0x000000000800f054                siprintf
                0x000000000800f054                sprintf
 .text.__malloc_lock
                0x000000000800f094        0xc c:/st/stm32cubeide_1.10.1/stm32cubeide/plugins/com.st.stm32cube.ide.mcu.externaltools.gnu-tools-for-stm32.10.3-2021.10.win32_1.0.0.202111181127/tools/bin/../lib/gcc/arm-none-eabi/10.3.1/../../../../arm-none-eabi/lib/thumb/v7e-m+fp/hard\libc_nano.a(lib_a-mlock.o)
                0x000000000800f094                __malloc_lock
 .text.__malloc_unlock
                0x000000000800f0a0        0xc c:/st/stm32cubeide_1.10.1/stm32cubeide/plugins/com.st.stm32cube.ide.mcu.externaltools.gnu-tools-for-stm32.10.3-2021.10.win32_1.0.0.202111181127/tools/bin/../lib/gcc/arm-none-eabi/10.3.1/../../../../arm-none-eabi/lib/thumb/v7e-m+fp/hard\libc_nano.a(lib_a-mlock.o)
                0x000000000800f0a0                __malloc_unlock
 .text.__ssputs_r
                0x000000000800f0ac       0xb6 c:/st/stm32cubeide_1.10.1/stm32cubeide/plugins/com.st.stm32cube.ide.mcu.externaltools.gnu-tools-for-stm32.10.3-2021.10.win32_1.0.0.202111181127/tools/bin/../lib/gcc/arm-none-eabi/10.3.1/../../../../arm-none-eabi/lib/thumb/v7e-m+fp/hard\libc_nano.a(lib_a-nano-svfprintf.o)
                0x000000000800f0ac                __ssputs_r
 *fill*         0x000000000800f162        0x2 
 .text._svfprintf_r
                0x000000000800f164      0x200 c:/st/stm32cubeide_1.10.1/stm32cubeide/plugins/com.st.stm32cube.ide.mcu.externaltools.gnu-tools-for-stm32.10.3-2021.10.win32_1.0.0.202111181127/tools/bin/../lib/gcc/arm-none-eabi/10.3.1/../../../../arm-none-eabi/lib/thumb/v7e-m+fp/hard\libc_nano.a(lib_a-nano-svfprintf.o)
                0x000000000800f164                _svfiprintf_r
                0x000000000800f164                _svfprintf_r
 .text._printf_common
                0x000000000800f364       0xda c:/st/stm32cubeide_1.10.1/stm32cubeide/plugins/com.st.stm32cube.ide.mcu.externaltools.gnu-tools-for-stm32.10.3-2021.10.win32_1.0.0.202111181127/tools/bin/../lib/gcc/arm-none-eabi/10.3.1/../../../../arm-none-eabi/lib/thumb/v7e-m+fp/hard\libc_nano.a(lib_a-nano-vfprintf_i.o)
                0x000000000800f364                _printf_common
 *fill*         0x000000000800f43e        0x2 
 .text._printf_i
                0x000000000800f440      0x24c c:/st/stm32cubeide_1.10.1/stm32cubeide/plugins/com.st.stm32cube.ide.mcu.externaltools.gnu-tools-for-stm32.10.3-2021.10.win32_1.0.0.202111181127/tools/bin/../lib/gcc/arm-none-eabi/10.3.1/../../../../arm-none-eabi/lib/thumb/v7e-m+fp/hard\libc_nano.a(lib_a-nano-vfprintf_i.o)
                0x000000000800f440                _printf_i
 .text.memmove  0x000000000800f68c       0x34 c:/st/stm32cubeide_1.10.1/stm32cubeide/plugins/com.st.stm32cube.ide.mcu.externaltools.gnu-tools-for-stm32.10.3-2021.10.win32_1.0.0.202111181127/tools/bin/../lib/gcc/arm-none-eabi/10.3.1/../../../../arm-none-eabi/lib/thumb/v7e-m+fp/hard\libc_nano.a(lib_a-memmove.o)
                0x000000000800f68c                memmove
 .text._realloc_r
                0x000000000800f6c0       0x5e c:/st/stm32cubeide_1.10.1/stm32cubeide/plugins/com.st.stm32cube.ide.mcu.externaltools.gnu-tools-for-stm32.10.3-2021.10.win32_1.0.0.202111181127/tools/bin/../lib/gcc/arm-none-eabi/10.3.1/../../../../arm-none-eabi/lib/thumb/v7e-m+fp/hard\libc_nano.a(lib_a-nano-reallocr.o)
                0x000000000800f6c0                _realloc_r
 .text._malloc_usable_size_r
                0x000000000800f71e       0x10 c:/st/stm32cubeide_1.10.1/stm32cubeide/plugins/com.st.stm32cube.ide.mcu.externaltools.gnu-tools-for-stm32.10.3-2021.10.win32_1.0.0.202111181127/tools/bin/../lib/gcc/arm-none-eabi/10.3.1/../../../../arm-none-eabi/lib/thumb/v7e-m+fp/hard\libc_nano.a(lib_a-nano-msizer.o)
                0x000000000800f71e                _malloc_usable_size_r
 *(.glue_7)
 .glue_7        0x000000000800f72e        0x0 linker stubs
 *(.glue_7t)
 .glue_7t       0x000000000800f72e        0x0 linker stubs
 *(.eh_frame)
 *fill*         0x000000000800f72e        0x2 
 .eh_frame      0x000000000800f730        0x0 c:/st/stm32cubeide_1.10.1/stm32cubeide/plugins/com.st.stm32cube.ide.mcu.externaltools.gnu-tools-for-stm32.10.3-2021.10.win32_1.0.0.202111181127/tools/bin/../lib/gcc/arm-none-eabi/10.3.1/thumb/v7e-m+fp/hard/crtbegin.o
 *(.init)
 .init          0x000000000800f730        0x4 c:/st/stm32cubeide_1.10.1/stm32cubeide/plugins/com.st.stm32cube.ide.mcu.externaltools.gnu-tools-for-stm32.10.3-2021.10.win32_1.0.0.202111181127/tools/bin/../lib/gcc/arm-none-eabi/10.3.1/thumb/v7e-m+fp/hard/crti.o
                0x000000000800f730                _init
 .init          0x000000000800f734        0x8 c:/st/stm32cubeide_1.10.1/stm32cubeide/plugins/com.st.stm32cube.ide.mcu.externaltools.gnu-tools-for-stm32.10.3-2021.10.win32_1.0.0.202111181127/tools/bin/../lib/gcc/arm-none-eabi/10.3.1/thumb/v7e-m+fp/hard/crtn.o
 *(.fini)
 .fini          0x000000000800f73c        0x4 c:/st/stm32cubeide_1.10.1/stm32cubeide/plugins/com.st.stm32cube.ide.mcu.externaltools.gnu-tools-for-stm32.10.3-2021.10.win32_1.0.0.202111181127/tools/bin/../lib/gcc/arm-none-eabi/10.3.1/thumb/v7e-m+fp/hard/crti.o
                0x000000000800f73c                _fini
 .fini          0x000000000800f740        0x8 c:/st/stm32cubeide_1.10.1/stm32cubeide/plugins/com.st.stm32cube.ide.mcu.externaltools.gnu-tools-for-stm32.10.3-2021.10.win32_1.0.0.202111181127/tools/bin/../lib/gcc/arm-none-eabi/10.3.1/thumb/v7e-m+fp/hard/crtn.o
                0x000000000800f748                . = ALIGN (0x4)
                0x000000000800f748                _etext = .

.vfp11_veneer   0x000000000800f748        0x0
 .vfp11_veneer  0x000000000800f748        0x0 linker stubs

.v4_bx          0x000000000800f748        0x0
 .v4_bx         0x000000000800f748        0x0 linker stubs

.iplt           0x000000000800f748        0x0
 .iplt          0x000000000800f748        0x0 c:/st/stm32cubeide_1.10.1/stm32cubeide/plugins/com.st.stm32cube.ide.mcu.externaltools.gnu-tools-for-stm32.10.3-2021.10.win32_1.0.0.202111181127/tools/bin/../lib/gcc/arm-none-eabi/10.3.1/thumb/v7e-m+fp/hard/crtbegin.o

.rodata         0x000000000800f748      0x2c8
                0x000000000800f748                . = ALIGN (0x4)
 *(.rodata)
 .rodata        0x000000000800f748      0x145 ./Core/Src/main.o
 *fill*         0x000000000800f88d        0x3 
 .rodata        0x000000000800f890       0x44 ./Middlewares/Third_Party/FatFs/src/ff.o
 .rodata        0x000000000800f8d4        0x5 ./Middlewares/Third_Party/FreeRTOS/Source/tasks.o
 *(.rodata*)
 *fill*         0x000000000800f8d9        0x3 
 .rodata.AHBPrescTable
                0x000000000800f8dc       0x10 ./Core/Src/system_stm32f4xx.o
                0x000000000800f8dc                AHBPrescTable
 .rodata.APBPrescTable
                0x000000000800f8ec        0x8 ./Core/Src/system_stm32f4xx.o
                0x000000000800f8ec                APBPrescTable
 .rodata.flagBitshiftOffset.0
                0x000000000800f8f4        0x8 ./Drivers/STM32F4xx_HAL_Driver/Src/stm32f4xx_hal_dma.o
 .rodata.ExCvt  0x000000000800f8fc       0x80 ./Middlewares/Third_Party/FatFs/src/ff.o
 .rodata.__sf_fake_stderr
                0x000000000800f97c       0x20 c:/st/stm32cubeide_1.10.1/stm32cubeide/plugins/com.st.stm32cube.ide.mcu.externaltools.gnu-tools-for-stm32.10.3-2021.10.win32_1.0.0.202111181127/tools/bin/../lib/gcc/arm-none-eabi/10.3.1/../../../../arm-none-eabi/lib/thumb/v7e-m+fp/hard\libc_nano.a(lib_a-findfp.o)
                0x000000000800f97c                __sf_fake_stderr
 .rodata.__sf_fake_stdin
                0x000000000800f99c       0x20 c:/st/stm32cubeide_1.10.1/stm32cubeide/plugins/com.st.stm32cube.ide.mcu.externaltools.gnu-tools-for-stm32.10.3-2021.10.win32_1.0.0.202111181127/tools/bin/../lib/gcc/arm-none-eabi/10.3.1/../../../../arm-none-eabi/lib/thumb/v7e-m+fp/hard\libc_nano.a(lib_a-findfp.o)
                0x000000000800f99c                __sf_fake_stdin
 .rodata.__sf_fake_stdout
                0x000000000800f9bc       0x20 c:/st/stm32cubeide_1.10.1/stm32cubeide/plugins/com.st.stm32cube.ide.mcu.externaltools.gnu-tools-for-stm32.10.3-2021.10.win32_1.0.0.202111181127/tools/bin/../lib/gcc/arm-none-eabi/10.3.1/../../../../arm-none-eabi/lib/thumb/v7e-m+fp/hard\libc_nano.a(lib_a-findfp.o)
                0x000000000800f9bc                __sf_fake_stdout
 .rodata._svfprintf_r.str1.1
                0x000000000800f9dc       0x11 c:/st/stm32cubeide_1.10.1/stm32cubeide/plugins/com.st.stm32cube.ide.mcu.externaltools.gnu-tools-for-stm32.10.3-2021.10.win32_1.0.0.202111181127/tools/bin/../lib/gcc/arm-none-eabi/10.3.1/../../../../arm-none-eabi/lib/thumb/v7e-m+fp/hard\libc_nano.a(lib_a-nano-svfprintf.o)
 .rodata._printf_i.str1.1
                0x000000000800f9ed       0x22 c:/st/stm32cubeide_1.10.1/stm32cubeide/plugins/com.st.stm32cube.ide.mcu.externaltools.gnu-tools-for-stm32.10.3-2021.10.win32_1.0.0.202111181127/tools/bin/../lib/gcc/arm-none-eabi/10.3.1/../../../../arm-none-eabi/lib/thumb/v7e-m+fp/hard\libc_nano.a(lib_a-nano-vfprintf_i.o)
                0x000000000800fa10                . = ALIGN (0x4)
 *fill*         0x000000000800fa0f        0x1 

.ARM.extab      0x000000000800fa10        0x0
                0x000000000800fa10                . = ALIGN (0x4)
 *(.ARM.extab* .gnu.linkonce.armextab.*)
                0x000000000800fa10                . = ALIGN (0x4)

.ARM            0x000000000800fa10        0x8
                0x000000000800fa10                . = ALIGN (0x4)
                0x000000000800fa10                __exidx_start = .
 *(.ARM.exidx*)
 .ARM.exidx     0x000000000800fa10        0x8 c:/st/stm32cubeide_1.10.1/stm32cubeide/plugins/com.st.stm32cube.ide.mcu.externaltools.gnu-tools-for-stm32.10.3-2021.10.win32_1.0.0.202111181127/tools/bin/../lib/gcc/arm-none-eabi/10.3.1/thumb/v7e-m+fp/hard\libgcc.a(_udivmoddi4.o)
                0x000000000800fa18                __exidx_end = .
                0x000000000800fa18                . = ALIGN (0x4)

.rel.dyn        0x000000000800fa18        0x0
 .rel.iplt      0x000000000800fa18        0x0 c:/st/stm32cubeide_1.10.1/stm32cubeide/plugins/com.st.stm32cube.ide.mcu.externaltools.gnu-tools-for-stm32.10.3-2021.10.win32_1.0.0.202111181127/tools/bin/../lib/gcc/arm-none-eabi/10.3.1/thumb/v7e-m+fp/hard/crtbegin.o

.preinit_array  0x000000000800fa18        0x0
                0x000000000800fa18                . = ALIGN (0x4)
                0x000000000800fa18                PROVIDE (__preinit_array_start = .)
 *(.preinit_array*)
                0x000000000800fa18                PROVIDE (__preinit_array_end = .)
                0x000000000800fa18                . = ALIGN (0x4)

.init_array     0x000000000800fa18        0x4
                0x000000000800fa18                . = ALIGN (0x4)
                0x000000000800fa18                PROVIDE (__init_array_start = .)
 *(SORT_BY_NAME(.init_array.*))
 *(.init_array*)
 .init_array    0x000000000800fa18        0x4 c:/st/stm32cubeide_1.10.1/stm32cubeide/plugins/com.st.stm32cube.ide.mcu.externaltools.gnu-tools-for-stm32.10.3-2021.10.win32_1.0.0.202111181127/tools/bin/../lib/gcc/arm-none-eabi/10.3.1/thumb/v7e-m+fp/hard/crtbegin.o
                0x000000000800fa1c                PROVIDE (__init_array_end = .)
                0x000000000800fa1c                . = ALIGN (0x4)

.fini_array     0x000000000800fa1c        0x4
                0x000000000800fa1c                . = ALIGN (0x4)
                [!provide]                        PROVIDE (__fini_array_start = .)
 *(SORT_BY_NAME(.fini_array.*))
 *(.fini_array*)
 .fini_array    0x000000000800fa1c        0x4 c:/st/stm32cubeide_1.10.1/stm32cubeide/plugins/com.st.stm32cube.ide.mcu.externaltools.gnu-tools-for-stm32.10.3-2021.10.win32_1.0.0.202111181127/tools/bin/../lib/gcc/arm-none-eabi/10.3.1/thumb/v7e-m+fp/hard/crtbegin.o
                [!provide]                        PROVIDE (__fini_array_end = .)
                0x000000000800fa20                . = ALIGN (0x4)
                0x000000000800fa20                _sidata = LOADADDR (.data)

.data           0x0000000020000000      0x10c load address 0x000000000800fa20
                0x0000000020000000                . = ALIGN (0x4)
                0x0000000020000000                _sdata = .
 *(.data)
 *(.data*)
 .data.Stat     0x0000000020000000        0x1 ./Core/Src/fatfs_sd.o
 .data.UART_SendFlag
                0x0000000020000001        0x1 ./Core/Src/main.o
 *fill*         0x0000000020000002        0x2 
 .data.menu_cmd
                0x0000000020000004       0x81 ./Core/Src/main.o
                0x0000000020000004                menu_cmd
 *fill*         0x0000000020000085        0x3 
 .data.SystemCoreClock
                0x0000000020000088        0x4 ./Core/Src/system_stm32f4xx.o
                0x0000000020000088                SystemCoreClock
 .data.uwTickPrio
                0x000000002000008c        0x4 ./Drivers/STM32F4xx_HAL_Driver/Src/stm32f4xx_hal.o
                0x000000002000008c                uwTickPrio
 .data.USER_Driver
                0x0000000020000090       0x14 ./FATFS/Target/user_diskio.o
                0x0000000020000090                USER_Driver
 .data.uxCriticalNesting
                0x00000000200000a4        0x4 ./Middlewares/Third_Party/FreeRTOS/Source/portable/GCC/ARM_CM4F/port.o
 .data._impure_ptr
                0x00000000200000a8        0x4 c:/st/stm32cubeide_1.10.1/stm32cubeide/plugins/com.st.stm32cube.ide.mcu.externaltools.gnu-tools-for-stm32.10.3-2021.10.win32_1.0.0.202111181127/tools/bin/../lib/gcc/arm-none-eabi/10.3.1/../../../../arm-none-eabi/lib/thumb/v7e-m+fp/hard\libc_nano.a(lib_a-impure.o)
                0x00000000200000a8                _impure_ptr
 .data.impure_data
                0x00000000200000ac       0x60 c:/st/stm32cubeide_1.10.1/stm32cubeide/plugins/com.st.stm32cube.ide.mcu.externaltools.gnu-tools-for-stm32.10.3-2021.10.win32_1.0.0.202111181127/tools/bin/../lib/gcc/arm-none-eabi/10.3.1/../../../../arm-none-eabi/lib/thumb/v7e-m+fp/hard\libc_nano.a(lib_a-impure.o)
 *(.RamFunc)
 *(.RamFunc*)
                0x000000002000010c                . = ALIGN (0x4)
                0x000000002000010c                _edata = .
                0x000000000800fb2c                _siccmram = LOADADDR (.ccmram)

.igot.plt       0x000000002000010c        0x0 load address 0x000000000800fb2c
 .igot.plt      0x000000002000010c        0x0 c:/st/stm32cubeide_1.10.1/stm32cubeide/plugins/com.st.stm32cube.ide.mcu.externaltools.gnu-tools-for-stm32.10.3-2021.10.win32_1.0.0.202111181127/tools/bin/../lib/gcc/arm-none-eabi/10.3.1/thumb/v7e-m+fp/hard/crtbegin.o

.ccmram         0x0000000010000000        0x0 load address 0x000000000800fb2c
                0x0000000010000000                . = ALIGN (0x4)
                0x0000000010000000                _sccmram = .
 *(.ccmram)
 *(.ccmram*)
                0x0000000010000000                . = ALIGN (0x4)
                0x0000000010000000                _eccmram = .
                0x0000000010000000                . = ALIGN (0x4)

.bss            0x000000002000010c     0x718c
                0x000000002000010c                _sbss = .
                0x000000002000010c                __bss_start__ = _sbss
 *(.bss)
 .bss           0x000000002000010c       0x1c c:/st/stm32cubeide_1.10.1/stm32cubeide/plugins/com.st.stm32cube.ide.mcu.externaltools.gnu-tools-for-stm32.10.3-2021.10.win32_1.0.0.202111181127/tools/bin/../lib/gcc/arm-none-eabi/10.3.1/thumb/v7e-m+fp/hard/crtbegin.o
 *(.bss*)
 .bss.ds18b20   0x0000000020000128       0x40 ./Core/Src/ds18b20.o
                0x0000000020000128                ds18b20
 .bss.OneWire   0x0000000020000168       0x14 ./Core/Src/ds18b20.o
                0x0000000020000168                OneWire
 .bss.TempSensorCount
                0x000000002000017c        0x1 ./Core/Src/ds18b20.o
                0x000000002000017c                TempSensorCount
 .bss.CardType  0x000000002000017d        0x1 ./Core/Src/fatfs_sd.o
 .bss.PowerFlag
                0x000000002000017e        0x1 ./Core/Src/fatfs_sd.o
 *fill*         0x000000002000017f        0x1 
 .bss.xIdleTaskTCBBuffer
                0x0000000020000180       0xb4 ./Core/Src/freertos.o
 .bss.xIdleStack
                0x0000000020000234      0x200 ./Core/Src/freertos.o
 .bss.TxConfig  0x0000000020000434       0x38 ./Core/Src/main.o
                0x0000000020000434                TxConfig
 .bss.DMARxDscrTab
                0x000000002000046c       0xa0 ./Core/Src/main.o
                0x000000002000046c                DMARxDscrTab
 .bss.DMATxDscrTab
                0x000000002000050c       0xa0 ./Core/Src/main.o
                0x000000002000050c                DMATxDscrTab
 .bss.heth      0x00000000200005ac       0xb0 ./Core/Src/main.o
                0x00000000200005ac                heth
 .bss.hi2c2     0x000000002000065c       0x54 ./Core/Src/main.o
                0x000000002000065c                hi2c2
 .bss.hdma_i2c2_rx
                0x00000000200006b0       0x60 ./Core/Src/main.o
                0x00000000200006b0                hdma_i2c2_rx
 .bss.hdma_i2c2_tx
                0x0000000020000710       0x60 ./Core/Src/main.o
                0x0000000020000710                hdma_i2c2_tx
 .bss.hspi1     0x0000000020000770       0x58 ./Core/Src/main.o
                0x0000000020000770                hspi1
 .bss.hdma_spi1_rx