Archive member included to satisfy reference by file (symbol)

c:/st/stm32cubeide_1.10.1/stm32cubeide/plugins/com.st.stm32cube.ide.mcu.externaltools.gnu-tools-for-stm32.10.3-2021.10.win32_1.0.0.202111181127/tools/bin/../lib/gcc/arm-none-eabi/10.3.1/../../../../arm-none-eabi/lib/thumb/v7e-m+fp/hard\libc_nano.a(lib_a-errno.o)
                              ./Core/Src/syscalls.o (__errno)
c:/st/stm32cubeide_1.10.1/stm32cubeide/plugins/com.st.stm32cube.ide.mcu.externaltools.gnu-tools-for-stm32.10.3-2021.10.win32_1.0.0.202111181127/tools/bin/../lib/gcc/arm-none-eabi/10.3.1/../../../../arm-none-eabi/lib/thumb/v7e-m+fp/hard\libc_nano.a(lib_a-exit.o)
                              c:/st/stm32cubeide_1.10.1/stm32cubeide/plugins/com.st.stm32cube.ide.mcu.externaltools.gnu-tools-for-stm32.10.3-2021.10.win32_1.0.0.202111181127/tools/bin/../lib/gcc/arm-none-eabi/10.3.1/../../../../arm-none-eabi/lib/thumb/v7e-m+fp/hard/crt0.o (exit)
c:/st/stm32cubeide_1.10.1/stm32cubeide/plugins/com.st.stm32cube.ide.mcu.externaltools.gnu-tools-for-stm32.10.3-2021.10.win32_1.0.0.202111181127/tools/bin/../lib/gcc/arm-none-eabi/10.3.1/../../../../arm-none-eabi/lib/thumb/v7e-m+fp/hard\libc_nano.a(lib_a-findfp.o)
                              ./Middlewares/Third_Party/FreeRTOS/Source/tasks.o (__sf_fake_stderr)
c:/st/stm32cubeide_1.10.1/stm32cubeide/plugins/com.st.stm32cube.ide.mcu.externaltools.gnu-tools-for-stm32.10.3-2021.10.win32_1.0.0.202111181127/tools/bin/../lib/gcc/arm-none-eabi/10.3.1/../../../../arm-none-eabi/lib/thumb/v7e-m+fp/hard\libc_nano.a(lib_a-fwalk.o)
                              c:/st/stm32cubeide_1.10.1/stm32cubeide/plugins/com.st.stm32cube.ide.mcu.externaltools.gnu-tools-for-stm32.10.3-2021.10.win32_1.0.0.202111181127/tools/bin/../lib/gcc/arm-none-eabi/10.3.1/../../../../arm-none-eabi/lib/thumb/v7e-m+fp/hard\libc_nano.a(lib_a-findfp.o) (_fwalk)
c:/st/stm32cubeide_1.10.1/stm32cubeide/plugins/com.st.stm32cube.ide.mcu.externaltools.gnu-tools-for-stm32.10.3-2021.10.win32_1.0.0.202111181127/tools/bin/../lib/gcc/arm-none-eabi/10.3.1/../../../../arm-none-eabi/lib/thumb/v7e-m+fp/hard\libc_nano.a(lib_a-impure.o)
                              c:/st/stm32cubeide_1.10.1/stm32cubeide/plugins/com.st.stm32cube.ide.mcu.externaltools.gnu-tools-for-stm32.10.3-2021.10.win32_1.0.0.202111181127/tools/bin/../lib/gcc/arm-none-eabi/10.3.1/../../../../arm-none-eabi/lib/thumb/v7e-m+fp/hard\libc_nano.a(lib_a-exit.o) (_global_impure_ptr)
c:/st/stm32cubeide_1.10.1/stm32cubeide/plugins/com.st.stm32cube.ide.mcu.externaltools.gnu-tools-for-stm32.10.3-2021.10.win32_1.0.0.202111181127/tools/bin/../lib/gcc/arm-none-eabi/10.3.1/../../../../arm-none-eabi/lib/thumb/v7e-m+fp/hard\libc_nano.a(lib_a-init.o)
                              c:/st/stm32cubeide_1.10.1/stm32cubeide/plugins/com.st.stm32cube.ide.mcu.externaltools.gnu-tools-for-stm32.10.3-2021.10.win32_1.0.0.202111181127/tools/bin/../lib/gcc/arm-none-eabi/10.3.1/../../../../arm-none-eabi/lib/thumb/v7e-m+fp/hard/crt0.o (__libc_init_array)
c:/st/stm32cubeide_1.10.1/stm32cubeide/plugins/com.st.stm32cube.ide.mcu.externaltools.gnu-tools-for-stm32.10.3-2021.10.win32_1.0.0.202111181127/tools/bin/../lib/gcc/arm-none-eabi/10.3.1/../../../../arm-none-eabi/lib/thumb/v7e-m+fp/hard\libc_nano.a(lib_a-lock.o)
                              c:/st/stm32cubeide_1.10.1/stm32cubeide/plugins/com.st.stm32cube.ide.mcu.externaltools.gnu-tools-for-stm32.10.3-2021.10.win32_1.0.0.202111181127/tools/bin/../lib/gcc/arm-none-eabi/10.3.1/../../../../arm-none-eabi/lib/thumb/v7e-m+fp/hard\libc_nano.a(lib_a-findfp.o) (__retarget_lock_init_recursive)
c:/st/stm32cubeide_1.10.1/stm32cubeide/plugins/com.st.stm32cube.ide.mcu.externaltools.gnu-tools-for-stm32.10.3-2021.10.win32_1.0.0.202111181127/tools/bin/../lib/gcc/arm-none-eabi/10.3.1/../../../../arm-none-eabi/lib/thumb/v7e-m+fp/hard\libc_nano.a(lib_a-memcpy-stub.o)
                              ./Middlewares/Third_Party/FreeRTOS/Source/queue.o (memcpy)
c:/st/stm32cubeide_1.10.1/stm32cubeide/plugins/com.st.stm32cube.ide.mcu.externaltools.gnu-tools-for-stm32.10.3-2021.10.win32_1.0.0.202111181127/tools/bin/../lib/gcc/arm-none-eabi/10.3.1/../../../../arm-none-eabi/lib/thumb/v7e-m+fp/hard\libc_nano.a(lib_a-memset.o)
                              c:/st/stm32cubeide_1.10.1/stm32cubeide/plugins/com.st.stm32cube.ide.mcu.externaltools.gnu-tools-for-stm32.10.3-2021.10.win32_1.0.0.202111181127/tools/bin/../lib/gcc/arm-none-eabi/10.3.1/../../../../arm-none-eabi/lib/thumb/v7e-m+fp/hard/crt0.o (memset)
c:/st/stm32cubeide_1.10.1/stm32cubeide/plugins/com.st.stm32cube.ide.mcu.externaltools.gnu-tools-for-stm32.10.3-2021.10.win32_1.0.0.202111181127/tools/bin/../lib/gcc/arm-none-eabi/10.3.1/../../../../arm-none-eabi/lib/thumb/v7e-m+fp/hard\libc_nano.a(lib_a-nano-mallocr.o)
[...]
Memory Configuration

Name             Origin             Length             Attributes
CCMRAM           0x0000000010000000 0x0000000000010000 xrw
RAM              0x0000000020000000 0x0000000000030000 xrw
FLASH            0x0000000008000000 0x0000000000200000 xr
*default*        0x0000000000000000 0xffffffffffffffff

Linker script and memory map

LOAD c:/st/stm32cubeide_1.10.1/stm32cubeide/plugins/com.st.stm32cube.ide.mcu.externaltools.gnu-tools-for-stm32.10.3-2021.10.win32_1.0.0.202111181127/tools/bin/../lib/gcc/arm-none-eabi/10.3.1/thumb/v7e-m+fp/hard/crti.o
LOAD c:/st/stm32cubeide_1.10.1/stm32cubeide/plugins/com.st.stm32cube.ide.mcu.externaltools.gnu-tools-for-stm32.10.3-2021.10.win32_1.0.0.202111181127/tools/bin/../lib/gcc/arm-none-eabi/10.3.1/thumb/v7e-m+fp/hard/crtbegin.o
LOAD c:/st/stm32cubeide_1.10.1/stm32cubeide/plugins/com.st.stm32cube.ide.mcu.externaltools.gnu-tools-for-stm32.10.3-2021.10.win32_1.0.0.202111181127/tools/bin/../lib/gcc/arm-none-eabi/10.3.1/../../../../arm-none-eabi/lib/thumb/v7e-m+fp/hard/crt0.o
LOAD ./Core/Src/ds18b20.o
LOAD ./Core/Src/fatfs_sd.o
LOAD ./Core/Src/freertos.o
LOAD ./Core/Src/main.o
LOAD ./Core/Src/onewire.o
LOAD ./Core/Src/stm32f4xx_hal_msp.o
LOAD ./Core/Src/stm32f4xx_hal_timebase_tim.o
LOAD ./Core/Src/stm32f4xx_it.o
LOAD ./Core/Src/syscalls.o
LOAD ./Core/Src/sysmem.o
LOAD ./Core/Src/system_stm32f4xx.o
LOAD ./Core/Startup/startup_stm32f429zitx.o
LOAD ./Drivers/STM32F4xx_HAL_Driver/Src/stm32f4xx_hal.o
LOAD ./Drivers/STM32F4xx_HAL_Driver/Src/stm32f4xx_hal_cortex.o
LOAD ./Drivers/STM32F4xx_HAL_Driver/Src/stm32f4xx_hal_dma.o
LOAD ./Drivers/STM32F4xx_HAL_Driver/Src/stm32f4xx_hal_dma_ex.o
LOAD ./Drivers/STM32F4xx_HAL_Driver/Src/stm32f4xx_hal_eth.o
LOAD ./Drivers/STM32F4xx_HAL_Driver/Src/stm32f4xx_hal_exti.o
LOAD ./Drivers/STM32F4xx_HAL_Driver/Src/stm32f4xx_hal_flash.o
LOAD ./Drivers/STM32F4xx_HAL_Driver/Src/stm32f4xx_hal_flash_ex.o
LOAD ./Drivers/STM32F4xx_HAL_Driver/Src/stm32f4xx_hal_flash_ramfunc.o
LOAD ./Drivers/STM32F4xx_HAL_Driver/Src/stm32f4xx_hal_gpio.o
LOAD ./Drivers/STM32F4xx_HAL_Driver/Src/stm32f4xx_hal_i2c.o
LOAD ./Drivers/STM32F4xx_HAL_Driver/Src/stm32f4xx_hal_i2c_ex.o
LOAD ./Drivers/STM32F4xx_HAL_Driver/Src/stm32f4xx_hal_pcd.o
LOAD ./Drivers/STM32F4xx_HAL_Driver/Src/stm32f4xx_hal_pcd_ex.o
LOAD ./Drivers/STM32F4xx_HAL_Driver/Src/stm32f4xx_hal_pwr.o
LOAD ./Drivers/STM32F4xx_HAL_Driver/Src/stm32f4xx_hal_pwr_ex.o
LOAD ./Drivers/STM32F4xx_HAL_Driver/Src/stm32f4xx_hal_rcc.o
LOAD ./Drivers/STM32F4xx_HAL_Driver/Src/stm32f4xx_hal_rcc_ex.o
LOAD ./Drivers/STM32F4xx_HAL_Driver/Src/stm32f4xx_hal_spi.o
LOAD ./Drivers/STM32F4xx_HAL_Driver/Src/stm32f4xx_hal_tim.o
LOAD ./Drivers/STM32F4xx_HAL_Driver/Src/stm32f4xx_hal_tim_ex.o
LOAD ./Drivers/STM32F4xx_HAL_Driver/Src/stm32f4xx_hal_uart.o
LOAD ./Drivers/STM32F4xx_HAL_Driver/Src/stm32f4xx_ll_usb.o
LOAD ./FATFS/App/fatfs.o
LOAD ./FATFS/Target/user_diskio.o
LOAD ./Middlewares/Third_Party/FatFs/src/diskio.o
LOAD ./Middlewares/Third_Party/FatFs/src/ff.o
LOAD ./Middlewares/Third_Party/FatFs/src/ff_gen_drv.o
LOAD ./Middlewares/Third_Party/FatFs/src/option/syscall.o
LOAD ./Middlewares/Third_Party/FreeRTOS/Source/CMSIS_RTOS/cmsis_os.o
LOAD ./Middlewares/Third_Party/FreeRTOS/Source/croutine.o
LOAD ./Middlewares/Third_Party/FreeRTOS/Source/event_groups.o
LOAD ./Middlewares/Third_Party/FreeRTOS/Source/list.o
LOAD ./Middlewares/Third_Party/FreeRTOS/Source/queue.o
LOAD ./Middlewares/Third_Party/FreeRTOS/Source/stream_buffer.o
LOAD ./Middlewares/Third_Party/FreeRTOS/Source/tasks.o
LOAD ./Middlewares/Third_Party/FreeRTOS/Source/timers.o
LOAD ./Middlewares/Third_Party/FreeRTOS/Source/portable/GCC/ARM_CM4F/port.o
LOAD ./Middlewares/Third_Party/FreeRTOS/Source/portable/MemMang/heap_4.o
START GROUP
LOAD c:/st/stm32cubeide_1.10.1/stm32cubeide/plugins/com.st.stm32cube.ide.mcu.externaltools.gnu-tools-for-stm32.10.3-2021.10.win32_1.0.0.202111181127/tools/bin/../lib/gcc/arm-none-eabi/10.3.1/../../../../arm-none-eabi/lib/thumb/v7e-m+fp/hard\libc_nano.a
LOAD c:/st/stm32cubeide_1.10.1/stm32cubeide/plugins/com.st.stm32cube.ide.mcu.externaltools.gnu-tools-for-stm32.10.3-2021.10.win32_1.0.0.202111181127/tools/bin/../lib/gcc/arm-none-eabi/10.3.1/../../../../arm-none-eabi/lib/thumb/v7e-m+fp/hard\libm.a
END GROUP
START GROUP
LOAD c:/st/stm32cubeide_1.10.1/stm32cubeide/plugins/com.st.stm32cube.ide.mcu.externaltools.gnu-tools-for-stm32.10.3-2021.10.win32_1.0.0.202111181127/tools/bin/../lib/gcc/arm-none-eabi/10.3.1/thumb/v7e-m+fp/hard\libgcc.a
LOAD c:/st/stm32cubeide_1.10.1/stm32cubeide/plugins/com.st.stm32cube.ide.mcu.externaltools.gnu-tools-for-stm32.10.3-2021.10.win32_1.0.0.202111181127/tools/bin/../lib/gcc/arm-none-eabi/10.3.1/../../../../arm-none-eabi/lib/thumb/v7e-m+fp/hard\libc_nano.a
END GROUP
START GROUP
LOAD c:/st/stm32cubeide_1.10.1/stm32cubeide/plugins/com.st.stm32cube.ide.mcu.externaltools.gnu-tools-for-stm32.10.3-2021.10.win32_1.0.0.202111181127/tools/bin/../lib/gcc/arm-none-eabi/10.3.1/thumb/v7e-m+fp/hard\libgcc.a
LOAD c:/st/stm32cubeide_1.10.1/stm32cubeide/plugins/com.st.stm32cube.ide.mcu.externaltools.gnu-tools-for-stm32.10.3-2021.10.win32_1.0.0.202111181127/tools/bin/../lib/gcc/arm-none-eabi/10.3.1/../../../../arm-none-eabi/lib/thumb/v7e-m+fp/hard\libc_nano.a
LOAD c:/st/stm32cubeide_1.10.1/stm32cubeide/plugins/com.st.stm32cube.ide.mcu.externaltools.gnu-tools-for-stm32.10.3-2021.10.win32_1.0.0.202111181127/tools/bin/../lib/gcc/arm-none-eabi/10.3.1/../../../../arm-none-eabi/lib/thumb/v7e-m+fp/hard\libnosys.a
END GROUP
START GROUP
LOAD c:/st/stm32cubeide_1.10.1/stm32cubeide/plugins/com.st.stm32cube.ide.mcu.externaltools.gnu-tools-for-stm32.10.3-2021.10.win32_1.0.0.202111181127/tools/bin/../lib/gcc/arm-none-eabi/10.3.1/thumb/v7e-m+fp/hard\libgcc.a
LOAD c:/st/stm32cubeide_1.10.1/stm32cubeide/plugins/com.st.stm32cube.ide.mcu.externaltools.gnu-tools-for-stm32.10.3-2021.10.win32_1.0.0.202111181127/tools/bin/../lib/gcc/arm-none-eabi/10.3.1/../../../../arm-none-eabi/lib/thumb/v7e-m+fp/hard\libc_nano.a
LOAD c:/st/stm32cubeide_1.10.1/stm32cubeide/plugins/com.st.stm32cube.ide.mcu.externaltools.gnu-tools-for-stm32.10.3-2021.10.win32_1.0.0.202111181127/tools/bin/../lib/gcc/arm-none-eabi/10.3.1/../../../../arm-none-eabi/lib/thumb/v7e-m+fp/hard\libnosys.a
END GROUP
LOAD c:/st/stm32cubeide_1.10.1/stm32cubeide/plugins/com.st.stm32cube.ide.mcu.externaltools.gnu-tools-for-stm32.10.3-2021.10.win32_1.0.0.202111181127/tools/bin/../lib/gcc/arm-none-eabi/10.3.1/thumb/v7e-m+fp/hard/crtend.o
LOAD c:/st/stm32cubeide_1.10.1/stm32cubeide/plugins/com.st.stm32cube.ide.mcu.externaltools.gnu-tools-for-stm32.10.3-2021.10.win32_1.0.0.202111181127/tools/bin/../lib/gcc/arm-none-eabi/10.3.1/thumb/v7e-m+fp/hard/crtn.o
                0x0000000020030000                _estack = (ORIGIN (RAM) + LENGTH (RAM))
                0x0000000000000200                _Min_Heap_Size = 0x200
                0x0000000000000400                _Min_Stack_Size = 0x400

.isr_vector     0x0000000008000000      0x1ac
                0x0000000008000000                . = ALIGN (0x4)
 *(.isr_vector)
 .isr_vector    0x0000000008000000      0x1ac ./Core/Startup/startup_stm32f429zitx.o
                0x0000000008000000                g_pfnVectors
                0x00000000080001ac                . = ALIGN (0x4)

.text           0x00000000080001b0     0x8c7c
                0x00000000080001b0                . = ALIGN (0x4)
 *(.text)
 .text          0x00000000080001b0       0x40 c:/st/stm32cubeide_1.10.1/stm32cubeide/plugins/com.st.stm32cube.ide.mcu.externaltools.gnu-tools-for-stm32.10.3-2021.10.win32_1.0.0.202111181127/tools/bin/../lib/gcc/arm-none-eabi/10.3.1/thumb/v7e-m+fp/hard/crtbegin.o
 .text          0x00000000080001f0       0x10 c:/st/stm32cubeide_1.10.1/stm32cubeide/plugins/com.st.stm32cube.ide.mcu.externaltools.gnu-tools-for-stm32.10.3-2021.10.win32_1.0.0.202111181127/tools/bin/../lib/gcc/arm-none-eabi/10.3.1/../../../../arm-none-eabi/lib/thumb/v7e-m+fp/hard\libc_nano.a(lib_a-strlen.o)
                0x00000000080001f0                strlen
 .text          0x0000000008000200       0xa0 c:/st/stm32cubeide_1.10.1/stm32cubeide/plugins/com.st.stm32cube.ide.mcu.externaltools.gnu-tools-for-stm32.10.3-2021.10.win32_1.0.0.202111181127/tools/bin/../lib/gcc/arm-none-eabi/10.3.1/../../../../arm-none-eabi/lib/thumb/v7e-m+fp/hard\libc_nano.a(lib_a-memchr.o)
                0x0000000008000200                memchr
 .text          0x00000000080002a0       0x30 c:/st/stm32cubeide_1.10.1/stm32cubeide/plugins/com.st.stm32cube.ide.mcu.externaltools.gnu-tools-for-stm32.10.3-2021.10.win32_1.0.0.202111181127/tools/bin/../lib/gcc/arm-none-eabi/10.3.1/thumb/v7e-m+fp/hard\libgcc.a(_aeabi_uldivmod.o)
                0x00000000080002a0                __aeabi_uldivmod
 .text          0x00000000080002d0      0x2d0 c:/st/stm32cubeide_1.10.1/stm32cubeide/plugins/com.st.stm32cube.ide.mcu.externaltools.gnu-tools-for-stm32.10.3-2021.10.win32_1.0.0.202111181127/tools/bin/../lib/gcc/arm-none-eabi/10.3.1/thumb/v7e-m+fp/hard\libgcc.a(_udivmoddi4.o)
                0x00000000080002d0                __udivmoddi4
 .text          0x00000000080005a0        0x4 c:/st/stm32cubeide_1.10.1/stm32cubeide/plugins/com.st.stm32cube.ide.mcu.externaltools.gnu-tools-for-stm32.10.3-2021.10.win32_1.0.0.202111181127/tools/bin/../lib/gcc/arm-none-eabi/10.3.1/thumb/v7e-m+fp/hard\libgcc.a(_dvmd_tls.o)
                0x00000000080005a0                __aeabi_idiv0
                0x00000000080005a0                __aeabi_ldiv0
 *(.text*)
 .text.DS18B20_StartAll
                0x00000000080005a4       0x24 ./Core/Src/ds18b20.o
                0x00000000080005a4                DS18B20_StartAll
 .text.DS18B20_Read
                0x00000000080005c8       0xb4 ./Core/Src/ds18b20.o
                0x00000000080005c8                DS18B20_Read
 .text.DS18B20_SetResolution
                0x000000000800067c       0xe8 ./Core/Src/ds18b20.o
                0x000000000800067c                DS18B20_SetResolution
 .text.DS18B20_AllDone
                0x0000000008000764        0xc ./Core/Src/ds18b20.o
                0x0000000008000764                DS18B20_AllDone
 .text.DS18B20_ReadAll
                0x0000000008000770       0x48 ./Core/Src/ds18b20.o
                0x0000000008000770                DS18B20_ReadAll
 .text.DS18B20_GetROM
                0x00000000080007b8       0x2c ./Core/Src/ds18b20.o
                0x00000000080007b8                DS18B20_GetROM
 .text.DS18B20_Quantity
                0x00000000080007e4        0xc ./Core/Src/ds18b20.o
                0x00000000080007e4                DS18B20_Quantity
 .text.DS18B20_GetTemperature
                0x00000000080007f0       0x18 ./Core/Src/ds18b20.o
                0x00000000080007f0                DS18B20_GetTemperature
 .text.DS18B20_Init
                0x0000000008000808       0x74 ./Core/Src/ds18b20.o
                0x0000000008000808                DS18B20_Init
 .text.SPI_TxByte
                0x000000000800087c       0x2c ./Core/Src/fatfs_sd.o
 .text.SELECT   0x00000000080008a8       0x10 ./Core/Src/fatfs_sd.o
 .text.DESELECT
                0x00000000080008b8       0x10 ./Core/Src/fatfs_sd.o
 .text.SPI_RxByte
                0x00000000080008c8       0x3c ./Core/Src/fatfs_sd.o
 .text.SD_PowerOn
                0x0000000008000904       0x6c ./Core/Src/fatfs_sd.o
 .text.SD_ReadyWait
                0x0000000008000970       0x20 ./Core/Src/fatfs_sd.o
 .text.SD_TxDataBlock
                0x0000000008000990       0x70 ./Core/Src/fatfs_sd.o
 .text.SD_SendCmd
                0x0000000008000a00       0x64 ./Core/Src/fatfs_sd.o
 .text.SD_RxDataBlock
                0x0000000008000a64       0x54 ./Core/Src/fatfs_sd.o
 .text.SD_disk_initialize
                0x0000000008000ab8      0x150 ./Core/Src/fatfs_sd.o
                0x0000000008000ab8                SD_disk_initialize
 .text.SD_disk_status
                0x0000000008000c08       0x14 ./Core/Src/fatfs_sd.o
                0x0000000008000c08                SD_disk_status
 .text.SD_disk_read
                0x0000000008000c1c       0x8c ./Core/Src/fatfs_sd.o
                0x0000000008000c1c                SD_disk_read
 .text.SD_disk_write
                0x0000000008000ca8       0xb0 ./Core/Src/fatfs_sd.o
                0x0000000008000ca8                SD_disk_write
 .text.SD_disk_ioctl
                0x0000000008000d58      0x148 ./Core/Src/fatfs_sd.o
                0x0000000008000d58                SD_disk_ioctl
 .text.vApplicationGetIdleTaskMemory
                0x0000000008000ea0       0x18 ./Core/Src/freertos.o
                0x0000000008000ea0                vApplicationGetIdleTaskMemory
 .text.Start_FanControl
                0x0000000008000eb8       0xa8 ./Core/Src/main.o
                0x0000000008000eb8                Start_FanControl
 .text.Start_Temp
                0x0000000008000f60       0x40 ./Core/Src/main.o
                0x0000000008000f60                Start_Temp
 .text.SystemClock_Config
                0x0000000008000fa0       0xb0 ./Core/Src/main.o
                0x0000000008000fa0                SystemClock_Config
 .text.startup.main
                0x0000000008001050      0x55c ./Core/Src/main.o
                0x0000000008001050                main
 .text.bcdToDec
                0x00000000080015ac        0xe ./Core/Src/main.o
                0x00000000080015ac                bcdToDec
 *fill*         0x00000000080015ba        0x2 
 .text.Get_Time
                0x00000000080015bc       0x6c ./Core/Src/main.o
                0x00000000080015bc                Get_Time
 .text.Start_RTC
                0x0000000008001628       0x6c ./Core/Src/main.o
                0x0000000008001628                Start_RTC
 .text.send_uart_dma
                0x0000000008001694       0x20 ./Core/Src/main.o
                0x0000000008001694                send_uart_dma
 .text.Start_UART_LED
                0x00000000080016b4       0x78 ./Core/Src/main.o
                0x00000000080016b4                Start_UART_LED
 .text.HAL_UART_RxCpltCallback
                0x000000000800172c       0x34 ./Core/Src/main.o
                0x000000000800172c                HAL_UART_RxCpltCallback
 .text.HAL_UART_TxCpltCallback
                0x0000000008001760        0xc ./Core/Src/main.o
                0x0000000008001760                HAL_UART_TxCpltCallback
 .text.bufsize  0x000000000800176c       0x10 ./Core/Src/main.o
                0x000000000800176c                bufsize
 .text.bufclear
                0x000000000800177c       0x10 ./Core/Src/main.o
                0x000000000800177c                bufclear
 .text.Start_DataLogging
                0x000000000800178c       0xcc ./Core/Src/main.o
                0x000000000800178c                Start_DataLogging
 .text.HAL_TIM_PeriodElapsedCallback
                0x0000000008001858        0xe ./Core/Src/main.o
                0x0000000008001858                HAL_TIM_PeriodElapsedCallback
 .text.Error_Handler
                0x0000000008001866        0x4 ./Core/Src/main.o
                0x0000000008001866                Error_Handler
 *fill*         0x000000000800186a        0x2 
 .text.OneWire_Delay
                0x000000000800186c       0x14 ./Core/Src/onewire.o
                0x000000000800186c                OneWire_Delay
 .text.OneWire_BusInputDirection
                0x0000000008001880       0x1e ./Core/Src/onewire.o
                0x0000000008001880                OneWire_BusInputDirection
 .text.OneWire_BusOutputDirection
                0x000000000800189e       0x20 ./Core/Src/onewire.o
                0x000000000800189e                OneWire_BusOutputDirection
 .text.OneWire_OutputLow
                0x00000000080018be        0xa ./Core/Src/onewire.o
                0x00000000080018be                OneWire_OutputLow
 .text.OneWire_Reset
                0x00000000080018c8       0x36 ./Core/Src/onewire.o
                0x00000000080018c8                OneWire_Reset
 .text.OneWire_WriteBit
                0x00000000080018fe       0x3c ./Core/Src/onewire.o
                0x00000000080018fe                OneWire_WriteBit
 .text.OneWire_ReadBit
                0x000000000800193a       0x36 ./Core/Src/onewire.o
                0x000000000800193a                OneWire_ReadBit
 .text.OneWire_WriteByte
                0x0000000008001970       0x20 ./Core/Src/onewire.o
                0x0000000008001970                OneWire_WriteByte
 .text.OneWire_ReadByte
                0x0000000008001990       0x22 ./Core/Src/onewire.o
                0x0000000008001990                OneWire_ReadByte
 .text.OneWire_Search
                0x00000000080019b2       0xb8 ./Core/Src/onewire.o
                0x00000000080019b2                OneWire_Search
 .text.OneWire_First
                0x0000000008001a6a        0xc ./Core/Src/onewire.o
                0x0000000008001a6a                OneWire_First
 .text.OneWire_Next
                0x0000000008001a76        0x6 ./Core/Src/onewire.o
                0x0000000008001a76                OneWire_Next
 .text.OneWire_Select
                0x0000000008001a7c       0x20 ./Core/Src/onewire.o
                0x0000000008001a7c                OneWire_Select
 .text.OneWire_SelectWithPointer
                0x0000000008001a9c        0x4 ./Core/Src/onewire.o
                0x0000000008001a9c                OneWire_SelectWithPointer
 .text.OneWire_GetFullROM
                0x0000000008001aa0       0x16 ./Core/Src/onewire.o
                0x0000000008001aa0                OneWire_GetFullROM
 *fill*         0x0000000008001ab6        0x2 
 .text.OneWire_Init
                0x0000000008001ab8       0x44 ./Core/Src/onewire.o
                0x0000000008001ab8                OneWire_Init
 .text.HAL_MspInit
                0x0000000008001afc       0x40 ./Core/Src/stm32f4xx_hal_msp.o
                0x0000000008001afc                HAL_MspInit
 .text.HAL_ETH_MspInit
                0x0000000008001b3c      0x11c ./Core/Src/stm32f4xx_hal_msp.o
                0x0000000008001b3c                HAL_ETH_MspInit
 .text.HAL_I2C_MspInit
                0x0000000008001c58       0xe0 ./Core/Src/stm32f4xx_hal_msp.o
                0x0000000008001c58                HAL_I2C_MspInit
 .text.HAL_SPI_MspInit
                0x0000000008001d38      0x118 ./Core/Src/stm32f4xx_hal_msp.o
                0x0000000008001d38                HAL_SPI_MspInit
 .text.HAL_TIM_Base_MspInit
                0x0000000008001e50       0x98 ./Core/Src/stm32f4xx_hal_msp.o
                0x0000000008001e50                HAL_TIM_Base_MspInit
 .text.HAL_TIM_MspPostInit
                0x0000000008001ee8       0x58 ./Core/Src/stm32f4xx_hal_msp.o
                0x0000000008001ee8                HAL_TIM_MspPostInit
 .text.HAL_UART_MspInit
                0x0000000008001f40       0xfc ./Core/Src/stm32f4xx_hal_msp.o
                0x0000000008001f40                HAL_UART_MspInit
 .text.HAL_PCD_MspInit
                0x000000000800203c       0x84 ./Core/Src/stm32f4xx_hal_msp.o
                0x000000000800203c                HAL_PCD_MspInit
 .text.HAL_InitTick
                0x00000000080020c0       0x9c ./Core/Src/stm32f4xx_hal_timebase_tim.o
                0x00000000080020c0                HAL_InitTick
 .text.NMI_Handler
                0x000000000800215c        0x2 ./Core/Src/stm32f4xx_it.o
                0x000000000800215c                NMI_Handler
 .text.HardFault_Handler
                0x000000000800215e        0x2 ./Core/Src/stm32f4xx_it.o
                0x000000000800215e                HardFault_Handler
 .text.MemManage_Handler
                0x0000000008002160        0x2 ./Core/Src/stm32f4xx_it.o
                0x0000000008002160                MemManage_Handler
 .text.BusFault_Handler
                0x0000000008002162        0x2 ./Core/Src/stm32f4xx_it.o
                0x0000000008002162                BusFault_Handler
 .text.UsageFault_Handler
                0x0000000008002164        0x2 ./Core/Src/stm32f4xx_it.o
                0x0000000008002164                UsageFault_Handler
 .text.DebugMon_Handler
                0x0000000008002166        0x2 ./Core/Src/stm32f4xx_it.o
                0x0000000008002166                DebugMon_Handler
 .text.DMA1_Stream1_IRQHandler
                0x0000000008002168        0xc ./Core/Src/stm32f4xx_it.o
                0x0000000008002168                DMA1_Stream1_IRQHandler
 .text.DMA1_Stream3_IRQHandler
                0x0000000008002174        0xc ./Core/Src/stm32f4xx_it.o
                0x0000000008002174                DMA1_Stream3_IRQHandler
 .text.DMA1_Stream4_IRQHandler
                0x0000000008002180        0xc ./Core/Src/stm32f4xx_it.o
                0x0000000008002180                DMA1_Stream4_IRQHandler
 .text.TIM2_IRQHandler
                0x000000000800218c        0xc ./Core/Src/stm32f4xx_it.o
                0x000000000800218c                TIM2_IRQHandler
 .text.USART3_IRQHandler
                0x0000000008002198        0xc ./Core/Src/stm32f4xx_it.o
                0x0000000008002198                USART3_IRQHandler
 .text.DMA1_Stream7_IRQHandler
                0x00000000080021a4        0xc ./Core/Src/stm32f4xx_it.o
                0x00000000080021a4                DMA1_Stream7_IRQHandler
 .text.DMA2_Stream1_IRQHandler
                0x00000000080021b0        0xc ./Core/Src/stm32f4xx_it.o
                0x00000000080021b0                DMA2_Stream1_IRQHandler
 .text.DMA2_Stream2_IRQHandler
                0x00000000080021bc        0xc ./Core/Src/stm32f4xx_it.o
                0x00000000080021bc                DMA2_Stream2_IRQHandler
 .text.DMA2_Stream5_IRQHandler
                0x00000000080021c8        0xc ./Core/Src/stm32f4xx_it.o
                0x00000000080021c8                DMA2_Stream5_IRQHandler
 .text._sbrk    0x00000000080021d4       0x40 ./Core/Src/sysmem.o
                0x00000000080021d4                _sbrk
 .text.SystemInit
                0x0000000008002214       0x14 ./Core/Src/system_stm32f4xx.o
                0x0000000008002214                SystemInit
 .text.Reset_Handler
                0x0000000008002228       0x50 ./Core/Startup/startup_stm32f429zitx.o
                0x0000000008002228                Reset_Handler
 .text.Default_Handler
                0x0000000008002278        0x2 ./Core/Startup/startup_stm32f429zitx.o
                0x0000000008002278                RTC_Alarm_IRQHandler
                0x0000000008002278                HASH_RNG_IRQHandler
                0x0000000008002278                EXTI2_IRQHandler
                0x0000000008002278                TIM8_CC_IRQHandler
                0x0000000008002278                UART8_IRQHandler
                0x0000000008002278                SPI4_IRQHandler
                0x0000000008002278                TIM1_CC_IRQHandler
                0x0000000008002278                DMA1_Stream5_IRQHandler
                0x0000000008002278                PVD_IRQHandler
                0x0000000008002278                SDIO_IRQHandler
                0x0000000008002278                TAMP_STAMP_IRQHandler
                0x0000000008002278                CAN2_RX1_IRQHandler
                0x0000000008002278                EXTI3_IRQHandler
                0x0000000008002278                TIM8_TRG_COM_TIM14_IRQHandler
                0x0000000008002278                TIM1_UP_TIM10_IRQHandler
                0x0000000008002278                TIM8_UP_TIM13_IRQHandler
                0x0000000008002278                I2C3_ER_IRQHandler
                0x0000000008002278                EXTI0_IRQHandler
                0x0000000008002278                I2C2_EV_IRQHandler
                0x0000000008002278                DMA1_Stream2_IRQHandler
                0x0000000008002278                CAN1_RX0_IRQHandler
                0x0000000008002278                FPU_IRQHandler
                0x0000000008002278                OTG_HS_WKUP_IRQHandler
                0x0000000008002278                LTDC_ER_IRQHandler
                0x0000000008002278                CAN2_SCE_IRQHandler
                0x0000000008002278                SPI1_IRQHandler
                0x0000000008002278                TIM6_DAC_IRQHandler
                0x0000000008002278                TIM1_BRK_TIM9_IRQHandler
                0x0000000008002278                DCMI_IRQHandler
                0x0000000008002278                CAN2_RX0_IRQHandler
                0x0000000008002278                DMA2_Stream3_IRQHandler
                0x0000000008002278                USART6_IRQHandler
                0x0000000008002278                CAN1_RX1_IRQHandler
                0x0000000008002278                UART5_IRQHandler
                0x0000000008002278                DMA2_Stream0_IRQHandler
                0x0000000008002278                TIM4_IRQHandler
                0x0000000008002278                I2C1_EV_IRQHandler
                0x0000000008002278                DMA1_Stream6_IRQHandler
                0x0000000008002278                UART4_IRQHandler
                0x0000000008002278                TIM3_IRQHandler
                0x0000000008002278                RCC_IRQHandler
                0x0000000008002278                TIM8_BRK_TIM12_IRQHandler
                0x0000000008002278                Default_Handler
                0x0000000008002278                EXTI15_10_IRQHandler
                0x0000000008002278                ADC_IRQHandler
                0x0000000008002278                SPI5_IRQHandler
                0x0000000008002278                TIM7_IRQHandler
                0x0000000008002278                CAN2_TX_IRQHandler
                0x0000000008002278                TIM5_IRQHandler
                0x0000000008002278                DMA2_Stream7_IRQHandler
                0x0000000008002278                I2C3_EV_IRQHandler
                0x0000000008002278                EXTI9_5_IRQHandler
                0x0000000008002278                RTC_WKUP_IRQHandler
                0x0000000008002278                LTDC_IRQHandler
                0x0000000008002278                ETH_WKUP_IRQHandler
                0x0000000008002278                SPI2_IRQHandler
                0x0000000008002278                OTG_HS_EP1_IN_IRQHandler
                0x0000000008002278                DMA1_Stream0_IRQHandler
                0x0000000008002278                CAN1_TX_IRQHandler
                0x0000000008002278                EXTI4_IRQHandler
                0x0000000008002278                ETH_IRQHandler
                0x0000000008002278                OTG_HS_EP1_OUT_IRQHandler
                0x0000000008002278                WWDG_IRQHandler
                0x0000000008002278                SPI6_IRQHandler
                0x0000000008002278                OTG_FS_WKUP_IRQHandler
                0x0000000008002278                TIM1_TRG_COM_TIM11_IRQHandler
                0x0000000008002278                OTG_HS_IRQHandler
                0x0000000008002278                DMA2D_IRQHandler
                0x0000000008002278                EXTI1_IRQHandler
                0x0000000008002278                UART7_IRQHandler
                0x0000000008002278                USART2_IRQHandler
                0x0000000008002278                I2C2_ER_IRQHandler
                0x0000000008002278                CAN1_SCE_IRQHandler
                0x0000000008002278                FLASH_IRQHandler
                0x0000000008002278                DMA2_Stream4_IRQHandler
                0x0000000008002278                USART1_IRQHandler
                0x0000000008002278                OTG_FS_IRQHandler
                0x0000000008002278                SPI3_IRQHandler
                0x0000000008002278                I2C1_ER_IRQHandler
                0x0000000008002278                FMC_IRQHandler
                0x0000000008002278                DMA2_Stream6_IRQHandler
                0x0000000008002278                SAI1_IRQHandler
 *fill*         0x000000000800227a        0x2 
 .text.HAL_Init
                0x000000000800227c       0x34 ./Drivers/STM32F4xx_HAL_Driver/Src/stm32f4xx_hal.o
                0x000000000800227c                HAL_Init
 .text.HAL_IncTick
                0x00000000080022b0       0x18 ./Drivers/STM32F4xx_HAL_Driver/Src/stm32f4xx_hal.o
                0x00000000080022b0                HAL_IncTick
 .text.HAL_GetTick
                0x00000000080022c8        0xc ./Drivers/STM32F4xx_HAL_Driver/Src/stm32f4xx_hal.o
                0x00000000080022c8                HAL_GetTick
 .text.HAL_Delay
                0x00000000080022d4       0x28 ./Drivers/STM32F4xx_HAL_Driver/Src/stm32f4xx_hal.o
                0x00000000080022d4                HAL_Delay
 .text.HAL_NVIC_SetPriorityGrouping
                0x00000000080022fc       0x24 ./Drivers/STM32F4xx_HAL_Driver/Src/stm32f4xx_hal_cortex.o
                0x00000000080022fc                HAL_NVIC_SetPriorityGrouping
 .text.HAL_NVIC_SetPriority
                0x0000000008002320       0x64 ./Drivers/STM32F4xx_HAL_Driver/Src/stm32f4xx_hal_cortex.o
                0x0000000008002320                HAL_NVIC_SetPriority
 .text.HAL_NVIC_EnableIRQ
                0x0000000008002384       0x1c ./Drivers/STM32F4xx_HAL_Driver/Src/stm32f4xx_hal_cortex.o
                0x0000000008002384                HAL_NVIC_EnableIRQ
 .text.DMA_CalcBaseAndBitshift
                0x00000000080023a0       0x2c ./Drivers/STM32F4xx_HAL_Driver/Src/stm32f4xx_hal_dma.o
 .text.HAL_DMA_Init
                0x00000000080023cc      0x100 ./Drivers/STM32F4xx_HAL_Driver/Src/stm32f4xx_hal_dma.o
                0x00000000080023cc                HAL_DMA_Init
 .text.HAL_DMA_Start_IT
                0x00000000080024cc       0x74 ./Drivers/STM32F4xx_HAL_Driver/Src/stm32f4xx_hal_dma.o
                0x00000000080024cc                HAL_DMA_Start_IT
 .text.HAL_DMA_Abort
                0x0000000008002540       0x88 ./Drivers/STM32F4xx_HAL_Driver/Src/stm32f4xx_hal_dma.o
                0x0000000008002540                HAL_DMA_Abort
 .text.HAL_DMA_Abort_IT
                0x00000000080025c8       0x24 ./Drivers/STM32F4xx_HAL_Driver/Src/stm32f4xx_hal_dma.o
                0x00000000080025c8                HAL_DMA_Abort_IT
 .text.HAL_DMA_IRQHandler
                0x00000000080025ec      0x17c ./Drivers/STM32F4xx_HAL_Driver/Src/stm32f4xx_hal_dma.o
                0x00000000080025ec                HAL_DMA_IRQHandler
 .text.HAL_DMA_GetError
                0x0000000008002768        0x4 ./Drivers/STM32F4xx_HAL_Driver/Src/stm32f4xx_hal_dma.o
                0x0000000008002768                HAL_DMA_GetError
 .text.ETH_SetMACConfig
                0x000000000800276c      0x108 ./Drivers/STM32F4xx_HAL_Driver/Src/stm32f4xx_hal_eth.o
 .text.ETH_SetDMAConfig
                0x0000000008002874       0xac ./Drivers/STM32F4xx_HAL_Driver/Src/stm32f4xx_hal_eth.o
 .text.HAL_ETH_Init
                0x0000000008002920      0x1d4 ./Drivers/STM32F4xx_HAL_Driver/Src/stm32f4xx_hal_eth.o
                0x0000000008002920                HAL_ETH_Init
 .text.HAL_GPIO_Init
                0x0000000008002af4      0x1cc ./Drivers/STM32F4xx_HAL_Driver/Src/stm32f4xx_hal_gpio.o
                0x0000000008002af4                HAL_GPIO_Init
 .text.HAL_GPIO_ReadPin
                0x0000000008002cc0        0xc ./Drivers/STM32F4xx_HAL_Driver/Src/stm32f4xx_hal_gpio.o
                0x0000000008002cc0                HAL_GPIO_ReadPin
 .text.HAL_GPIO_WritePin
                0x0000000008002ccc        0xa ./Drivers/STM32F4xx_HAL_Driver/Src/stm32f4xx_hal_gpio.o
                0x0000000008002ccc                HAL_GPIO_WritePin
 .text.HAL_GPIO_TogglePin
                0x0000000008002cd6       0x12 ./Drivers/STM32F4xx_HAL_Driver/Src/stm32f4xx_hal_gpio.o
                0x0000000008002cd6                HAL_GPIO_TogglePin
 .text.I2C_IsAcknowledgeFailed
                0x0000000008002ce8       0x34 ./Drivers/STM32F4xx_HAL_Driver/Src/stm32f4xx_hal_i2c.o
 .text.I2C_WaitOnFlagUntilTimeout
                0x0000000008002d1c       0x64 ./Drivers/STM32F4xx_HAL_Driver/Src/stm32f4xx_hal_i2c.o
 .text.I2C_WaitOnMasterAddressFlagUntilTimeout
                0x0000000008002d80       0x76 ./Drivers/STM32F4xx_HAL_Driver/Src/stm32f4xx_hal_i2c.o
 .text.I2C_WaitOnTXEFlagUntilTimeout
                0x0000000008002df6       0x4c ./Drivers/STM32F4xx_HAL_Driver/Src/stm32f4xx_hal_i2c.o
 *fill*         0x0000000008002e42        0x2 
 .text.I2C_RequestMemoryRead
                0x0000000008002e44      0x104 ./Drivers/STM32F4xx_HAL_Driver/Src/stm32f4xx_hal_i2c.o
 .text.HAL_I2C_Init
                0x0000000008002f48      0x150 ./Drivers/STM32F4xx_HAL_Driver/Src/stm32f4xx_hal_i2c.o
                0x0000000008002f48                HAL_I2C_Init
 .text.HAL_I2C_Mem_Read_DMA
                0x0000000008003098      0x1d4 ./Drivers/STM32F4xx_HAL_Driver/Src/stm32f4xx_hal_i2c.o
                0x0000000008003098                HAL_I2C_Mem_Read_DMA
 .text.HAL_I2C_MasterRxCpltCallback
                0x000000000800326c        0x2 ./Drivers/STM32F4xx_HAL_Driver/Src/stm32f4xx_hal_i2c.o
                0x000000000800326c                HAL_I2C_MasterRxCpltCallback
 .text.HAL_I2C_SlaveTxCpltCallback
                0x000000000800326e        0x2 ./Drivers/STM32F4xx_HAL_Driver/Src/stm32f4xx_hal_i2c.o
                0x000000000800326e                HAL_I2C_SlaveTxCpltCallback
 .text.HAL_I2C_SlaveRxCpltCallback
                0x0000000008003270        0x2 ./Drivers/STM32F4xx_HAL_Driver/Src/stm32f4xx_hal_i2c.o
                0x0000000008003270                HAL_I2C_SlaveRxCpltCallback
 .text.HAL_I2C_MemRxCpltCallback
                0x0000000008003272        0x2 ./Drivers/STM32F4xx_HAL_Driver/Src/stm32f4xx_hal_i2c.o
                0x0000000008003272                HAL_I2C_MemRxCpltCallback
 .text.HAL_I2C_ErrorCallback
                0x0000000008003274        0x2 ./Drivers/STM32F4xx_HAL_Driver/Src/stm32f4xx_hal_i2c.o
                0x0000000008003274                HAL_I2C_ErrorCallback
 .text.I2C_DMAError
                0x0000000008003276       0x44 ./Drivers/STM32F4xx_HAL_Driver/Src/stm32f4xx_hal_i2c.o
 .text.I2C_DMAXferCplt
                0x00000000080032ba      0x108 ./Drivers/STM32F4xx_HAL_Driver/Src/stm32f4xx_hal_i2c.o
 .text.HAL_I2CEx_ConfigAnalogFilter
                0x00000000080033c2       0x3e ./Drivers/STM32F4xx_HAL_Driver/Src/stm32f4xx_hal_i2c_ex.o
                0x00000000080033c2                HAL_I2CEx_ConfigAnalogFilter
 .text.HAL_I2CEx_ConfigDigitalFilter
                0x0000000008003400       0x3e ./Drivers/STM32F4xx_HAL_Driver/Src/stm32f4xx_hal_i2c_ex.o
                0x0000000008003400                HAL_I2CEx_ConfigDigitalFilter
 .text.HAL_PCD_Init
                0x000000000800343e      0x10a ./Drivers/STM32F4xx_HAL_Driver/Src/stm32f4xx_hal_pcd.o
                0x000000000800343e                HAL_PCD_Init
 .text.HAL_RCC_OscConfig
                0x0000000008003548      0x360 ./Drivers/STM32F4xx_HAL_Driver/Src/stm32f4xx_hal_rcc.o
                0x0000000008003548                HAL_RCC_OscConfig
 .text.HAL_RCC_MCOConfig
                0x00000000080038a8       0x98 ./Drivers/STM32F4xx_HAL_Driver/Src/stm32f4xx_hal_rcc.o
                0x00000000080038a8                HAL_RCC_MCOConfig
 .text.HAL_RCC_GetSysClockFreq
                0x0000000008003940       0x5c ./Drivers/STM32F4xx_HAL_Driver/Src/stm32f4xx_hal_rcc.o
                0x0000000008003940                HAL_RCC_GetSysClockFreq
 .text.HAL_RCC_ClockConfig
                0x000000000800399c      0x138 ./Drivers/STM32F4xx_HAL_Driver/Src/stm32f4xx_hal_rcc.o
                0x000000000800399c                HAL_RCC_ClockConfig
 .text.HAL_RCC_GetPCLK1Freq
                0x0000000008003ad4       0x20 ./Drivers/STM32F4xx_HAL_Driver/Src/stm32f4xx_hal_rcc.o
                0x0000000008003ad4                HAL_RCC_GetPCLK1Freq
 .text.HAL_RCC_GetPCLK2Freq
                0x0000000008003af4       0x20 ./Drivers/STM32F4xx_HAL_Driver/Src/stm32f4xx_hal_rcc.o
                0x0000000008003af4                HAL_RCC_GetPCLK2Freq
 .text.HAL_RCC_GetClockConfig
                0x0000000008003b14       0x3c ./Drivers/STM32F4xx_HAL_Driver/Src/stm32f4xx_hal_rcc.o
                0x0000000008003b14                HAL_RCC_GetClockConfig
 .text.SPI_WaitFlagStateUntilTimeout.constprop.0
                0x0000000008003b50       0xa8 ./Drivers/STM32F4xx_HAL_Driver/Src/stm32f4xx_hal_spi.o
 .text.SPI_EndRxTxTransaction
                0x0000000008003bf8       0x58 ./Drivers/STM32F4xx_HAL_Driver/Src/stm32f4xx_hal_spi.o
 .text.HAL_SPI_Init
                0x0000000008003c50       0xb8 ./Drivers/STM32F4xx_HAL_Driver/Src/stm32f4xx_hal_spi.o
                0x0000000008003c50                HAL_SPI_Init
 .text.HAL_SPI_Transmit
                0x0000000008003d08      0x15c ./Drivers/STM32F4xx_HAL_Driver/Src/stm32f4xx_hal_spi.o
                0x0000000008003d08                HAL_SPI_Transmit
 .text.HAL_SPI_TransmitReceive
                0x0000000008003e64      0x1e8 ./Drivers/STM32F4xx_HAL_Driver/Src/stm32f4xx_hal_spi.o
                0x0000000008003e64                HAL_SPI_TransmitReceive
 .text.HAL_SPI_GetState
                0x000000000800404c        0x6 ./Drivers/STM32F4xx_HAL_Driver/Src/stm32f4xx_hal_spi.o
                0x000000000800404c                HAL_SPI_GetState
 *fill*         0x0000000008004052        0x2 
 .text.TIM_OC1_SetConfig
                0x0000000008004054       0x64 ./Drivers/STM32F4xx_HAL_Driver/Src/stm32f4xx_hal_tim.o
 .text.TIM_OC3_SetConfig
                0x00000000080040b8       0x6c ./Drivers/STM32F4xx_HAL_Driver/Src/stm32f4xx_hal_tim.o
 .text.TIM_OC4_SetConfig
                0x0000000008004124       0x4c ./Drivers/STM32F4xx_HAL_Driver/Src/stm32f4xx_hal_tim.o
 .text.HAL_TIM_Base_Start
                0x0000000008004170       0x6c ./Drivers/STM32F4xx_HAL_Driver/Src/stm32f4xx_hal_tim.o
                0x0000000008004170                HAL_TIM_Base_Start
 .text.HAL_TIM_Base_Start_IT
                0x00000000080041dc       0x74 ./Drivers/STM32F4xx_HAL_Driver/Src/stm32f4xx_hal_tim.o
                0x00000000080041dc                HAL_TIM_Base_Start_IT
 .text.HAL_TIM_PWM_MspInit
                0x0000000008004250        0x2 ./Drivers/STM32F4xx_HAL_Driver/Src/stm32f4xx_hal_tim.o
                0x0000000008004250                HAL_TIM_PWM_MspInit
 .text.HAL_TIM_OC_DelayElapsedCallback
                0x0000000008004252        0x2 ./Drivers/STM32F4xx_HAL_Driver/Src/stm32f4xx_hal_tim.o
                0x0000000008004252                HAL_TIM_OC_DelayElapsedCallback
 .text.HAL_TIM_IC_CaptureCallback
                0x0000000008004254        0x2 ./Drivers/STM32F4xx_HAL_Driver/Src/stm32f4xx_hal_tim.o
                0x0000000008004254                HAL_TIM_IC_CaptureCallback
 .text.HAL_TIM_PWM_PulseFinishedCallback
                0x0000000008004256        0x2 ./Drivers/STM32F4xx_HAL_Driver/Src/stm32f4xx_hal_tim.o
                0x0000000008004256                HAL_TIM_PWM_PulseFinishedCallback
 .text.HAL_TIM_TriggerCallback
                0x0000000008004258        0x2 ./Drivers/STM32F4xx_HAL_Driver/Src/stm32f4xx_hal_tim.o
                0x0000000008004258                HAL_TIM_TriggerCallback
 .text.HAL_TIM_IRQHandler
                0x000000000800425a      0x144 ./Drivers/STM32F4xx_HAL_Driver/Src/stm32f4xx_hal_tim.o
                0x000000000800425a                HAL_TIM_IRQHandler
 *fill*         0x000000000800439e        0x2 
 .text.TIM_Base_SetConfig
                0x00000000080043a0       0xcc ./Drivers/STM32F4xx_HAL_Driver/Src/stm32f4xx_hal_tim.o
                0x00000000080043a0                TIM_Base_SetConfig
 .text.HAL_TIM_Base_Init
                0x000000000800446c       0x58 ./Drivers/STM32F4xx_HAL_Driver/Src/stm32f4xx_hal_tim.o
                0x000000000800446c                HAL_TIM_Base_Init
 .text.HAL_TIM_PWM_Init
                0x00000000080044c4       0x58 ./Drivers/STM32F4xx_HAL_Driver/Src/stm32f4xx_hal_tim.o
                0x00000000080044c4                HAL_TIM_PWM_Init
 .text.TIM_OC2_SetConfig
                0x000000000800451c       0x6c ./Drivers/STM32F4xx_HAL_Driver/Src/stm32f4xx_hal_tim.o
                0x000000000800451c                TIM_OC2_SetConfig
 .text.HAL_TIM_PWM_ConfigChannel
                0x0000000008004588       0xb8 ./Drivers/STM32F4xx_HAL_Driver/Src/stm32f4xx_hal_tim.o
                0x0000000008004588                HAL_TIM_PWM_ConfigChannel
 .text.TIM_ETR_SetConfig
                0x0000000008004640       0x14 ./Drivers/STM32F4xx_HAL_Driver/Src/stm32f4xx_hal_tim.o
                0x0000000008004640                TIM_ETR_SetConfig
 .text.HAL_TIM_ConfigClockSource
                0x0000000008004654      0x138 ./Drivers/STM32F4xx_HAL_Driver/Src/stm32f4xx_hal_tim.o
                0x0000000008004654                HAL_TIM_ConfigClockSource
 .text.TIM_CCxChannelCmd
                0x000000000800478c       0x1c ./Drivers/STM32F4xx_HAL_Driver/Src/stm32f4xx_hal_tim.o
                0x000000000800478c                TIM_CCxChannelCmd
 .text.HAL_TIM_OC_Start
                0x00000000080047a8       0xd0 ./Drivers/STM32F4xx_HAL_Driver/Src/stm32f4xx_hal_tim.o
                0x00000000080047a8                HAL_TIM_OC_Start
 .text.HAL_TIM_PWM_Start
                0x0000000008004878        0x4 ./Drivers/STM32F4xx_HAL_Driver/Src/stm32f4xx_hal_tim.o
                0x0000000008004878                HAL_TIM_PWM_Start
 .text.HAL_TIMEx_MasterConfigSynchronization
                0x000000000800487c       0x7c ./Drivers/STM32F4xx_HAL_Driver/Src/stm32f4xx_hal_tim_ex.o
                0x000000000800487c                HAL_TIMEx_MasterConfigSynchronization
 .text.HAL_TIMEx_ConfigBreakDeadTime
                0x00000000080048f8       0x4c ./Drivers/STM32F4xx_HAL_Driver/Src/stm32f4xx_hal_tim_ex.o
                0x00000000080048f8                HAL_TIMEx_ConfigBreakDeadTime
 .text.HAL_TIMEx_CommutCallback
                0x0000000008004944        0x2 ./Drivers/STM32F4xx_HAL_Driver/Src/stm32f4xx_hal_tim_ex.o
                0x0000000008004944                HAL_TIMEx_CommutCallback
 .text.HAL_TIMEx_BreakCallback
                0x0000000008004946        0x2 ./Drivers/STM32F4xx_HAL_Driver/Src/stm32f4xx_hal_tim_ex.o
                0x0000000008004946                HAL_TIMEx_BreakCallback
 .text.UART_EndRxTransfer
                0x0000000008004948       0x5c ./Drivers/STM32F4xx_HAL_Driver/Src/stm32f4xx_hal_uart.o
 .text.UART_SetConfig
                0x00000000080049a4       0xbc ./Drivers/STM32F4xx_HAL_Driver/Src/stm32f4xx_hal_uart.o
 .text.HAL_UART_Init
                0x0000000008004a60       0x5c ./Drivers/STM32F4xx_HAL_Driver/Src/stm32f4xx_hal_uart.o
                0x0000000008004a60                HAL_UART_Init
 .text.HAL_UART_Transmit_DMA
                0x0000000008004abc       0x84 ./Drivers/STM32F4xx_HAL_Driver/Src/stm32f4xx_hal_uart.o
                0x0000000008004abc                HAL_UART_Transmit_DMA
 .text.UART_DMATransmitCplt
                0x0000000008004b40       0x4c ./Drivers/STM32F4xx_HAL_Driver/Src/stm32f4xx_hal_uart.o
 .text.HAL_UART_TxHalfCpltCallback
                0x0000000008004b8c        0x2 ./Drivers/STM32F4xx_HAL_Driver/Src/stm32f4xx_hal_uart.o
                0x0000000008004b8c                HAL_UART_TxHalfCpltCallback
 .text.UART_DMATxHalfCplt
                0x0000000008004b8e        0xa ./Drivers/STM32F4xx_HAL_Driver/Src/stm32f4xx_hal_uart.o
 .text.HAL_UART_RxHalfCpltCallback
                0x0000000008004b98        0x2 ./Drivers/STM32F4xx_HAL_Driver/Src/stm32f4xx_hal_uart.o
                0x0000000008004b98                HAL_UART_RxHalfCpltCallback
 .text.HAL_UART_ErrorCallback
                0x0000000008004b9a        0x2 ./Drivers/STM32F4xx_HAL_Driver/Src/stm32f4xx_hal_uart.o
                0x0000000008004b9a                HAL_UART_ErrorCallback
 .text.UART_DMAError
                0x0000000008004b9c       0x5a ./Drivers/STM32F4xx_HAL_Driver/Src/stm32f4xx_hal_uart.o
 .text.UART_DMAAbortOnError
                0x0000000008004bf6       0x10 ./Drivers/STM32F4xx_HAL_Driver/Src/stm32f4xx_hal_uart.o
 .text.HAL_UARTEx_RxEventCallback
                0x0000000008004c06        0x2 ./Drivers/STM32F4xx_HAL_Driver/Src/stm32f4xx_hal_uart.o
                0x0000000008004c06                HAL_UARTEx_RxEventCallback
 .text.UART_DMARxHalfCplt
                0x0000000008004c08       0x1a ./Drivers/STM32F4xx_HAL_Driver/Src/stm32f4xx_hal_uart.o
 .text.UART_DMAReceiveCplt
                0x0000000008004c22       0x94 ./Drivers/STM32F4xx_HAL_Driver/Src/stm32f4xx_hal_uart.o
 .text.UART_Receive_IT.part.0.isra.0
                0x0000000008004cb6       0xac ./Drivers/STM32F4xx_HAL_Driver/Src/stm32f4xx_hal_uart.o
 *fill*         0x0000000008004d62        0x2 
 .text.HAL_UART_IRQHandler
                0x0000000008004d64      0x2a0 ./Drivers/STM32F4xx_HAL_Driver/Src/stm32f4xx_hal_uart.o
                0x0000000008004d64                HAL_UART_IRQHandler
 .text.UART_Start_Receive_DMA
                0x0000000008005004       0x9c ./Drivers/STM32F4xx_HAL_Driver/Src/stm32f4xx_hal_uart.o
                0x0000000008005004                UART_Start_Receive_DMA
 .text.HAL_UART_Receive_DMA
                0x00000000080050a0       0x30 ./Drivers/STM32F4xx_HAL_Driver/Src/stm32f4xx_hal_uart.o
                0x00000000080050a0                HAL_UART_Receive_DMA
 .text.USB_CoreReset
                0x00000000080050d0       0x4c ./Drivers/STM32F4xx_HAL_Driver/Src/stm32f4xx_ll_usb.o
 .text.USB_CoreInit
                0x000000000800511c       0x80 ./Drivers/STM32F4xx_HAL_Driver/Src/stm32f4xx_ll_usb.o
                0x000000000800511c                USB_CoreInit
 .text.USB_DisableGlobalInt
                0x000000000800519c        0xc ./Drivers/STM32F4xx_HAL_Driver/Src/stm32f4xx_ll_usb.o
                0x000000000800519c                USB_DisableGlobalInt
 .text.USB_SetCurrentMode
                0x00000000080051a8       0x60 ./Drivers/STM32F4xx_HAL_Driver/Src/stm32f4xx_ll_usb.o
                0x00000000080051a8                USB_SetCurrentMode
 .text.USB_FlushTxFifo
                0x0000000008005208       0x4c ./Drivers/STM32F4xx_HAL_Driver/Src/stm32f4xx_ll_usb.o
                0x0000000008005208                USB_FlushTxFifo
 .text.USB_FlushRxFifo
                0x0000000008005254       0x48 ./Drivers/STM32F4xx_HAL_Driver/Src/stm32f4xx_ll_usb.o
                0x0000000008005254                USB_FlushRxFifo
 .text.USB_SetDevSpeed
                0x000000000800529c        0xe ./Drivers/STM32F4xx_HAL_Driver/Src/stm32f4xx_ll_usb.o
                0x000000000800529c                USB_SetDevSpeed
 *fill*         0x00000000080052aa        0x2 
 .text.USB_DevInit
                0x00000000080052ac      0x170 ./Drivers/STM32F4xx_HAL_Driver/Src/stm32f4xx_ll_usb.o
                0x00000000080052ac                USB_DevInit
 .text.USB_DevDisconnect
                0x000000000800541c       0x1c ./Drivers/STM32F4xx_HAL_Driver/Src/stm32f4xx_ll_usb.o
                0x000000000800541c                USB_DevDisconnect
 .text.MX_FATFS_Init
                0x0000000008005438       0x1c ./FATFS/App/fatfs.o
                0x0000000008005438                MX_FATFS_Init
 .text.get_fattime
                0x0000000008005454        0x4 ./FATFS/App/fatfs.o
                0x0000000008005454                get_fattime
 .text.USER_initialize
                0x0000000008005458        0xa ./FATFS/Target/user_diskio.o
                0x0000000008005458                USER_initialize
 .text.USER_status
                0x0000000008005462        0xa ./FATFS/Target/user_diskio.o
                0x0000000008005462                USER_status
 .text.USER_read
                0x000000000800546c        0xa ./FATFS/Target/user_diskio.o
                0x000000000800546c                USER_read
 .text.USER_write
                0x0000000008005476        0xa ./FATFS/Target/user_diskio.o
                0x0000000008005476                USER_write
 .text.USER_ioctl
                0x0000000008005480        0xa ./FATFS/Target/user_diskio.o
                0x0000000008005480                USER_ioctl
 *fill*         0x000000000800548a        0x2 
 .text.disk_status
                0x000000000800548c       0x14 ./Middlewares/Third_Party/FatFs/src/diskio.o
                0x000000000800548c                disk_status
 .text.disk_initialize
                0x00000000080054a0       0x20 ./Middlewares/Third_Party/FatFs/src/diskio.o
                0x00000000080054a0                disk_initialize
 .text.disk_read
                0x00000000080054c0       0x1c ./Middlewares/Third_Party/FatFs/src/diskio.o
                0x00000000080054c0                disk_read
 .text.disk_write
                0x00000000080054dc       0x1c ./Middlewares/Third_Party/FatFs/src/diskio.o
                0x00000000080054dc                disk_write
 .text.disk_ioctl
                0x00000000080054f8       0x1c ./Middlewares/Third_Party/FatFs/src/diskio.o
                0x00000000080054f8                disk_ioctl
 .text.ld_dword
                0x0000000008005514        0x4 ./Middlewares/Third_Party/FatFs/src/ff.o
 .text.st_dword
                0x0000000008005518       0x10 ./Middlewares/Third_Party/FatFs/src/ff.o
 .text.mem_set  0x0000000008005528        0xc ./Middlewares/Third_Party/FatFs/src/ff.o
 .text.chk_lock
                0x0000000008005534       0x74 ./Middlewares/Third_Party/FatFs/src/ff.o
 .text.inc_lock
                0x00000000080055a8       0x84 ./Middlewares/Third_Party/FatFs/src/ff.o
 .text.dec_lock
                0x000000000800562c       0x3c ./Middlewares/Third_Party/FatFs/src/ff.o
 .text.clear_lock
                0x0000000008005668       0x1c ./Middlewares/Third_Party/FatFs/src/ff.o
 .text.clust2sect
                0x0000000008005684       0x16 ./Middlewares/Third_Party/FatFs/src/ff.o
 .text.clmt_clust
                0x000000000800569a       0x26 ./Middlewares/Third_Party/FatFs/src/ff.o
 .text.st_clust
                0x00000000080056c0       0x18 ./Middlewares/Third_Party/FatFs/src/ff.o
 .text.get_ldnumber
                0x00000000080056d8       0x30 ./Middlewares/Third_Party/FatFs/src/ff.o
 .text.mem_cpy.part.0
                0x0000000008005708       0x12 ./Middlewares/Third_Party/FatFs/src/ff.o
 .text.sync_window.part.0
                0x000000000800571a       0x4c ./Middlewares/Third_Party/FatFs/src/ff.o
 .text.sync_window
                0x0000000008005766        0xc ./Middlewares/Third_Party/FatFs/src/ff.o
 .text.move_window
                0x0000000008005772       0x32 ./Middlewares/Third_Party/FatFs/src/ff.o
 .text.check_fs
                0x00000000080057a4       0x74 ./Middlewares/Third_Party/FatFs/src/ff.o
 .text.put_fat  0x0000000008005818      0x12a ./Middlewares/Third_Party/FatFs/src/ff.o
 .text.sync_fs  0x0000000008005942       0x94 ./Middlewares/Third_Party/FatFs/src/ff.o
 .text.unlock_fs
                0x00000000080059d6       0x16 ./Middlewares/Third_Party/FatFs/src/ff.o
 .text.find_volume
                0x00000000080059ec      0x2a4 ./Middlewares/Third_Party/FatFs/src/ff.o
 .text.ld_clust.isra.0
                0x0000000008005c90       0x10 ./Middlewares/Third_Party/FatFs/src/ff.o
 .text.get_fat.isra.0
                0x0000000008005ca0       0xd6 ./Middlewares/Third_Party/FatFs/src/ff.o
 .text.dir_sdi.constprop.0
                0x0000000008005d76       0x68 ./Middlewares/Third_Party/FatFs/src/ff.o
 .text.remove_chain
                0x0000000008005dde       0x70 ./Middlewares/Third_Party/FatFs/src/ff.o
 .text.create_chain
                0x0000000008005e4e       0xb0 ./Middlewares/Third_Party/FatFs/src/ff.o
 .text.dir_next
                0x0000000008005efe       0xfc ./Middlewares/Third_Party/FatFs/src/ff.o
 *fill*         0x0000000008005ffa        0x2 
 .text.follow_path
                0x0000000008005ffc      0x184 ./Middlewares/Third_Party/FatFs/src/ff.o
 .text.dir_register
                0x0000000008006180       0x62 ./Middlewares/Third_Party/FatFs/src/ff.o
 .text.validate
                0x00000000080061e2       0x50 ./Middlewares/Third_Party/FatFs/src/ff.o
 *fill*         0x0000000008006232        0x2 
 .text.f_mount  0x0000000008006234       0x80 ./Middlewares/Third_Party/FatFs/src/ff.o
                0x0000000008006234                f_mount
 .text.f_open   0x00000000080062b4      0x210 ./Middlewares/Third_Party/FatFs/src/ff.o
                0x00000000080062b4                f_open
 .text.f_write  0x00000000080064c4      0x1ba ./Middlewares/Third_Party/FatFs/src/ff.o
                0x00000000080064c4                f_write
 .text.putc_bfd
                0x000000000800667e       0x44 ./Middlewares/Third_Party/FatFs/src/ff.o
 .text.putc_flush
                0x00000000080066c2       0x2e ./Middlewares/Third_Party/FatFs/src/ff.o
 .text.f_sync   0x00000000080066f0       0xa2 ./Middlewares/Third_Party/FatFs/src/ff.o
                0x00000000080066f0                f_sync
 .text.f_close  0x0000000008006792       0x32 ./Middlewares/Third_Party/FatFs/src/ff.o
                0x0000000008006792                f_close
 .text.f_lseek  0x00000000080067c4      0x280 ./Middlewares/Third_Party/FatFs/src/ff.o
                0x00000000080067c4                f_lseek
 .text.f_puts   0x0000000008006a44       0x24 ./Middlewares/Third_Party/FatFs/src/ff.o
                0x0000000008006a44                f_puts
 .text.FATFS_LinkDriverEx
                0x0000000008006a68       0x40 ./Middlewares/Third_Party/FatFs/src/ff_gen_drv.o
                0x0000000008006a68                FATFS_LinkDriverEx
 .text.FATFS_LinkDriver
                0x0000000008006aa8        0x6 ./Middlewares/Third_Party/FatFs/src/ff_gen_drv.o
                0x0000000008006aa8                FATFS_LinkDriver
 .text.ff_cre_syncobj
                0x0000000008006aae       0x1e ./Middlewares/Third_Party/FatFs/src/option/syscall.o
                0x0000000008006aae                ff_cre_syncobj
 .text.ff_del_syncobj
                0x0000000008006acc        0xa ./Middlewares/Third_Party/FatFs/src/option/syscall.o
                0x0000000008006acc                ff_del_syncobj
 .text.ff_req_grant
                0x0000000008006ad6       0x12 ./Middlewares/Third_Party/FatFs/src/option/syscall.o
                0x0000000008006ad6                ff_req_grant
 .text.ff_rel_grant
                0x0000000008006ae8        0x4 ./Middlewares/Third_Party/FatFs/src/option/syscall.o
                0x0000000008006ae8                ff_rel_grant
 .text.osKernelStart
                0x0000000008006aec        0xa ./Middlewares/Third_Party/FreeRTOS/Source/CMSIS_RTOS/cmsis_os.o
                0x0000000008006aec                osKernelStart
 .text.osThreadCreate
                0x0000000008006af6       0x50 ./Middlewares/Third_Party/FreeRTOS/Source/CMSIS_RTOS/cmsis_os.o
                0x0000000008006af6                osThreadCreate
 .text.osDelay  0x0000000008006b46       0x10 ./Middlewares/Third_Party/FreeRTOS/Source/CMSIS_RTOS/cmsis_os.o
                0x0000000008006b46                osDelay
 .text.osMutexRelease
                0x0000000008006b56       0x46 ./Middlewares/Third_Party/FreeRTOS/Source/CMSIS_RTOS/cmsis_os.o
                0x0000000008006b56                osMutexRelease
 .text.osMutexDelete
                0x0000000008006b9c       0x14 ./Middlewares/Third_Party/FreeRTOS/Source/CMSIS_RTOS/cmsis_os.o
                0x0000000008006b9c                osMutexDelete
 .text.osSemaphoreCreate
                0x0000000008006bb0       0x48 ./Middlewares/Third_Party/FreeRTOS/Source/CMSIS_RTOS/cmsis_os.o
                0x0000000008006bb0                osSemaphoreCreate
 .text.osSemaphoreWait
                0x0000000008006bf8       0x4a ./Middlewares/Third_Party/FreeRTOS/Source/CMSIS_RTOS/cmsis_os.o
                0x0000000008006bf8                osSemaphoreWait
 .text.osSemaphoreRelease
                0x0000000008006c42        0x4 ./Middlewares/Third_Party/FreeRTOS/Source/CMSIS_RTOS/cmsis_os.o
                0x0000000008006c42                osSemaphoreRelease
 .text.osSemaphoreDelete
                0x0000000008006c46        0x4 ./Middlewares/Third_Party/FreeRTOS/Source/CMSIS_RTOS/cmsis_os.o
                0x0000000008006c46                osSemaphoreDelete
 .text.osMessageCreate
                0x0000000008006c4a       0x24 ./Middlewares/Third_Party/FreeRTOS/Source/CMSIS_RTOS/cmsis_os.o
                0x0000000008006c4a                osMessageCreate
 .text.vListInitialise
                0x0000000008006c6e       0x16 ./Middlewares/Third_Party/FreeRTOS/Source/list.o
                0x0000000008006c6e                vListInitialise
 .text.vListInitialiseItem
                0x0000000008006c84        0x6 ./Middlewares/Third_Party/FreeRTOS/Source/list.o
                0x0000000008006c84                vListInitialiseItem
 .text.vListInsertEnd
                0x0000000008006c8a       0x18 ./Middlewares/Third_Party/FreeRTOS/Source/list.o
                0x0000000008006c8a                vListInsertEnd
 .text.vListInsert
                0x0000000008006ca2       0x2e ./Middlewares/Third_Party/FreeRTOS/Source/list.o
                0x0000000008006ca2                vListInsert
 .text.uxListRemove
                0x0000000008006cd0       0x20 ./Middlewares/Third_Party/FreeRTOS/Source/list.o
                0x0000000008006cd0                uxListRemove
 .text.prvIsQueueEmpty
                0x0000000008006cf0       0x16 ./Middlewares/Third_Party/FreeRTOS/Source/queue.o
 .text.prvCopyDataToQueue
                0x0000000008006d06       0x6a ./Middlewares/Third_Party/FreeRTOS/Source/queue.o
 .text.prvCopyDataFromQueue
                0x0000000008006d70       0x2c ./Middlewares/Third_Party/FreeRTOS/Source/queue.o
 .text.prvUnlockQueue
                0x0000000008006d9c       0x70 ./Middlewares/Third_Party/FreeRTOS/Source/queue.o
 .text.xQueueGenericReset
                0x0000000008006e0c       0x7e ./Middlewares/Third_Party/FreeRTOS/Source/queue.o
                0x0000000008006e0c                xQueueGenericReset
 .text.xQueueGenericCreateStatic
                0x0000000008006e8a       0x94 ./Middlewares/Third_Party/FreeRTOS/Source/queue.o
                0x0000000008006e8a                xQueueGenericCreateStatic
 .text.xQueueGenericCreate
                0x0000000008006f1e       0x48 ./Middlewares/Third_Party/FreeRTOS/Source/queue.o
                0x0000000008006f1e                xQueueGenericCreate
 .text.xQueueGenericSend
                0x0000000008006f66      0x166 ./Middlewares/Third_Party/FreeRTOS/Source/queue.o
                0x0000000008006f66                xQueueGenericSend
 .text.xQueueGiveFromISR
                0x00000000080070cc       0xa8 ./Middlewares/Third_Party/FreeRTOS/Source/queue.o
                0x00000000080070cc                xQueueGiveFromISR
 .text.xQueueSemaphoreTake
                0x0000000008007174      0x186 ./Middlewares/Third_Party/FreeRTOS/Source/queue.o
                0x0000000008007174                xQueueSemaphoreTake
 .text.xQueueReceiveFromISR
                0x00000000080072fa       0x9e ./Middlewares/Third_Party/FreeRTOS/Source/queue.o
                0x00000000080072fa                xQueueReceiveFromISR
 .text.vQueueUnregisterQueue
                0x0000000008007398       0x28 ./Middlewares/Third_Party/FreeRTOS/Source/queue.o
                0x0000000008007398                vQueueUnregisterQueue
 .text.vQueueDelete
                0x00000000080073c0       0x2e ./Middlewares/Third_Party/FreeRTOS/Source/queue.o
                0x00000000080073c0                vQueueDelete
 *fill*         0x00000000080073ee        0x2 
 .text.prvAddNewTaskToReadyList
                0x00000000080073f0       0xfc ./Middlewares/Third_Party/FreeRTOS/Source/tasks.o
 .text.prvAddCurrentTaskToDelayedList
                0x00000000080074ec       0x88 ./Middlewares/Third_Party/FreeRTOS/Source/tasks.o
 .text.prvResetNextTaskUnblockTime
                0x0000000008007574       0x24 ./Middlewares/Third_Party/FreeRTOS/Source/tasks.o
 .text.prvDeleteTCB
                0x0000000008007598       0x3c ./Middlewares/Third_Party/FreeRTOS/Source/tasks.o
 .text.prvIdleTask
                0x00000000080075d4       0x60 ./Middlewares/Third_Party/FreeRTOS/Source/tasks.o
 .text.prvInitialiseNewTask.constprop.0
                0x0000000008007634       0xb8 ./Middlewares/Third_Party/FreeRTOS/Source/tasks.o
 .text.xTaskCreateStatic
                0x00000000080076ec       0x70 ./Middlewares/Third_Party/FreeRTOS/Source/tasks.o
                0x00000000080076ec                xTaskCreateStatic
 .text.xTaskCreate
                0x000000000800775c       0x5a ./Middlewares/Third_Party/FreeRTOS/Source/tasks.o
                0x000000000800775c                xTaskCreate
 *fill*         0x00000000080077b6        0x2 
 .text.vTaskStartScheduler
                0x00000000080077b8       0x84 ./Middlewares/Third_Party/FreeRTOS/Source/tasks.o
                0x00000000080077b8                vTaskStartScheduler
 .text.vTaskSuspendAll
                0x000000000800783c       0x10 ./Middlewares/Third_Party/FreeRTOS/Source/tasks.o
                0x000000000800783c                vTaskSuspendAll
 .text.xTaskIncrementTick
                0x000000000800784c      0x130 ./Middlewares/Third_Party/FreeRTOS/Source/tasks.o
                0x000000000800784c                xTaskIncrementTick
 .text.xTaskResumeAll
                0x000000000800797c       0xf0 ./Middlewares/Third_Party/FreeRTOS/Source/tasks.o
                0x000000000800797c                xTaskResumeAll
 .text.vTaskDelay
                0x0000000008007a6c       0x48 ./Middlewares/Third_Party/FreeRTOS/Source/tasks.o
                0x0000000008007a6c                vTaskDelay
 .text.vTaskSwitchContext
                0x0000000008007ab4       0x80 ./Middlewares/Third_Party/FreeRTOS/Source/tasks.o
                0x0000000008007ab4                vTaskSwitchContext
 .text.vTaskPlaceOnEventList
                0x0000000008007b34       0x34 ./Middlewares/Third_Party/FreeRTOS/Source/tasks.o
                0x0000000008007b34                vTaskPlaceOnEventList
 .text.xTaskRemoveFromEventList
                0x0000000008007b68       0x88 ./Middlewares/Third_Party/FreeRTOS/Source/tasks.o
                0x0000000008007b68                xTaskRemoveFromEventList
 .text.vTaskInternalSetTimeOutState
                0x0000000008007bf0       0x18 ./Middlewares/Third_Party/FreeRTOS/Source/tasks.o
                0x0000000008007bf0                vTaskInternalSetTimeOutState
 .text.xTaskCheckForTimeOut
                0x0000000008007c08       0x78 ./Middlewares/Third_Party/FreeRTOS/Source/tasks.o
                0x0000000008007c08                xTaskCheckForTimeOut
 .text.vTaskMissedYield
                0x0000000008007c80        0xc ./Middlewares/Third_Party/FreeRTOS/Source/tasks.o
                0x0000000008007c80                vTaskMissedYield
 .text.xTaskGetSchedulerState
                0x0000000008007c8c       0x20 ./Middlewares/Third_Party/FreeRTOS/Source/tasks.o
                0x0000000008007c8c                xTaskGetSchedulerState
 .text.xTaskPriorityInherit
                0x0000000008007cac       0x98 ./Middlewares/Third_Party/FreeRTOS/Source/tasks.o
                0x0000000008007cac                xTaskPriorityInherit
 .text.xTaskPriorityDisinherit
                0x0000000008007d44       0xa4 ./Middlewares/Third_Party/FreeRTOS/Source/tasks.o
                0x0000000008007d44                xTaskPriorityDisinherit
 .text.vTaskPriorityDisinheritAfterTimeout
                0x0000000008007de8       0xb0 ./Middlewares/Third_Party/FreeRTOS/Source/tasks.o
                0x0000000008007de8                vTaskPriorityDisinheritAfterTimeout
 .text.pvTaskIncrementMutexHeldCount
                0x0000000008007e98       0x18 ./Middlewares/Third_Party/FreeRTOS/Source/tasks.o
                0x0000000008007e98                pvTaskIncrementMutexHeldCount
 .text.prvPortStartFirstTask
                0x0000000008007eb0       0x28 ./Middlewares/Third_Party/FreeRTOS/Source/portable/GCC/ARM_CM4F/port.o
 .text.vPortEnableVFP
                0x0000000008007ed8       0x14 ./Middlewares/Third_Party/FreeRTOS/Source/portable/GCC/ARM_CM4F/port.o
 .text.prvTaskExitError
                0x0000000008007eec       0x40 ./Middlewares/Third_Party/FreeRTOS/Source/portable/GCC/ARM_CM4F/port.o
 .text.pxPortInitialiseStack
                0x0000000008007f2c       0x2c ./Middlewares/Third_Party/FreeRTOS/Source/portable/GCC/ARM_CM4F/port.o
                0x0000000008007f2c                pxPortInitialiseStack
 *fill*         0x0000000008007f58        0x8 
 .text.SVC_Handler
                0x0000000008007f60       0x24 ./Middlewares/Third_Party/FreeRTOS/Source/portable/GCC/ARM_CM4F/port.o
                0x0000000008007f60                SVC_Handler
 .text.vPortEnterCritical
                0x0000000008007f84       0x40 ./Middlewares/Third_Party/FreeRTOS/Source/portable/GCC/ARM_CM4F/port.o
                0x0000000008007f84                vPortEnterCritical
 .text.vPortExitCritical
                0x0000000008007fc4       0x28 ./Middlewares/Third_Party/FreeRTOS/Source/portable/GCC/ARM_CM4F/port.o
                0x0000000008007fc4                vPortExitCritical
 *fill*         0x0000000008007fec        0x4 
 .text.PendSV_Handler
                0x0000000008007ff0       0x64 ./Middlewares/Third_Party/FreeRTOS/Source/portable/GCC/ARM_CM4F/port.o
                0x0000000008007ff0                PendSV_Handler
 .text.SysTick_Handler
                0x0000000008008054       0x2c ./Middlewares/Third_Party/FreeRTOS/Source/portable/GCC/ARM_CM4F/port.o
                0x0000000008008054                SysTick_Handler
 .text.vPortSetupTimerInterrupt
                0x0000000008008080       0x24 ./Middlewares/Third_Party/FreeRTOS/Source/portable/GCC/ARM_CM4F/port.o
                0x0000000008008080                vPortSetupTimerInterrupt
 .text.xPortStartScheduler
                0x00000000080080a4      0x10c ./Middlewares/Third_Party/FreeRTOS/Source/portable/GCC/ARM_CM4F/port.o
                0x00000000080080a4                xPortStartScheduler
 .text.vPortValidateInterruptPriority
                0x00000000080081b0       0x5c ./Middlewares/Third_Party/FreeRTOS/Source/portable/GCC/ARM_CM4F/port.o
                0x00000000080081b0                vPortValidateInterruptPriority
 .text.prvInsertBlockIntoFreeList
                0x000000000800820c       0x48 ./Middlewares/Third_Party/FreeRTOS/Source/portable/MemMang/heap_4.o
 .text.pvPortMalloc
                0x0000000008008254      0x130 ./Middlewares/Third_Party/FreeRTOS/Source/portable/MemMang/heap_4.o
                0x0000000008008254                pvPortMalloc
 .text.vPortFree
                0x0000000008008384       0x7c ./Middlewares/Third_Party/FreeRTOS/Source/portable/MemMang/heap_4.o
                0x0000000008008384                vPortFree
 .text.__errno  0x0000000008008400        0xc c:/st/stm32cubeide_1.10.1/stm32cubeide/plugins/com.st.stm32cube.ide.mcu.externaltools.gnu-tools-for-stm32.10.3-2021.10.win32_1.0.0.202111181127/tools/bin/../lib/gcc/arm-none-eabi/10.3.1/../../../../arm-none-eabi/lib/thumb/v7e-m+fp/hard\libc_nano.a(lib_a-errno.o)
                0x0000000008008400                __errno
 .text.__libc_init_array
                0x000000000800840c       0x48 c:/st/stm32cubeide_1.10.1/stm32cubeide/plugins/com.st.stm32cube.ide.mcu.externaltools.gnu-tools-for-stm32.10.3-2021.10.win32_1.0.0.202111181127/tools/bin/../lib/gcc/arm-none-eabi/10.3.1/../../../../arm-none-eabi/lib/thumb/v7e-m+fp/hard\libc_nano.a(lib_a-init.o)
                0x000000000800840c                __libc_init_array
 .text.__retarget_lock_acquire_recursive
                0x0000000008008454        0x2 c:/st/stm32cubeide_1.10.1/stm32cubeide/plugins/com.st.stm32cube.ide.mcu.externaltools.gnu-tools-for-stm32.10.3-2021.10.win32_1.0.0.202111181127/tools/bin/../lib/gcc/arm-none-eabi/10.3.1/../../../../arm-none-eabi/lib/thumb/v7e-m+fp/hard\libc_nano.a(lib_a-lock.o)
                0x0000000008008454                __retarget_lock_acquire_recursive
 .text.__retarget_lock_release_recursive
                0x0000000008008456        0x2 c:/st/stm32cubeide_1.10.1/stm32cubeide/plugins/com.st.stm32cube.ide.mcu.externaltools.gnu-tools-for-stm32.10.3-2021.10.win32_1.0.0.202111181127/tools/bin/../lib/gcc/arm-none-eabi/10.3.1/../../../../arm-none-eabi/lib/thumb/v7e-m+fp/hard\libc_nano.a(lib_a-lock.o)
                0x0000000008008456                __retarget_lock_release_recursive
 .text.memcpy   0x0000000008008458       0x1c c:/st/stm32cubeide_1.10.1/stm32cubeide/plugins/com.st.stm32cube.ide.mcu.externaltools.gnu-tools-for-stm32.10.3-2021.10.win32_1.0.0.202111181127/tools/bin/../lib/gcc/arm-none-eabi/10.3.1/../../../../arm-none-eabi/lib/thumb/v7e-m+fp/hard\libc_nano.a(lib_a-memcpy-stub.o)
                0x0000000008008458                memcpy
 .text.memset   0x0000000008008474       0x10 c:/st/stm32cubeide_1.10.1/stm32cubeide/plugins/com.st.stm32cube.ide.mcu.externaltools.gnu-tools-for-stm32.10.3-2021.10.win32_1.0.0.202111181127/tools/bin/../lib/gcc/arm-none-eabi/10.3.1/../../../../arm-none-eabi/lib/thumb/v7e-m+fp/hard\libc_nano.a(lib_a-memset.o)
                0x0000000008008474                memset
 .text.sbrk_aligned
                0x0000000008008484       0x40 c:/st/stm32cubeide_1.10.1/stm32cubeide/plugins/com.st.stm32cube.ide.mcu.externaltools.gnu-tools-for-stm32.10.3-2021.10.win32_1.0.0.202111181127/tools/bin/../lib/gcc/arm-none-eabi/10.3.1/../../../../arm-none-eabi/lib/thumb/v7e-m+fp/hard\libc_nano.a(lib_a-nano-mallocr.o)
 .text._malloc_r
                0x00000000080084c4       0xe8 c:/st/stm32cubeide_1.10.1/stm32cubeide/plugins/com.st.stm32cube.ide.mcu.externaltools.gnu-tools-for-stm32.10.3-2021.10.win32_1.0.0.202111181127/tools/bin/../lib/gcc/arm-none-eabi/10.3.1/../../../../arm-none-eabi/lib/thumb/v7e-m+fp/hard\libc_nano.a(lib_a-nano-mallocr.o)
                0x00000000080084c4                _malloc_r
 .text.cleanup_glue
                0x00000000080085ac       0x1a c:/st/stm32cubeide_1.10.1/stm32cubeide/plugins/com.st.stm32cube.ide.mcu.externaltools.gnu-tools-for-stm32.10.3-2021.10.win32_1.0.0.202111181127/tools/bin/../lib/gcc/arm-none-eabi/10.3.1/../../../../arm-none-eabi/lib/thumb/v7e-m+fp/hard\libc_nano.a(lib_a-reent.o)
                0x00000000080085ac                cleanup_glue
 *fill*         0x00000000080085c6        0x2 
 .text._reclaim_reent
                0x00000000080085c8       0xb8 c:/st/stm32cubeide_1.10.1/stm32cubeide/plugins/com.st.stm32cube.ide.mcu.externaltools.gnu-tools-for-stm32.10.3-2021.10.win32_1.0.0.202111181127/tools/bin/../lib/gcc/arm-none-eabi/10.3.1/../../../../arm-none-eabi/lib/thumb/v7e-m+fp/hard\libc_nano.a(lib_a-reent.o)
                0x00000000080085c8                _reclaim_reent
 .text._sbrk_r  0x0000000008008680       0x20 c:/st/stm32cubeide_1.10.1/stm32cubeide/plugins/com.st.stm32cube.ide.mcu.externaltools.gnu-tools-for-stm32.10.3-2021.10.win32_1.0.0.202111181127/tools/bin/../lib/gcc/arm-none-eabi/10.3.1/../../../../arm-none-eabi/lib/thumb/v7e-m+fp/hard\libc_nano.a(lib_a-sbrkr.o)
                0x0000000008008680                _sbrk_r
 .text.sprintf  0x00000000080086a0       0x40 c:/st/stm32cubeide_1.10.1/stm32cubeide/plugins/com.st.stm32cube.ide.mcu.externaltools.gnu-tools-for-stm32.10.3-2021.10.win32_1.0.0.202111181127/tools/bin/../lib/gcc/arm-none-eabi/10.3.1/../../../../arm-none-eabi/lib/thumb/v7e-m+fp/hard\libc_nano.a(lib_a-sprintf.o)
                0x00000000080086a0                siprintf
                0x00000000080086a0                sprintf
 .text.__malloc_lock
                0x00000000080086e0        0xc c:/st/stm32cubeide_1.10.1/stm32cubeide/plugins/com.st.stm32cube.ide.mcu.externaltools.gnu-tools-for-stm32.10.3-2021.10.win32_1.0.0.202111181127/tools/bin/../lib/gcc/arm-none-eabi/10.3.1/../../../../arm-none-eabi/lib/thumb/v7e-m+fp/hard\libc_nano.a(lib_a-mlock.o)
                0x00000000080086e0                __malloc_lock
 .text.__malloc_unlock
                0x00000000080086ec        0xc c:/st/stm32cubeide_1.10.1/stm32cubeide/plugins/com.st.stm32cube.ide.mcu.externaltools.gnu-tools-for-stm32.10.3-2021.10.win32_1.0.0.202111181127/tools/bin/../lib/gcc/arm-none-eabi/10.3.1/../../../../arm-none-eabi/lib/thumb/v7e-m+fp/hard\libc_nano.a(lib_a-mlock.o)
                0x00000000080086ec                __malloc_unlock
 .text._free_r  0x00000000080086f8       0x98 c:/st/stm32cubeide_1.10.1/stm32cubeide/plugins/com.st.stm32cube.ide.mcu.externaltools.gnu-tools-for-stm32.10.3-2021.10.win32_1.0.0.202111181127/tools/bin/../lib/gcc/arm-none-eabi/10.3.1/../../../../arm-none-eabi/lib/thumb/v7e-m+fp/hard\libc_nano.a(lib_a-nano-freer.o)
                0x00000000080086f8                _free_r
 .text.__ssputs_r
                0x0000000008008790       0xb6 c:/st/stm32cubeide_1.10.1/stm32cubeide/plugins/com.st.stm32cube.ide.mcu.externaltools.gnu-tools-for-stm32.10.3-2021.10.win32_1.0.0.202111181127/tools/bin/../lib/gcc/arm-none-eabi/10.3.1/../../../../arm-none-eabi/lib/thumb/v7e-m+fp/hard\libc_nano.a(lib_a-nano-svfprintf.o)
                0x0000000008008790                __ssputs_r
 *fill*         0x0000000008008846        0x2 
 .text._svfprintf_r
                0x0000000008008848      0x200 c:/st/stm32cubeide_1.10.1/stm32cubeide/plugins/com.st.stm32cube.ide.mcu.externaltools.gnu-tools-for-stm32.10.3-2021.10.win32_1.0.0.202111181127/tools/bin/../lib/gcc/arm-none-eabi/10.3.1/../../../../arm-none-eabi/lib/thumb/v7e-m+fp/hard\libc_nano.a(lib_a-nano-svfprintf.o)
                0x0000000008008848                _svfiprintf_r
                0x0000000008008848                _svfprintf_r
 .text._printf_common
                0x0000000008008a48       0xda c:/st/stm32cubeide_1.10.1/stm32cubeide/plugins/com.st.stm32cube.ide.mcu.externaltools.gnu-tools-for-stm32.10.3-2021.10.win32_1.0.0.202111181127/tools/bin/../lib/gcc/arm-none-eabi/10.3.1/../../../../arm-none-eabi/lib/thumb/v7e-m+fp/hard\libc_nano.a(lib_a-nano-vfprintf_i.o)
                0x0000000008008a48                _printf_common
 *fill*         0x0000000008008b22        0x2 
 .text._printf_i
                0x0000000008008b24      0x24c c:/st/stm32cubeide_1.10.1/stm32cubeide/plugins/com.st.stm32cube.ide.mcu.externaltools.gnu-tools-for-stm32.10.3-2021.10.win32_1.0.0.202111181127/tools/bin/../lib/gcc/arm-none-eabi/10.3.1/../../../../arm-none-eabi/lib/thumb/v7e-m+fp/hard\libc_nano.a(lib_a-nano-vfprintf_i.o)
                0x0000000008008b24                _printf_i
 .text.memmove  0x0000000008008d70       0x34 c:/st/stm32cubeide_1.10.1/stm32cubeide/plugins/com.st.stm32cube.ide.mcu.externaltools.gnu-tools-for-stm32.10.3-2021.10.win32_1.0.0.202111181127/tools/bin/../lib/gcc/arm-none-eabi/10.3.1/../../../../arm-none-eabi/lib/thumb/v7e-m+fp/hard\libc_nano.a(lib_a-memmove.o)
                0x0000000008008d70                memmove
 .text._realloc_r
                0x0000000008008da4       0x5e c:/st/stm32cubeide_1.10.1/stm32cubeide/plugins/com.st.stm32cube.ide.mcu.externaltools.gnu-tools-for-stm32.10.3-2021.10.win32_1.0.0.202111181127/tools/bin/../lib/gcc/arm-none-eabi/10.3.1/../../../../arm-none-eabi/lib/thumb/v7e-m+fp/hard\libc_nano.a(lib_a-nano-reallocr.o)
                0x0000000008008da4                _realloc_r
 .text._malloc_usable_size_r
                0x0000000008008e02       0x10 c:/st/stm32cubeide_1.10.1/stm32cubeide/plugins/com.st.stm32cube.ide.mcu.externaltools.gnu-tools-for-stm32.10.3-2021.10.win32_1.0.0.202111181127/tools/bin/../lib/gcc/arm-none-eabi/10.3.1/../../../../arm-none-eabi/lib/thumb/v7e-m+fp/hard\libc_nano.a(lib_a-nano-msizer.o)
                0x0000000008008e02                _malloc_usable_size_r
 *(.glue_7)
 .glue_7        0x0000000008008e12        0x0 linker stubs
 *(.glue_7t)
 .glue_7t       0x0000000008008e12        0x0 linker stubs
 *(.eh_frame)
 *fill*         0x0000000008008e12        0x2 
 .eh_frame      0x0000000008008e14        0x0 c:/st/stm32cubeide_1.10.1/stm32cubeide/plugins/com.st.stm32cube.ide.mcu.externaltools.gnu-tools-for-stm32.10.3-2021.10.win32_1.0.0.202111181127/tools/bin/../lib/gcc/arm-none-eabi/10.3.1/thumb/v7e-m+fp/hard/crtbegin.o
 *(.init)
 .init          0x0000000008008e14        0x4 c:/st/stm32cubeide_1.10.1/stm32cubeide/plugins/com.st.stm32cube.ide.mcu.externaltools.gnu-tools-for-stm32.10.3-2021.10.win32_1.0.0.202111181127/tools/bin/../lib/gcc/arm-none-eabi/10.3.1/thumb/v7e-m+fp/hard/crti.o
                0x0000000008008e14                _init
 .init          0x0000000008008e18        0x8 c:/st/stm32cubeide_1.10.1/stm32cubeide/plugins/com.st.stm32cube.ide.mcu.externaltools.gnu-tools-for-stm32.10.3-2021.10.win32_1.0.0.202111181127/tools/bin/../lib/gcc/arm-none-eabi/10.3.1/thumb/v7e-m+fp/hard/crtn.o
 *(.fini)
 .fini          0x0000000008008e20        0x4 c:/st/stm32cubeide_1.10.1/stm32cubeide/plugins/com.st.stm32cube.ide.mcu.externaltools.gnu-tools-for-stm32.10.3-2021.10.win32_1.0.0.202111181127/tools/bin/../lib/gcc/arm-none-eabi/10.3.1/thumb/v7e-m+fp/hard/crti.o
                0x0000000008008e20                _fini
 .fini          0x0000000008008e24        0x8 c:/st/stm32cubeide_1.10.1/stm32cubeide/plugins/com.st.stm32cube.ide.mcu.externaltools.gnu-tools-for-stm32.10.3-2021.10.win32_1.0.0.202111181127/tools/bin/../lib/gcc/arm-none-eabi/10.3.1/thumb/v7e-m+fp/hard/crtn.o
                0x0000000008008e2c                . = ALIGN (0x4)
                0x0000000008008e2c                _etext = .

.vfp11_veneer   0x0000000008008e2c        0x0
 .vfp11_veneer  0x0000000008008e2c        0x0 linker stubs

.v4_bx          0x0000000008008e2c        0x0
 .v4_bx         0x0000000008008e2c        0x0 linker stubs

.iplt           0x0000000008008e2c        0x0
 .iplt          0x0000000008008e2c        0x0 c:/st/stm32cubeide_1.10.1/stm32cubeide/plugins/com.st.stm32cube.ide.mcu.externaltools.gnu-tools-for-stm32.10.3-2021.10.win32_1.0.0.202111181127/tools/bin/../lib/gcc/arm-none-eabi/10.3.1/thumb/v7e-m+fp/hard/crtbegin.o

.rodata         0x0000000008008e2c      0x264
                0x0000000008008e2c                . = ALIGN (0x4)
 *(.rodata)
 .rodata        0x0000000008008e2c       0x9c ./Core/Src/main.o
 *(.rodata*)
 .rodata.str1.1
                0x0000000008008ec8       0x46 ./Core/Src/main.o
 .rodata.Start_FanControl.str1.1
                0x0000000008008f0e       0x11 ./Core/Src/main.o
 .rodata.Start_RTC.str1.1
                0x0000000008008f1f       0x15 ./Core/Src/main.o
 .rodata.Start_DataLogging.str1.1
                0x0000000008008f34       0x11 ./Core/Src/main.o
                                         0x12 (size before relaxing)
 .rodata.AHBPrescTable
                0x0000000008008f45       0x10 ./Core/Src/system_stm32f4xx.o
                0x0000000008008f45                AHBPrescTable
 .rodata.APBPrescTable
                0x0000000008008f55        0x8 ./Core/Src/system_stm32f4xx.o
                0x0000000008008f55                APBPrescTable
 .rodata.flagBitshiftOffset.0
                0x0000000008008f5d        0x8 ./Drivers/STM32F4xx_HAL_Driver/Src/stm32f4xx_hal_dma.o
 .rodata.follow_path.str1.1
                0x0000000008008f65        0xf ./Middlewares/Third_Party/FatFs/src/ff.o
 .rodata.ExCvt  0x0000000008008f74       0x80 ./Middlewares/Third_Party/FatFs/src/ff.o
 .rodata.vTaskStartScheduler.str1.1
                0x0000000008008ff4        0x5 ./Middlewares/Third_Party/FreeRTOS/Source/tasks.o
 *fill*         0x0000000008008ff9        0x3 
 .rodata.__sf_fake_stderr
                0x0000000008008ffc       0x20 c:/st/stm32cubeide_1.10.1/stm32cubeide/plugins/com.st.stm32cube.ide.mcu.externaltools.gnu-tools-for-stm32.10.3-2021.10.win32_1.0.0.202111181127/tools/bin/../lib/gcc/arm-none-eabi/10.3.1/../../../../arm-none-eabi/lib/thumb/v7e-m+fp/hard\libc_nano.a(lib_a-findfp.o)
                0x0000000008008ffc                __sf_fake_stderr
 .rodata.__sf_fake_stdin
                0x000000000800901c       0x20 c:/st/stm32cubeide_1.10.1/stm32cubeide/plugins/com.st.stm32cube.ide.mcu.externaltools.gnu-tools-for-stm32.10.3-2021.10.win32_1.0.0.202111181127/tools/bin/../lib/gcc/arm-none-eabi/10.3.1/../../../../arm-none-eabi/lib/thumb/v7e-m+fp/hard\libc_nano.a(lib_a-findfp.o)
                0x000000000800901c                __sf_fake_stdin
 .rodata.__sf_fake_stdout
                0x000000000800903c       0x20 c:/st/stm32cubeide_1.10.1/stm32cubeide/plugins/com.st.stm32cube.ide.mcu.externaltools.gnu-tools-for-stm32.10.3-2021.10.win32_1.0.0.202111181127/tools/bin/../lib/gcc/arm-none-eabi/10.3.1/../../../../arm-none-eabi/lib/thumb/v7e-m+fp/hard\libc_nano.a(lib_a-findfp.o)
                0x000000000800903c                __sf_fake_stdout
 .rodata._svfprintf_r.str1.1
                0x000000000800905c       0x11 c:/st/stm32cubeide_1.10.1/stm32cubeide/plugins/com.st.stm32cube.ide.mcu.externaltools.gnu-tools-for-stm32.10.3-2021.10.win32_1.0.0.202111181127/tools/bin/../lib/gcc/arm-none-eabi/10.3.1/../../../../arm-none-eabi/lib/thumb/v7e-m+fp/hard\libc_nano.a(lib_a-nano-svfprintf.o)
 .rodata._printf_i.str1.1
                0x000000000800906d       0x22 c:/st/stm32cubeide_1.10.1/stm32cubeide/plugins/com.st.stm32cube.ide.mcu.externaltools.gnu-tools-for-stm32.10.3-2021.10.win32_1.0.0.202111181127/tools/bin/../lib/gcc/arm-none-eabi/10.3.1/../../../../arm-none-eabi/lib/thumb/v7e-m+fp/hard\libc_nano.a(lib_a-nano-vfprintf_i.o)
                0x0000000008009090                . = ALIGN (0x4)
 *fill*         0x000000000800908f        0x1 

.ARM.extab      0x0000000008009090        0x0
                0x0000000008009090                . = ALIGN (0x4)
 *(.ARM.extab* .gnu.linkonce.armextab.*)
                0x0000000008009090                . = ALIGN (0x4)

.ARM            0x0000000008009090        0x8
                0x0000000008009090                . = ALIGN (0x4)
                0x0000000008009090                __exidx_start = .
 *(.ARM.exidx*)
 .ARM.exidx     0x0000000008009090        0x8 c:/st/stm32cubeide_1.10.1/stm32cubeide/plugins/com.st.stm32cube.ide.mcu.externaltools.gnu-tools-for-stm32.10.3-2021.10.win32_1.0.0.202111181127/tools/bin/../lib/gcc/arm-none-eabi/10.3.1/thumb/v7e-m+fp/hard\libgcc.a(_udivmoddi4.o)
                0x0000000008009098                __exidx_end = .
                0x0000000008009098                . = ALIGN (0x4)

.rel.dyn        0x0000000008009098        0x0
 .rel.iplt      0x0000000008009098        0x0 c:/st/stm32cubeide_1.10.1/stm32cubeide/plugins/com.st.stm32cube.ide.mcu.externaltools.gnu-tools-for-stm32.10.3-2021.10.win32_1.0.0.202111181127/tools/bin/../lib/gcc/arm-none-eabi/10.3.1/thumb/v7e-m+fp/hard/crtbegin.o

.preinit_array  0x0000000008009098        0x0
                0x0000000008009098                . = ALIGN (0x4)
                0x0000000008009098                PROVIDE (__preinit_array_start = .)
 *(.preinit_array*)
                0x0000000008009098                PROVIDE (__preinit_array_end = .)
                0x0000000008009098                . = ALIGN (0x4)

.init_array     0x0000000008009098        0x4
                0x0000000008009098                . = ALIGN (0x4)
                0x0000000008009098                PROVIDE (__init_array_start = .)
 *(SORT_BY_NAME(.init_array.*))
 *(.init_array*)
 .init_array    0x0000000008009098        0x4 c:/st/stm32cubeide_1.10.1/stm32cubeide/plugins/com.st.stm32cube.ide.mcu.externaltools.gnu-tools-for-stm32.10.3-2021.10.win32_1.0.0.202111181127/tools/bin/../lib/gcc/arm-none-eabi/10.3.1/thumb/v7e-m+fp/hard/crtbegin.o
                0x000000000800909c                PROVIDE (__init_array_end = .)
                0x000000000800909c                . = ALIGN (0x4)

.fini_array     0x000000000800909c        0x4
                0x000000000800909c                . = ALIGN (0x4)
                [!provide]                        PROVIDE (__fini_array_start = .)
 *(SORT_BY_NAME(.fini_array.*))
 *(.fini_array*)
 .fini_array    0x000000000800909c        0x4 c:/st/stm32cubeide_1.10.1/stm32cubeide/plugins/com.st.stm32cube.ide.mcu.externaltools.gnu-tools-for-stm32.10.3-2021.10.win32_1.0.0.202111181127/tools/bin/../lib/gcc/arm-none-eabi/10.3.1/thumb/v7e-m+fp/hard/crtbegin.o
                [!provide]                        PROVIDE (__fini_array_end = .)
                0x00000000080090a0                . = ALIGN (0x4)
                0x00000000080090a0                _sidata = LOADADDR (.data)

.data           0x0000000020000000      0x10c load address 0x00000000080090a0
                0x0000000020000000                . = ALIGN (0x4)
                0x0000000020000000                _sdata = .
 *(.data)
 *(.data*)
 .data.Stat     0x0000000020000000        0x1 ./Core/Src/fatfs_sd.o
 .data.UART_SendFlag
                0x0000000020000001        0x1 ./Core/Src/main.o
 .data.menu_cmd
                0x0000000020000002       0x81 ./Core/Src/main.o
                0x0000000020000002                menu_cmd
 *fill*         0x0000000020000083        0x1 
 .data.SystemCoreClock
                0x0000000020000084        0x4 ./Core/Src/system_stm32f4xx.o
                0x0000000020000084                SystemCoreClock
 .data.uwTickFreq
                0x0000000020000088        0x1 ./Drivers/STM32F4xx_HAL_Driver/Src/stm32f4xx_hal.o
                0x0000000020000088                uwTickFreq
 *fill*         0x0000000020000089        0x3 
 .data.uwTickPrio
                0x000000002000008c        0x4 ./Drivers/STM32F4xx_HAL_Driver/Src/stm32f4xx_hal.o
                0x000000002000008c                uwTickPrio
 .data.USER_Driver
                0x0000000020000090       0x14 ./FATFS/Target/user_diskio.o
                0x0000000020000090                USER_Driver
 .data.uxCriticalNesting
                0x00000000200000a4        0x4 ./Middlewares/Third_Party/FreeRTOS/Source/portable/GCC/ARM_CM4F/port.o
 .data._impure_ptr
                0x00000000200000a8        0x4 c:/st/stm32cubeide_1.10.1/stm32cubeide/plugins/com.st.stm32cube.ide.mcu.externaltools.gnu-tools-for-stm32.10.3-2021.10.win32_1.0.0.202111181127/tools/bin/../lib/gcc/arm-none-eabi/10.3.1/../../../../arm-none-eabi/lib/thumb/v7e-m+fp/hard\libc_nano.a(lib_a-impure.o)
                0x00000000200000a8                _impure_ptr
 .data.impure_data
                0x00000000200000ac       0x60 c:/st/stm32cubeide_1.10.1/stm32cubeide/plugins/com.st.stm32cube.ide.mcu.externaltools.gnu-tools-for-stm32.10.3-2021.10.win32_1.0.0.202111181127/tools/bin/../lib/gcc/arm-none-eabi/10.3.1/../../../../arm-none-eabi/lib/thumb/v7e-m+fp/hard\libc_nano.a(lib_a-impure.o)
 *(.RamFunc)
 *(.RamFunc*)
                0x000000002000010c                . = ALIGN (0x4)
                0x000000002000010c                _edata = .
                0x00000000080091ac                _siccmram = LOADADDR (.ccmram)

.igot.plt       0x000000002000010c        0x0 load address 0x00000000080091ac
 .igot.plt      0x000000002000010c        0x0 c:/st/stm32cubeide_1.10.1/stm32cubeide/plugins/com.st.stm32cube.ide.mcu.externaltools.gnu-tools-for-stm32.10.3-2021.10.win32_1.0.0.202111181127/tools/bin/../lib/gcc/arm-none-eabi/10.3.1/thumb/v7e-m+fp/hard/crtbegin.o

.ccmram         0x0000000010000000        0x0 load address 0x00000000080091ac
                0x0000000010000000                . = ALIGN (0x4)
                0x0000000010000000                _sccmram = .
 *(.ccmram)
 *(.ccmram*)
                0x0000000010000000                . = ALIGN (0x4)
                0x0000000010000000                _eccmram = .
                0x0000000010000000                . = ALIGN (0x4)

.bss            0x000000002000010c     0x7174
                0x000000002000010c                _sbss = .
                0x000000002000010c                __bss_start__ = _sbss
 *(.bss)
 .bss           0x000000002000010c       0x1c c:/st/stm32cubeide_1.10.1/stm32cubeide/plugins/com.st.stm32cube.ide.mcu.externaltools.gnu-tools-for-stm32.10.3-2021.10.win32_1.0.0.202111181127/tools/bin/../lib/gcc/arm-none-eabi/10.3.1/thumb/v7e-m+fp/hard/crtbegin.o
 *(.bss*)
 .bss.OneWire   0x0000000020000128       0x14 ./Core/Src/ds18b20.o
                0x0000000020000128                OneWire
 .bss.TempSensorCount
                0x000000002000013c        0x1 ./Core/Src/ds18b20.o
                0x000000002000013c                TempSensorCount
 *fill*         0x000000002000013d        0x3 
 .bss.ds18b20   0x0000000020000140       0x40 ./Core/Src/ds18b20.o
                0x0000000020000140                ds18b20
 .bss.CardType  0x0000000020000180        0x1 ./Core/Src/fatfs_sd.o
 .bss.PowerFlag
                0x0000000020000181        0x1 ./Core/Src/fatfs_sd.o
 *fill*         0x0000000020000182        0x2 
 .bss.xIdleStack
                0x0000000020000184      0x200 ./Core/Src/freertos.o
 .bss.xIdleTaskTCBBuffer
                0x0000000020000384       0xb4 ./Core/Src/freertos.o
 .bss.DMARxDscrTab
                0x0000000020000438       0xa0 ./Core/Src/main.o
                0x0000000020000438                DMARxDscrTab
 .bss.DMATxDscrTab
                0x00000000200004d8       0xa0 ./Core/Src/main.o
                0x00000000200004d8                DMATxDscrTab
 .bss.DataLogging_TasHandle
                0x0000000020000578        0x4 ./Core/Src/main.o
                0x0000000020000578                DataLogging_TasHandle
 .bss.FanControl_TaskHandle
                0x000000002000057c        0x4 ./Core/Src/main.o
                0x000000002000057c                FanControl_TaskHandle
 .bss.MACAddr.0
                0x0000000020000580        0x6 ./Core/Src/main.o
 *fill*         0x0000000020000586        0x2 
 .bss.RTC_TaskHandle
                0x0000000020000588        0x4 ./Core/Src/main.o
                0x0000000020000588                RTC_TaskHandle
 .bss.SD_buffer
                0x000000002000058c      0x400 ./Core/Src/main.o
                0x000000002000058c                SD_buffer
 .bss.TempReading_TasHandle
                0x000000002000098c        0x4 ./Core/Src/main.o
                0x000000002000098c                TempReading_TasHandle
 .bss.TxConfig  0x0000000020000990       0x38 ./Core/Src/main.o
                0x0000000020000990                TxConfig
 .bss.UART_LEDTaskHandle
                0x00000000200009c8        0x4 ./Core/Src/main.o
                0x00000000200009c8                UART_LEDTaskHandle
 .bss.cmd       0x00000000200009cc        0x1 ./Core/Src/main.o
                0x00000000200009cc                cmd
 .bss.cmdstate  0x00000000200009cd        0x1 ./Core/Src/main.o
                0x00000000200009cd                cmdstate
 .bss.fan_available
                0x00000000200009ce        0x1 ./Core/Src/main.o
                0x00000000200009ce                fan_available
 .bss.fan_speed
                0x00000000200009cf       0x14 ./Core/Src/main.o
                0x00000000200009cf                fan_speed
 *fill*         0x00000000200009e3        0x1 
 .bss.fil       0x00000000200009e4     0x1030 ./Core/Src/main.o
                0x00000000200009e4                fil
 .bss.fresult   0x0000000020001a14        0x1 ./Core/Src/main.o
                0x0000000020001a14                fresult
 *fill*         0x0000000020001a15        0x3 
 .bss.fs        0x0000000020001a18     0x1038 ./Core/Src/main.o
                0x0000000020001a18                fs
 .bss.hdma_i2c2_rx
                0x0000000020002a50       0x60 ./Core/Src/main.o
                0x0000000020002a50                hdma_i2c2_rx
 .bss.hdma_i2c2_tx
                0x0000000020002ab0       0x60 ./Core/Src/main.o
                0x0000000020002ab0                hdma_i2c2_tx
 .bss.hdma_spi1_rx
                0x0000000020002b10       0x60 ./Core/Src/main.o
                0x0000000020002b10                hdma_spi1_rx
 .bss.hdma_spi1_tx
                0x0000000020002b70       0x60 ./Core/Src/main.o
                0x0000000020002b70                hdma_spi1_tx
 .bss.hdma_tim1_ch1
                0x0000000020002bd0       0x60 ./Core/Src/main.o
                0x0000000020002bd0                hdma_tim1_ch1
 .bss.hdma_usart3_rx
                0x0000000020002c30       0x60 ./Core/Src/main.o
                0x0000000020002c30                hdma_usart3_rx
 .bss.hdma_usart3_tx
                0x0000000020002c90       0x60 ./Core/Src/main.o
                0x0000000020002c90                hdma_usart3_tx
 .bss.heth      0x0000000020002cf0       0xb0 ./Core/Src/main.o
                0x0000000020002cf0                heth
 .bss.hi2c2     0x0000000020002da0       0x54 ./Core/Src/main.o
                0x0000000020002da0                hi2c2
 .bss.hpcd_USB_OTG_FS
                0x0000000020002df4      0x50c ./Core/Src/main.o
                0x0000000020002df4                hpcd_USB_OTG_FS
 .bss.hspi1     0x0000000020003300       0x58 ./Core/Src/main.o
                0x0000000020003300                hspi1
 .bss.htim1     0x0000000020003358       0x48 ./Core/Src/main.o
                0x0000000020003358                htim1
 .bss.htim3     0x00000000200033a0       0x48 ./Core/Src/main.o
                0x00000000200033a0                htim3
 .bss.huart3    0x00000000200033e8       0x44 ./Core/Src/main.o
                0x00000000200033e8                huart3
 .bss.myQueue01Handle
                0x000000002000342c        0x4 ./Core/Src/main.o
                0x000000002000342c                myQueue01Handle
 .bss.temperature
                0x0000000020003430        0x4 ./Core/Src/main.o
                0x0000000020003430                temperature
 .bss.time      0x0000000020003434        0x7 ./Core/Src/main.o
                0x0000000020003434                time
 .bss.time_available
                0x000000002000343b        0x1 ./Core/Src/main.o
                0x000000002000343b                time_available
 .bss.time_buffer
                0x000000002000343c       0x12 ./Core/Src/main.o
                0x000000002000343c                time_buffer
 .bss.time_flag
                0x000000002000344e        0x1 ./Core/Src/main.o
                0x000000002000344e                time_flag
 .bss.uart_bfr  0x000000002000344f        0x1 ./Core/Src/main.o
                0x000000002000344f                uart_bfr
 .bss.htim2     0x0000000020003450       0x48 ./Core/Src/stm32f4xx_hal_timebase_tim.o
                0x0000000020003450                htim2
 .bss.Timer1    0x0000000020003498        0x1 ./Core/Src/stm32f4xx_it.o
                0x0000000020003498                Timer1
 .bss.Timer2    0x0000000020003499        0x1 ./Core/Src/stm32f4xx_it.o
                0x0000000020003499                Timer2
 *fill*         0x000000002000349a        0x2 
 .bss.__sbrk_heap_end
                0x000000002000349c        0x4 ./Core/Src/sysmem.o
 .bss.uwTick    0x00000000200034a0        0x4 ./Drivers/STM32F4xx_HAL_Driver/Src/stm32f4xx_hal.o
                0x00000000200034a0                uwTick
 .bss.USERPath  0x00000000200034a4        0x4 ./FATFS/App/fatfs.o
                0x00000000200034a4                USERPath