02:58:17 **** Incremental Build of configuration Debug for project RAD_Embedded_Task ****
make -j12 all 
arm-none-eabi-gcc "../Core/Src/main.c" -mcpu=cortex-m4 -std=gnu11 -g3 -DDEBUG -DUSE_HAL_DRIVER -DSTM32F429xx -c -I../Core/Inc -I../Drivers/STM32F4xx_HAL_Driver/Inc -I../Drivers/STM32F4xx_HAL_Driver/Inc/Legacy -I../Drivers/CMSIS/Device/ST/STM32F4xx/Include -I../Drivers/CMSIS/Include -O0 -ffunction-sections -fdata-sections -Wall -fstack-usage -MMD -MP -MF"Core/Src/main.d" -MT"Core/Src/main.o" --specs=nano.specs -mfpu=fpv4-sp-d16 -mfloat-abi=hard -mthumb -o "Core/Src/main.o"
arm-none-eabi-gcc -o "RAD_Embedded_Task.elf" @"objects.list"   -mcpu=cortex-m4 -T"C:\Users\User\STM32CubeIDE\workspace_1.10.1\RAD_Embedded_Task\RAD_Embedded_Task\STM32F429ZITX_FLASH.ld" --specs=nosys.specs -Wl,-Map="RAD_Embedded_Task.map" -Wl,--gc-sections -static --specs=nano.specs -mfpu=fpv4-sp-d16 -mfloat-abi=hard -mthumb -Wl,--start-group -lc -lm -Wl,--end-group
Finished building target: RAD_Embedded_Task.elf
 
arm-none-eabi-size   RAD_Embedded_Task.elf 
arm-none-eabi-objdump -h -S  RAD_Embedded_Task.elf  > "RAD_Embedded_Task.list"
   text	   data	    bss	    dec	    hex	filename
  24732	    120	   3888	  28740	   7044	RAD_Embedded_Task.elf
Finished building: default.size.stdout
 
Finished building: RAD_Embedded_Task.list
 
02:58:20 **** Incremental Build of configuration Debug for project RAD_Embedded_Task ****
make -j12 all 
arm-none-eabi-size   RAD_Embedded_Task.elf 
   text	   data	    bss	    dec	    hex	filename
  24732	    120	   3888	  28740	   7044	RAD_Embedded_Task.elf
Finished building: default.size.stdout
 
