00:14:21 **** Build of configuration Debug for project lwow_stm32f429zi_nucleo_ds18b20_rtos ****
make -j12 all 
arm-none-eabi-gcc -mcpu=cortex-m4 -g3 -c -Wa,-W -x assembler-with-cpp -MMD -MP -MF"startup/startup_stm32f429xx.d" -MT"startup/startup_stm32f429xx.o" --specs=nano.specs -mfpu=fpv4-sp-d16 -mfloat-abi=hard -mthumb -o "startup/startup_stm32f429xx.o" "../startup/startup_stm32f429xx.s"
arm-none-eabi-gcc "D:/Carrier Fair/RAD/lwow-develop/lwow-develop/lwow/src/lwow/lwow.c" -mcpu=cortex-m4 -std=gnu11 -g3 '-D__weak=__attribute__((weak))' -DHSE_VALUE=8000000 '-D__packed=__attribute__((__packed__))' -DSTM32F429xx -DUSE_FULL_LL_DRIVER -c -I../../inc -I../../../../../snippets/include -I../../../../../lwow/src/include -I../../../../lib/st/CMSIS/Include -I../../../../lib/st/CMSIS/Device/ST/STM32F4xx/Include -I../../../../lib/st/STM32F4xx_HAL_Driver/Inc -I../../../../lib/FreeRTOS/include -I../../../../lib/FreeRTOS/CMSIS_RTOS_V2 -I../../../../lib/FreeRTOS/portable/GCC/ARM_CM4F -O0 -ffunction-sections -fdata-sections -Wall -fstack-usage -MMD -MP -MF"lwow/lwow.d" -MT"lwow/lwow.o" --specs=nano.specs -mfpu=fpv4-sp-d16 -mfloat-abi=hard -mthumb -o "lwow/lwow.o"
arm-none-eabi-gcc "D:/Carrier Fair/RAD/lwow-develop/lwow-develop/lwow/src/devices/lwow_device_ds18x20.c" -mcpu=cortex-m4 -std=gnu11 -g3 '-D__weak=__attribute__((weak))' -DHSE_VALUE=8000000 '-D__packed=__attribute__((__packed__))' -DSTM32F429xx -DUSE_FULL_LL_DRIVER -c -I../../inc -I../../../../../snippets/include -I../../../../../lwow/src/include -I../../../../lib/st/CMSIS/Include -I../../../../lib/st/CMSIS/Device/ST/STM32F4xx/Include -I../../../../lib/st/STM32F4xx_HAL_Driver/Inc -I../../../../lib/FreeRTOS/include -I../../../../lib/FreeRTOS/CMSIS_RTOS_V2 -I../../../../lib/FreeRTOS/portable/GCC/ARM_CM4F -O0 -ffunction-sections -fdata-sections -Wall -fstack-usage -MMD -MP -MF"lwow/lwow_device_ds18x20.d" -MT"lwow/lwow_device_ds18x20.o" --specs=nano.specs -mfpu=fpv4-sp-d16 -mfloat-abi=hard -mthumb -o "lwow/lwow_device_ds18x20.o"
arm-none-eabi-gcc "D:/Carrier Fair/RAD/lwow-develop/lwow-develop/lwow/src/system/lwow_ll_stm32f429zi_nucleo.c" -mcpu=cortex-m4 -std=gnu11 -g3 '-D__weak=__attribute__((weak))' -DHSE_VALUE=8000000 '-D__packed=__attribute__((__packed__))' -DSTM32F429xx -DUSE_FULL_LL_DRIVER -c -I../../inc -I../../../../../snippets/include -I../../../../../lwow/src/include -I../../../../lib/st/CMSIS/Include -I../../../../lib/st/CMSIS/Device/ST/STM32F4xx/Include -I../../../../lib/st/STM32F4xx_HAL_Driver/Inc -I../../../../lib/FreeRTOS/include -I../../../../lib/FreeRTOS/CMSIS_RTOS_V2 -I../../../../lib/FreeRTOS/portable/GCC/ARM_CM4F -O0 -ffunction-sections -fdata-sections -Wall -fstack-usage -MMD -MP -MF"lwow/lwow_ll_stm32f429zi_nucleo.d" -MT"lwow/lwow_ll_stm32f429zi_nucleo.o" --specs=nano.specs -mfpu=fpv4-sp-d16 -mfloat-abi=hard -mthumb -o "lwow/lwow_ll_stm32f429zi_nucleo.o"
arm-none-eabi-gcc "D:/Carrier Fair/RAD/lwow-develop/lwow-develop/lwow/src/system/lwow_sys_cmsis_os.c" -mcpu=cortex-m4 -std=gnu11 -g3 '-D__weak=__attribute__((weak))' -DHSE_VALUE=8000000 '-D__packed=__attribute__((__packed__))' -DSTM32F429xx -DUSE_FULL_LL_DRIVER -c -I../../inc -I../../../../../snippets/include -I../../../../../lwow/src/include -I../../../../lib/st/CMSIS/Include -I../../../../lib/st/CMSIS/Device/ST/STM32F4xx/Include -I../../../../lib/st/STM32F4xx_HAL_Driver/Inc -I../../../../lib/FreeRTOS/include -I../../../../lib/FreeRTOS/CMSIS_RTOS_V2 -I../../../../lib/FreeRTOS/portable/GCC/ARM_CM4F -O0 -ffunction-sections -fdata-sections -Wall -fstack-usage -MMD -MP -MF"lwow/lwow_sys_cmsis_os.d" -MT"lwow/lwow_sys_cmsis_os.o" --specs=nano.specs -mfpu=fpv4-sp-d16 -mfloat-abi=hard -mthumb -o "lwow/lwow_sys_cmsis_os.o"
arm-none-eabi-gcc "D:/Carrier Fair/RAD/lwow-develop/lwow-develop/snippets/scan_devices.c" -mcpu=cortex-m4 -std=gnu11 -g3 '-D__weak=__attribute__((weak))' -DHSE_VALUE=8000000 '-D__packed=__attribute__((__packed__))' -DSTM32F429xx -DUSE_FULL_LL_DRIVER -c -I../../inc -I../../../../../snippets/include -I../../../../../lwow/src/include -I../../../../lib/st/CMSIS/Include -I../../../../lib/st/CMSIS/Device/ST/STM32F4xx/Include -I../../../../lib/st/STM32F4xx_HAL_Driver/Inc -I../../../../lib/FreeRTOS/include -I../../../../lib/FreeRTOS/CMSIS_RTOS_V2 -I../../../../lib/FreeRTOS/portable/GCC/ARM_CM4F -O0 -ffunction-sections -fdata-sections -Wall -fstack-usage -MMD -MP -MF"lwow/scan_devices.d" -MT"lwow/scan_devices.o" --specs=nano.specs -mfpu=fpv4-sp-d16 -mfloat-abi=hard -mthumb -o "lwow/scan_devices.o"
arm-none-eabi-gcc "D:/Carrier Fair/RAD/lwow-develop/lwow-develop/examples/stm32/ow_ds18b20_rtos_stm32f429zi_nucleo/src/main.c" -mcpu=cortex-m4 -std=gnu11 -g3 '-D__weak=__attribute__((weak))' -DHSE_VALUE=8000000 '-D__packed=__attribute__((__packed__))' -DSTM32F429xx -DUSE_FULL_LL_DRIVER -c -I../../inc -I../../../../../snippets/include -I../../../../../lwow/src/include -I../../../../lib/st/CMSIS/Include -I../../../../lib/st/CMSIS/Device/ST/STM32F4xx/Include -I../../../../lib/st/STM32F4xx_HAL_Driver/Inc -I../../../../lib/FreeRTOS/include -I../../../../lib/FreeRTOS/CMSIS_RTOS_V2 -I../../../../lib/FreeRTOS/portable/GCC/ARM_CM4F -O0 -ffunction-sections -fdata-sections -Wall -fstack-usage -MMD -MP -MF"User/main.d" -MT"User/main.o" --specs=nano.specs -mfpu=fpv4-sp-d16 -mfloat-abi=hard -mthumb -o "User/main.o"
arm-none-eabi-gcc "D:/Carrier Fair/RAD/lwow-develop/lwow-develop/examples/stm32/ow_ds18b20_rtos_stm32f429zi_nucleo/src/stm32f4xx_it.c" -mcpu=cortex-m4 -std=gnu11 -g3 '-D__weak=__attribute__((weak))' -DHSE_VALUE=8000000 '-D__packed=__attribute__((__packed__))' -DSTM32F429xx -DUSE_FULL_LL_DRIVER -c -I../../inc -I../../../../../snippets/include -I../../../../../lwow/src/include -I../../../../lib/st/CMSIS/Include -I../../../../lib/st/CMSIS/Device/ST/STM32F4xx/Include -I../../../../lib/st/STM32F4xx_HAL_Driver/Inc -I../../../../lib/FreeRTOS/include -I../../../../lib/FreeRTOS/CMSIS_RTOS_V2 -I../../../../lib/FreeRTOS/portable/GCC/ARM_CM4F -O0 -ffunction-sections -fdata-sections -Wall -fstack-usage -MMD -MP -MF"User/stm32f4xx_it.d" -MT"User/stm32f4xx_it.o" --specs=nano.specs -mfpu=fpv4-sp-d16 -mfloat-abi=hard -mthumb -o "User/stm32f4xx_it.o"
arm-none-eabi-gcc "D:/Carrier Fair/RAD/lwow-develop/lwow-develop/examples/stm32/ow_ds18b20_rtos_stm32f429zi_nucleo/src/syscalls.c" -mcpu=cortex-m4 -std=gnu11 -g3 '-D__weak=__attribute__((weak))' -DHSE_VALUE=8000000 '-D__packed=__attribute__((__packed__))' -DSTM32F429xx -DUSE_FULL_LL_DRIVER -c -I../../inc -I../../../../../snippets/include -I../../../../../lwow/src/include -I../../../../lib/st/CMSIS/Include -I../../../../lib/st/CMSIS/Device/ST/STM32F4xx/Include -I../../../../lib/st/STM32F4xx_HAL_Driver/Inc -I../../../../lib/FreeRTOS/include -I../../../../lib/FreeRTOS/CMSIS_RTOS_V2 -I../../../../lib/FreeRTOS/portable/GCC/ARM_CM4F -O0 -ffunction-sections -fdata-sections -Wall -fstack-usage -MMD -MP -MF"User/syscalls.d" -MT"User/syscalls.o" --specs=nano.specs -mfpu=fpv4-sp-d16 -mfloat-abi=hard -mthumb -o "User/syscalls.o"
arm-none-eabi-gcc "D:/Carrier Fair/RAD/lwow-develop/lwow-develop/examples/stm32/ow_ds18b20_rtos_stm32f429zi_nucleo/src/system_stm32f4xx.c" -mcpu=cortex-m4 -std=gnu11 -g3 '-D__weak=__attribute__((weak))' -DHSE_VALUE=8000000 '-D__packed=__attribute__((__packed__))' -DSTM32F429xx -DUSE_FULL_LL_DRIVER -c -I../../inc -I../../../../../snippets/include -I../../../../../lwow/src/include -I../../../../lib/st/CMSIS/Include -I../../../../lib/st/CMSIS/Device/ST/STM32F4xx/Include -I../../../../lib/st/STM32F4xx_HAL_Driver/Inc -I../../../../lib/FreeRTOS/include -I../../../../lib/FreeRTOS/CMSIS_RTOS_V2 -I../../../../lib/FreeRTOS/portable/GCC/ARM_CM4F -O0 -ffunction-sections -fdata-sections -Wall -fstack-usage -MMD -MP -MF"User/system_stm32f4xx.d" -MT"User/system_stm32f4xx.o" --specs=nano.specs -mfpu=fpv4-sp-d16 -mfloat-abi=hard -mthumb -o "User/system_stm32f4xx.o"
arm-none-eabi-gcc "D:/Carrier Fair/RAD/lwow-develop/lwow-develop/examples/lib/st/STM32F4xx_HAL_Driver/Src/stm32f4xx_ll_dma.c" -mcpu=cortex-m4 -std=gnu11 -g3 '-D__weak=__attribute__((weak))' -DHSE_VALUE=8000000 '-D__packed=__attribute__((__packed__))' -DSTM32F429xx -DUSE_FULL_LL_DRIVER -c -I../../inc -I../../../../../snippets/include -I../../../../../lwow/src/include -I../../../../lib/st/CMSIS/Include -I../../../../lib/st/CMSIS/Device/ST/STM32F4xx/Include -I../../../../lib/st/STM32F4xx_HAL_Driver/Inc -I../../../../lib/FreeRTOS/include -I../../../../lib/FreeRTOS/CMSIS_RTOS_V2 -I../../../../lib/FreeRTOS/portable/GCC/ARM_CM4F -O0 -ffunction-sections -fdata-sections -Wall -fstack-usage -MMD -MP -MF"STM32F4xx_HAL_Driver/stm32f4xx_ll_dma.d" -MT"STM32F4xx_HAL_Driver/stm32f4xx_ll_dma.o" --specs=nano.specs -mfpu=fpv4-sp-d16 -mfloat-abi=hard -mthumb -o "STM32F4xx_HAL_Driver/stm32f4xx_ll_dma.o"
arm-none-eabi-gcc "D:/Carrier Fair/RAD/lwow-develop/lwow-develop/examples/lib/st/STM32F4xx_HAL_Driver/Src/stm32f4xx_ll_exti.c" -mcpu=cortex-m4 -std=gnu11 -g3 '-D__weak=__attribute__((weak))' -DHSE_VALUE=8000000 '-D__packed=__attribute__((__packed__))' -DSTM32F429xx -DUSE_FULL_LL_DRIVER -c -I../../inc -I../../../../../snippets/include -I../../../../../lwow/src/include -I../../../../lib/st/CMSIS/Include -I../../../../lib/st/CMSIS/Device/ST/STM32F4xx/Include -I../../../../lib/st/STM32F4xx_HAL_Driver/Inc -I../../../../lib/FreeRTOS/include -I../../../../lib/FreeRTOS/CMSIS_RTOS_V2 -I../../../../lib/FreeRTOS/portable/GCC/ARM_CM4F -O0 -ffunction-sections -fdata-sections -Wall -fstack-usage -MMD -MP -MF"STM32F4xx_HAL_Driver/stm32f4xx_ll_exti.d" -MT"STM32F4xx_HAL_Driver/stm32f4xx_ll_exti.o" --specs=nano.specs -mfpu=fpv4-sp-d16 -mfloat-abi=hard -mthumb -o "STM32F4xx_HAL_Driver/stm32f4xx_ll_exti.o"
arm-none-eabi-gcc "D:/Carrier Fair/RAD/lwow-develop/lwow-develop/examples/lib/st/STM32F4xx_HAL_Driver/Src/stm32f4xx_ll_gpio.c" -mcpu=cortex-m4 -std=gnu11 -g3 '-D__weak=__attribute__((weak))' -DHSE_VALUE=8000000 '-D__packed=__attribute__((__packed__))' -DSTM32F429xx -DUSE_FULL_LL_DRIVER -c -I../../inc -I../../../../../snippets/include -I../../../../../lwow/src/include -I../../../../lib/st/CMSIS/Include -I../../../../lib/st/CMSIS/Device/ST/STM32F4xx/Include -I../../../../lib/st/STM32F4xx_HAL_Driver/Inc -I../../../../lib/FreeRTOS/include -I../../../../lib/FreeRTOS/CMSIS_RTOS_V2 -I../../../../lib/FreeRTOS/portable/GCC/ARM_CM4F -O0 -ffunction-sections -fdata-sections -Wall -fstack-usage -MMD -MP -MF"STM32F4xx_HAL_Driver/stm32f4xx_ll_gpio.d" -MT"STM32F4xx_HAL_Driver/stm32f4xx_ll_gpio.o" --specs=nano.specs -mfpu=fpv4-sp-d16 -mfloat-abi=hard -mthumb -o "STM32F4xx_HAL_Driver/stm32f4xx_ll_gpio.o"
arm-none-eabi-gcc "D:/Carrier Fair/RAD/lwow-develop/lwow-develop/examples/lib/st/STM32F4xx_HAL_Driver/Src/stm32f4xx_ll_pwr.c" -mcpu=cortex-m4 -std=gnu11 -g3 '-D__weak=__attribute__((weak))' -DHSE_VALUE=8000000 '-D__packed=__attribute__((__packed__))' -DSTM32F429xx -DUSE_FULL_LL_DRIVER -c -I../../inc -I../../../../../snippets/include -I../../../../../lwow/src/include -I../../../../lib/st/CMSIS/Include -I../../../../lib/st/CMSIS/Device/ST/STM32F4xx/Include -I../../../../lib/st/STM32F4xx_HAL_Driver/Inc -I../../../../lib/FreeRTOS/include -I../../../../lib/FreeRTOS/CMSIS_RTOS_V2 -I../../../../lib/FreeRTOS/portable/GCC/ARM_CM4F -O0 -ffunction-sections -fdata-sections -Wall -fstack-usage -MMD -MP -MF"STM32F4xx_HAL_Driver/stm32f4xx_ll_pwr.d" -MT"STM32F4xx_HAL_Driver/stm32f4xx_ll_pwr.o" --specs=nano.specs -mfpu=fpv4-sp-d16 -mfloat-abi=hard -mthumb -o "STM32F4xx_HAL_Driver/stm32f4xx_ll_pwr.o"
arm-none-eabi-gcc "D:/Carrier Fair/RAD/lwow-develop/lwow-develop/examples/lib/st/STM32F4xx_HAL_Driver/Src/stm32f4xx_ll_rcc.c" -mcpu=cortex-m4 -std=gnu11 -g3 '-D__weak=__attribute__((weak))' -DHSE_VALUE=8000000 '-D__packed=__attribute__((__packed__))' -DSTM32F429xx -DUSE_FULL_LL_DRIVER -c -I../../inc -I../../../../../snippets/include -I../../../../../lwow/src/include -I../../../../lib/st/CMSIS/Include -I../../../../lib/st/CMSIS/Device/ST/STM32F4xx/Include -I../../../../lib/st/STM32F4xx_HAL_Driver/Inc -I../../../../lib/FreeRTOS/include -I../../../../lib/FreeRTOS/CMSIS_RTOS_V2 -I../../../../lib/FreeRTOS/portable/GCC/ARM_CM4F -O0 -ffunction-sections -fdata-sections -Wall -fstack-usage -MMD -MP -MF"STM32F4xx_HAL_Driver/stm32f4xx_ll_rcc.d" -MT"STM32F4xx_HAL_Driver/stm32f4xx_ll_rcc.o" --specs=nano.specs -mfpu=fpv4-sp-d16 -mfloat-abi=hard -mthumb -o "STM32F4xx_HAL_Driver/stm32f4xx_ll_rcc.o"
arm-none-eabi-gcc "D:/Carrier Fair/RAD/lwow-develop/lwow-develop/examples/lib/st/STM32F4xx_HAL_Driver/Src/stm32f4xx_ll_usart.c" -mcpu=cortex-m4 -std=gnu11 -g3 '-D__weak=__attribute__((weak))' -DHSE_VALUE=8000000 '-D__packed=__attribute__((__packed__))' -DSTM32F429xx -DUSE_FULL_LL_DRIVER -c -I../../inc -I../../../../../snippets/include -I../../../../../lwow/src/include -I../../../../lib/st/CMSIS/Include -I../../../../lib/st/CMSIS/Device/ST/STM32F4xx/Include -I../../../../lib/st/STM32F4xx_HAL_Driver/Inc -I../../../../lib/FreeRTOS/include -I../../../../lib/FreeRTOS/CMSIS_RTOS_V2 -I../../../../lib/FreeRTOS/portable/GCC/ARM_CM4F -O0 -ffunction-sections -fdata-sections -Wall -fstack-usage -MMD -MP -MF"STM32F4xx_HAL_Driver/stm32f4xx_ll_usart.d" -MT"STM32F4xx_HAL_Driver/stm32f4xx_ll_usart.o" --specs=nano.specs -mfpu=fpv4-sp-d16 -mfloat-abi=hard -mthumb -o "STM32F4xx_HAL_Driver/stm32f4xx_ll_usart.o"
arm-none-eabi-gcc "D:/Carrier Fair/RAD/lwow-develop/lwow-develop/examples/lib/st/STM32F4xx_HAL_Driver/Src/stm32f4xx_ll_utils.c" -mcpu=cortex-m4 -std=gnu11 -g3 '-D__weak=__attribute__((weak))' -DHSE_VALUE=8000000 '-D__packed=__attribute__((__packed__))' -DSTM32F429xx -DUSE_FULL_LL_DRIVER -c -I../../inc -I../../../../../snippets/include -I../../../../../lwow/src/include -I../../../../lib/st/CMSIS/Include -I../../../../lib/st/CMSIS/Device/ST/STM32F4xx/Include -I../../../../lib/st/STM32F4xx_HAL_Driver/Inc -I../../../../lib/FreeRTOS/include -I../../../../lib/FreeRTOS/CMSIS_RTOS_V2 -I../../../../lib/FreeRTOS/portable/GCC/ARM_CM4F -O0 -ffunction-sections -fdata-sections -Wall -fstack-usage -MMD -MP -MF"STM32F4xx_HAL_Driver/stm32f4xx_ll_utils.d" -MT"STM32F4xx_HAL_Driver/stm32f4xx_ll_utils.o" --specs=nano.specs -mfpu=fpv4-sp-d16 -mfloat-abi=hard -mthumb -o "STM32F4xx_HAL_Driver/stm32f4xx_ll_utils.o"
arm-none-eabi-gcc "D:/Carrier Fair/RAD/lwow-develop/lwow-develop/examples/lib/FreeRTOS/CMSIS_RTOS_V2/cmsis_os2.c" -mcpu=cortex-m4 -std=gnu11 -g3 '-D__weak=__attribute__((weak))' -DHSE_VALUE=8000000 '-D__packed=__attribute__((__packed__))' -DSTM32F429xx -DUSE_FULL_LL_DRIVER -c -I../../inc -I../../../../../snippets/include -I../../../../../lwow/src/include -I../../../../lib/st/CMSIS/Include -I../../../../lib/st/CMSIS/Device/ST/STM32F4xx/Include -I../../../../lib/st/STM32F4xx_HAL_Driver/Inc -I../../../../lib/FreeRTOS/include -I../../../../lib/FreeRTOS/CMSIS_RTOS_V2 -I../../../../lib/FreeRTOS/portable/GCC/ARM_CM4F -O0 -ffunction-sections -fdata-sections -Wall -fstack-usage -MMD -MP -MF"FreeRTOS/cmsis_os2.d" -MT"FreeRTOS/cmsis_os2.o" --specs=nano.specs -mfpu=fpv4-sp-d16 -mfloat-abi=hard -mthumb -o "FreeRTOS/cmsis_os2.o"
arm-none-eabi-gcc "D:/Carrier Fair/RAD/lwow-develop/lwow-develop/examples/lib/FreeRTOS/croutine.c" -mcpu=cortex-m4 -std=gnu11 -g3 '-D__weak=__attribute__((weak))' -DHSE_VALUE=8000000 '-D__packed=__attribute__((__packed__))' -DSTM32F429xx -DUSE_FULL_LL_DRIVER -c -I../../inc -I../../../../../snippets/include -I../../../../../lwow/src/include -I../../../../lib/st/CMSIS/Include -I../../../../lib/st/CMSIS/Device/ST/STM32F4xx/Include -I../../../../lib/st/STM32F4xx_HAL_Driver/Inc -I../../../../lib/FreeRTOS/include -I../../../../lib/FreeRTOS/CMSIS_RTOS_V2 -I../../../../lib/FreeRTOS/portable/GCC/ARM_CM4F -O0 -ffunction-sections -fdata-sections -Wall -fstack-usage -MMD -MP -MF"FreeRTOS/croutine.d" -MT"FreeRTOS/croutine.o" --specs=nano.specs -mfpu=fpv4-sp-d16 -mfloat-abi=hard -mthumb -o "FreeRTOS/croutine.o"
arm-none-eabi-gcc "D:/Carrier Fair/RAD/lwow-develop/lwow-develop/examples/lib/FreeRTOS/event_groups.c" -mcpu=cortex-m4 -std=gnu11 -g3 '-D__weak=__attribute__((weak))' -DHSE_VALUE=8000000 '-D__packed=__attribute__((__packed__))' -DSTM32F429xx -DUSE_FULL_LL_DRIVER -c -I../../inc -I../../../../../snippets/include -I../../../../../lwow/src/include -I../../../../lib/st/CMSIS/Include -I../../../../lib/st/CMSIS/Device/ST/STM32F4xx/Include -I../../../../lib/st/STM32F4xx_HAL_Driver/Inc -I../../../../lib/FreeRTOS/include -I../../../../lib/FreeRTOS/CMSIS_RTOS_V2 -I../../../../lib/FreeRTOS/portable/GCC/ARM_CM4F -O0 -ffunction-sections -fdata-sections -Wall -fstack-usage -MMD -MP -MF"FreeRTOS/event_groups.d" -MT"FreeRTOS/event_groups.o" --specs=nano.specs -mfpu=fpv4-sp-d16 -mfloat-abi=hard -mthumb -o "FreeRTOS/event_groups.o"
arm-none-eabi-gcc "D:/Carrier Fair/RAD/lwow-develop/lwow-develop/examples/lib/FreeRTOS/portable/MemMang/heap_4.c" -mcpu=cortex-m4 -std=gnu11 -g3 '-D__weak=__attribute__((weak))' -DHSE_VALUE=8000000 '-D__packed=__attribute__((__packed__))' -DSTM32F429xx -DUSE_FULL_LL_DRIVER -c -I../../inc -I../../../../../snippets/include -I../../../../../lwow/src/include -I../../../../lib/st/CMSIS/Include -I../../../../lib/st/CMSIS/Device/ST/STM32F4xx/Include -I../../../../lib/st/STM32F4xx_HAL_Driver/Inc -I../../../../lib/FreeRTOS/include -I../../../../lib/FreeRTOS/CMSIS_RTOS_V2 -I../../../../lib/FreeRTOS/portable/GCC/ARM_CM4F -O0 -ffunction-sections -fdata-sections -Wall -fstack-usage -MMD -MP -MF"FreeRTOS/heap_4.d" -MT"FreeRTOS/heap_4.o" --specs=nano.specs -mfpu=fpv4-sp-d16 -mfloat-abi=hard -mthumb -o "FreeRTOS/heap_4.o"
arm-none-eabi-gcc "D:/Carrier Fair/RAD/lwow-develop/lwow-develop/examples/lib/FreeRTOS/list.c" -mcpu=cortex-m4 -std=gnu11 -g3 '-D__weak=__attribute__((weak))' -DHSE_VALUE=8000000 '-D__packed=__attribute__((__packed__))' -DSTM32F429xx -DUSE_FULL_LL_DRIVER -c -I../../inc -I../../../../../snippets/include -I../../../../../lwow/src/include -I../../../../lib/st/CMSIS/Include -I../../../../lib/st/CMSIS/Device/ST/STM32F4xx/Include -I../../../../lib/st/STM32F4xx_HAL_Driver/Inc -I../../../../lib/FreeRTOS/include -I../../../../lib/FreeRTOS/CMSIS_RTOS_V2 -I../../../../lib/FreeRTOS/portable/GCC/ARM_CM4F -O0 -ffunction-sections -fdata-sections -Wall -fstack-usage -MMD -MP -MF"FreeRTOS/list.d" -MT"FreeRTOS/list.o" --specs=nano.specs -mfpu=fpv4-sp-d16 -mfloat-abi=hard -mthumb -o "FreeRTOS/list.o"
arm-none-eabi-gcc "D:/Carrier Fair/RAD/lwow-develop/lwow-develop/examples/lib/FreeRTOS/portable/GCC/ARM_CM4F/port.c" -mcpu=cortex-m4 -std=gnu11 -g3 '-D__weak=__attribute__((weak))' -DHSE_VALUE=8000000 '-D__packed=__attribute__((__packed__))' -DSTM32F429xx -DUSE_FULL_LL_DRIVER -c -I../../inc -I../../../../../snippets/include -I../../../../../lwow/src/include -I../../../../lib/st/CMSIS/Include -I../../../../lib/st/CMSIS/Device/ST/STM32F4xx/Include -I../../../../lib/st/STM32F4xx_HAL_Driver/Inc -I../../../../lib/FreeRTOS/include -I../../../../lib/FreeRTOS/CMSIS_RTOS_V2 -I../../../../lib/FreeRTOS/portable/GCC/ARM_CM4F -O0 -ffunction-sections -fdata-sections -Wall -fstack-usage -MMD -MP -MF"FreeRTOS/port.d" -MT"FreeRTOS/port.o" --specs=nano.specs -mfpu=fpv4-sp-d16 -mfloat-abi=hard -mthumb -o "FreeRTOS/port.o"
arm-none-eabi-gcc "D:/Carrier Fair/RAD/lwow-develop/lwow-develop/examples/lib/FreeRTOS/queue.c" -mcpu=cortex-m4 -std=gnu11 -g3 '-D__weak=__attribute__((weak))' -DHSE_VALUE=8000000 '-D__packed=__attribute__((__packed__))' -DSTM32F429xx -DUSE_FULL_LL_DRIVER -c -I../../inc -I../../../../../snippets/include -I../../../../../lwow/src/include -I../../../../lib/st/CMSIS/Include -I../../../../lib/st/CMSIS/Device/ST/STM32F4xx/Include -I../../../../lib/st/STM32F4xx_HAL_Driver/Inc -I../../../../lib/FreeRTOS/include -I../../../../lib/FreeRTOS/CMSIS_RTOS_V2 -I../../../../lib/FreeRTOS/portable/GCC/ARM_CM4F -O0 -ffunction-sections -fdata-sections -Wall -fstack-usage -MMD -MP -MF"FreeRTOS/queue.d" -MT"FreeRTOS/queue.o" --specs=nano.specs -mfpu=fpv4-sp-d16 -mfloat-abi=hard -mthumb -o "FreeRTOS/queue.o"
arm-none-eabi-gcc "D:/Carrier Fair/RAD/lwow-develop/lwow-develop/examples/lib/FreeRTOS/tasks.c" -mcpu=cortex-m4 -std=gnu11 -g3 '-D__weak=__attribute__((weak))' -DHSE_VALUE=8000000 '-D__packed=__attribute__((__packed__))' -DSTM32F429xx -DUSE_FULL_LL_DRIVER -c -I../../inc -I../../../../../snippets/include -I../../../../../lwow/src/include -I../../../../lib/st/CMSIS/Include -I../../../../lib/st/CMSIS/Device/ST/STM32F4xx/Include -I../../../../lib/st/STM32F4xx_HAL_Driver/Inc -I../../../../lib/FreeRTOS/include -I../../../../lib/FreeRTOS/CMSIS_RTOS_V2 -I../../../../lib/FreeRTOS/portable/GCC/ARM_CM4F -O0 -ffunction-sections -fdata-sections -Wall -fstack-usage -MMD -MP -MF"FreeRTOS/tasks.d" -MT"FreeRTOS/tasks.o" --specs=nano.specs -mfpu=fpv4-sp-d16 -mfloat-abi=hard -mthumb -o "FreeRTOS/tasks.o"
arm-none-eabi-gcc "D:/Carrier Fair/RAD/lwow-develop/lwow-develop/examples/lib/FreeRTOS/timers.c" -mcpu=cortex-m4 -std=gnu11 -g3 '-D__weak=__attribute__((weak))' -DHSE_VALUE=8000000 '-D__packed=__attribute__((__packed__))' -DSTM32F429xx -DUSE_FULL_LL_DRIVER -c -I../../inc -I../../../../../snippets/include -I../../../../../lwow/src/include -I../../../../lib/st/CMSIS/Include -I../../../../lib/st/CMSIS/Device/ST/STM32F4xx/Include -I../../../../lib/st/STM32F4xx_HAL_Driver/Inc -I../../../../lib/FreeRTOS/include -I../../../../lib/FreeRTOS/CMSIS_RTOS_V2 -I../../../../lib/FreeRTOS/portable/GCC/ARM_CM4F -O0 -ffunction-sections -fdata-sections -Wall -fstack-usage -MMD -MP -MF"FreeRTOS/timers.d" -MT"FreeRTOS/timers.o" --specs=nano.specs -mfpu=fpv4-sp-d16 -mfloat-abi=hard -mthumb -o "FreeRTOS/timers.o"
arm-none-eabi-gcc -o "lwow_stm32f429zi_nucleo_ds18b20_rtos.elf" @"objects.list"   -mcpu=cortex-m4 -T"../Debug_STM32F429ZI_FLASH.ld" --specs=nosys.specs -Wl,-Map="lwow_stm32f429zi_nucleo_ds18b20_rtos.map" -Wl,--gc-sections -static --specs=nano.specs -mfpu=fpv4-sp-d16 -mfloat-abi=hard -mthumb -Wl,--start-group -lc -lm -Wl,--end-group
Finished building target: lwow_stm32f429zi_nucleo_ds18b20_rtos.elf
 
arm-none-eabi-size   lwow_stm32f429zi_nucleo_ds18b20_rtos.elf 
arm-none-eabi-objdump -h -S  lwow_stm32f429zi_nucleo_ds18b20_rtos.elf  > "lwow_stm32f429zi_nucleo_ds18b20_rtos.list"
   text	   data	    bss	    dec	    hex	filename
  26332	    116	  17652	  44100	   ac44	lwow_stm32f429zi_nucleo_ds18b20_rtos.elf
Finished building: default.size.stdout
 
Finished building: lwow_stm32f429zi_nucleo_ds18b20_rtos.list
 

00:14:25 Build Finished. 0 errors, 0 warnings. (took 4s.102ms)

